Component: Arm Compiler for Embedded 6.22 Tool: armlink [5ee90200]

==============================================================================

Section Cross References

    startup_stm32h533xx.o(STACK) refers (Special) to heapauxi.o(.text) for __use_two_region_memory
    startup_stm32h533xx.o(HEAP) refers (Special) to heapauxi.o(.text) for __use_two_region_memory
    startup_stm32h533xx.o(RESET) refers (Special) to heapauxi.o(.text) for __use_two_region_memory
    startup_stm32h533xx.o(RESET) refers to startup_stm32h533xx.o(STACK) for __initial_sp
    startup_stm32h533xx.o(RESET) refers to startup_stm32h533xx.o(.text) for Reset_Handler
    startup_stm32h533xx.o(RESET) refers to stm32h5xx_it.o(.text.NMI_Handler) for NMI_Handler
    startup_stm32h533xx.o(RESET) refers to stm32h5xx_it.o(.text.HardFault_Handler) for HardFault_Handler
    startup_stm32h533xx.o(RESET) refers to stm32h5xx_it.o(.text.MemManage_Handler) for MemManage_Handler
    startup_stm32h533xx.o(RESET) refers to stm32h5xx_it.o(.text.BusFault_Handler) for BusFault_Handler
    startup_stm32h533xx.o(RESET) refers to stm32h5xx_it.o(.text.UsageFault_Handler) for UsageFault_Handler
    startup_stm32h533xx.o(RESET) refers to stm32h5xx_it.o(.text.SVC_Handler) for SVC_Handler
    startup_stm32h533xx.o(RESET) refers to stm32h5xx_it.o(.text.DebugMon_Handler) for DebugMon_Handler
    startup_stm32h533xx.o(RESET) refers to stm32h5xx_it.o(.text.PendSV_Handler) for PendSV_Handler
    startup_stm32h533xx.o(RESET) refers to stm32h5xx_it.o(.text.SysTick_Handler) for SysTick_Handler
    startup_stm32h533xx.o(RESET) refers to stm32h5xx_it.o(.text.EXTI13_IRQHandler) for EXTI13_IRQHandler
    startup_stm32h533xx.o(RESET) refers to stm32h5xx_it.o(.text.USB_DRD_FS_IRQHandler) for USB_DRD_FS_IRQHandler
    startup_stm32h533xx.o(.text) refers (Special) to heapauxi.o(.text) for __use_two_region_memory
    startup_stm32h533xx.o(.text) refers to system_stm32h5xx_1.o(.text.SystemInit) for SystemInit
    startup_stm32h533xx.o(.text) refers to __main.o(!!!main) for __main
    startup_stm32h533xx.o(.text) refers to startup_stm32h533xx.o(HEAP) for Heap_Mem
    startup_stm32h533xx.o(.text) refers to startup_stm32h533xx.o(STACK) for Stack_Mem
    mcp23s17.o(.text.Matrix_IsPresent) refers to mcp23s17.o(.bss.mcp_present) for mcp_present
    mcp23s17.o(.ARM.exidx.text.Matrix_IsPresent) refers to mcp23s17.o(.text.Matrix_IsPresent) for [Anonymous Symbol]
    mcp23s17.o(.text.Matrix_GetDiag) refers to mcp23s17.o(.bss.mcp_diag) for mcp_diag
    mcp23s17.o(.ARM.exidx.text.Matrix_GetDiag) refers to mcp23s17.o(.text.Matrix_GetDiag) for [Anonymous Symbol]
    mcp23s17.o(.text.Matrix_Init) refers to mcp23s17.o(.bss.spi_handle) for spi_handle
    mcp23s17.o(.text.Matrix_Init) refers to mcp23s17.o(.bss.mcp_present) for mcp_present
    mcp23s17.o(.text.Matrix_Init) refers to mcp23s17.o(.bss.mcp_diag) for mcp_diag
    mcp23s17.o(.text.Matrix_Init) refers to mcp23s17.o(.bss.matrix_locked) for matrix_locked
    mcp23s17.o(.text.Matrix_Init) refers to mcp23s17.o(.bss.matrix_lock_time_ms) for matrix_lock_time_ms
    mcp23s17.o(.text.Matrix_Init) refers to mcp23s17.o(.bss.row_shift) for row_shift
    mcp23s17.o(.text.Matrix_Init) refers to mcp23s17.o(.bss.col_shift) for col_shift
    mcp23s17.o(.text.Matrix_Init) refers to mcp23s17.o(.data.cols_on_porta) for cols_on_porta
    mcp23s17.o(.text.Matrix_Init) refers to stm32h5xx_hal_spi.o(.text.HAL_SPI_DeInit) for HAL_SPI_DeInit
    mcp23s17.o(.text.Matrix_Init) refers to stm32h5xx_hal_gpio.o(.text.HAL_GPIO_Init) for HAL_GPIO_Init
    mcp23s17.o(.text.Matrix_Init) refers to stm32h5xx_hal_gpio.o(.text.HAL_GPIO_ReadPin) for HAL_GPIO_ReadPin
    mcp23s17.o(.text.Matrix_Init) refers to usbd.o(.text.tud_mounted) for tud_mounted
    mcp23s17.o(.text.Matrix_Init) refers to midi_device.o(.text.tud_midi_n_stream_write) for tud_midi_n_stream_write
    mcp23s17.o(.text.Matrix_Init) refers to mcp23s17.o(.bss.mcp_hw_addr) for mcp_hw_addr
    mcp23s17.o(.text.Matrix_Init) refers to mcp23s17.o(.text.MCP_Probe_Config) for MCP_Probe_Config
    mcp23s17.o(.text.Matrix_Init) refers to mcp23s17.o(.text.MCP_Configure_Matrix) for MCP_Configure_Matrix
    mcp23s17.o(.text.Matrix_Init) refers to mcp23s17.o(.text.SendDebug) for SendDebug
    mcp23s17.o(.ARM.exidx.text.Matrix_Init) refers to mcp23s17.o(.text.Matrix_Init) for [Anonymous Symbol]
    mcp23s17.o(.text.MCP_Probe_Config) refers to mcp23s17.o(.bss.spi_handle) for spi_handle
    mcp23s17.o(.text.MCP_Probe_Config) refers to stm32h5xx_hal_spi.o(.text.HAL_SPI_DeInit) for HAL_SPI_DeInit
    mcp23s17.o(.text.MCP_Probe_Config) refers to stm32h5xx_hal_spi.o(.text.HAL_SPI_Init) for HAL_SPI_Init
    mcp23s17.o(.text.MCP_Probe_Config) refers to mcp23s17.o(.text.MCP_Write) for MCP_Write
    mcp23s17.o(.text.MCP_Probe_Config) refers to mcp23s17.o(.text.MCP_Read) for MCP_Read
    mcp23s17.o(.ARM.exidx.text.MCP_Probe_Config) refers to mcp23s17.o(.text.MCP_Probe_Config) for [Anonymous Symbol]
[...]
    __rt_lib_shutdown_user_alloc_1           0x080002ff   Thumb Code     0  libshutdown2.o(.ARM.Collect$$libshutdown$$0000000C)
    __rt_entry                               0x08000301   Thumb Code     0  __rtentry.o(.ARM.Collect$$rtentry$$00000000)
    __rt_entry_presh_1                       0x08000301   Thumb Code     0  __rtentry2.o(.ARM.Collect$$rtentry$$00000002)
    __rt_entry_sh                            0x08000301   Thumb Code     0  __rtentry4.o(.ARM.Collect$$rtentry$$00000004)
    __rt_entry_li                            0x08000307   Thumb Code     0  __rtentry2.o(.ARM.Collect$$rtentry$$0000000A)
    __rt_entry_postsh_1                      0x08000307   Thumb Code     0  __rtentry2.o(.ARM.Collect$$rtentry$$00000009)
    __rt_entry_main                          0x0800030b   Thumb Code     0  __rtentry2.o(.ARM.Collect$$rtentry$$0000000D)
    __rt_entry_postli_1                      0x0800030b   Thumb Code     0  __rtentry2.o(.ARM.Collect$$rtentry$$0000000C)
    __rt_exit                                0x08000313   Thumb Code     0  rtexit.o(.ARM.Collect$$rtexit$$00000000)
    __rt_exit_ls                             0x08000315   Thumb Code     0  rtexit2.o(.ARM.Collect$$rtexit$$00000003)
    __rt_exit_prels_1                        0x08000315   Thumb Code     0  rtexit2.o(.ARM.Collect$$rtexit$$00000002)
    __rt_exit_exit                           0x08000319   Thumb Code     0  rtexit2.o(.ARM.Collect$$rtexit$$00000004)
    Reset_Handler                            0x08000321   Thumb Code     8  startup_stm32h533xx.o(.text)
    SecureFault_Handler                      0x08000333   Thumb Code     2  startup_stm32h533xx.o(.text)
    ADC1_IRQHandler                          0x0800033d   Thumb Code     0  startup_stm32h533xx.o(.text)
    ADC2_IRQHandler                          0x0800033d   Thumb Code     0  startup_stm32h533xx.o(.text)
    AES_IRQHandler                           0x0800033d   Thumb Code     0  startup_stm32h533xx.o(.text)
    CEC_IRQHandler                           0x0800033d   Thumb Code     0  startup_stm32h533xx.o(.text)
    CRS_IRQHandler                           0x0800033d   Thumb Code     0  startup_stm32h533xx.o(.text)
    DAC1_IRQHandler                          0x0800033d   Thumb Code     0  startup_stm32h533xx.o(.text)
    DCACHE1_IRQHandler                       0x0800033d   Thumb Code     0  startup_stm32h533xx.o(.text)
    DCMI_PSSI_IRQHandler                     0x0800033d   Thumb Code     0  startup_stm32h533xx.o(.text)
    DTS_IRQHandler                           0x0800033d   Thumb Code     0  startup_stm32h533xx.o(.text)
    EXTI0_IRQHandler                         0x0800033d   Thumb Code     0  startup_stm32h533xx.o(.text)
    EXTI10_IRQHandler                        0x0800033d   Thumb Code     0  startup_stm32h533xx.o(.text)
    EXTI11_IRQHandler                        0x0800033d   Thumb Code     0  startup_stm32h533xx.o(.text)
    EXTI12_IRQHandler                        0x0800033d   Thumb Code     0  startup_stm32h533xx.o(.text)
    EXTI14_IRQHandler                        0x0800033d   Thumb Code     0  startup_stm32h533xx.o(.text)
    EXTI15_IRQHandler                        0x0800033d   Thumb Code     0  startup_stm32h533xx.o(.text)
    EXTI1_IRQHandler                         0x0800033d   Thumb Code     0  startup_stm32h533xx.o(.text)
    EXTI2_IRQHandler                         0x0800033d   Thumb Code     0  startup_stm32h533xx.o(.text)
    EXTI3_IRQHandler                         0x0800033d   Thumb Code     0  startup_stm32h533xx.o(.text)
    EXTI4_IRQHandler                         0x0800033d   Thumb Code     0  startup_stm32h533xx.o(.text)
    EXTI5_IRQHandler                         0x0800033d   Thumb Code     0  startup_stm32h533xx.o(.text)
    EXTI6_IRQHandler                         0x0800033d   Thumb Code     0  startup_stm32h533xx.o(.text)
    EXTI7_IRQHandler                         0x0800033d   Thumb Code     0  startup_stm32h533xx.o(.text)
    EXTI8_IRQHandler                         0x0800033d   Thumb Code     0  startup_stm32h533xx.o(.text)
    EXTI9_IRQHandler                         0x0800033d   Thumb Code     0  startup_stm32h533xx.o(.text)
    FDCAN1_IT0_IRQHandler                    0x0800033d   Thumb Code     0  startup_stm32h533xx.o(.text)
    FDCAN1_IT1_IRQHandler                    0x0800033d   Thumb Code     0  startup_stm32h533xx.o(.text)
    FDCAN2_IT0_IRQHandler                    0x0800033d   Thumb Code     0  startup_stm32h533xx.o(.text)
    FDCAN2_IT1_IRQHandler                    0x0800033d   Thumb Code     0  startup_stm32h533xx.o(.text)
    FLASH_IRQHandler                         0x0800033d   Thumb Code     0  startup_stm32h533xx.o(.text)
    FLASH_S_IRQHandler                       0x0800033d   Thumb Code     0  startup_stm32h533xx.o(.text)
    FMC_IRQHandler                           0x0800033d   Thumb Code     0  startup_stm32h533xx.o(.text)
    FPU_IRQHandler                           0x0800033d   Thumb Code     0  startup_stm32h533xx.o(.text)
    GPDMA1_Channel0_IRQHandler               0x0800033d   Thumb Code     0  startup_stm32h533xx.o(.text)
    GPDMA1_Channel1_IRQHandler               0x0800033d   Thumb Code     0  startup_stm32h533xx.o(.text)
    GPDMA1_Channel2_IRQHandler               0x0800033d   Thumb Code     0  startup_stm32h533xx.o(.text)
    GPDMA1_Channel3_IRQHandler               0x0800033d   Thumb Code     0  startup_stm32h533xx.o(.text)
    GPDMA1_Channel4_IRQHandler               0x0800033d   Thumb Code     0  startup_stm32h533xx.o(.text)
    GPDMA1_Channel5_IRQHandler               0x0800033d   Thumb Code     0  startup_stm32h533xx.o(.text)
    GPDMA1_Channel6_IRQHandler               0x0800033d   Thumb Code     0  startup_stm32h533xx.o(.text)
    GPDMA1_Channel7_IRQHandler               0x0800033d   Thumb Code     0  startup_stm32h533xx.o(.text)
    GPDMA2_Channel0_IRQHandler               0x0800033d   Thumb Code     0  startup_stm32h533xx.o(.text)
    GPDMA2_Channel1_IRQHandler               0x0800033d   Thumb Code     0  startup_stm32h533xx.o(.text)
    GPDMA2_Channel2_IRQHandler               0x0800033d   Thumb Code     0  startup_stm32h533xx.o(.text)
    GPDMA2_Channel3_IRQHandler               0x0800033d   Thumb Code     0  startup_stm32h533xx.o(.text)
    GPDMA2_Channel4_IRQHandler               0x0800033d   Thumb Code     0  startup_stm32h533xx.o(.text)
    GPDMA2_Channel5_IRQHandler               0x0800033d   Thumb Code     0  startup_stm32h533xx.o(.text)
    GPDMA2_Channel6_IRQHandler               0x0800033d   Thumb Code     0  startup_stm32h533xx.o(.text)
    GPDMA2_Channel7_IRQHandler               0x0800033d   Thumb Code     0  startup_stm32h533xx.o(.text)
    GTZC_IRQHandler                          0x0800033d   Thumb Code     0  startup_stm32h533xx.o(.text)
    HASH_IRQHandler                          0x0800033d   Thumb Code     0  startup_stm32h533xx.o(.text)
    I2C1_ER_IRQHandler                       0x0800033d   Thumb Code     0  startup_stm32h533xx.o(.text)
    I2C1_EV_IRQHandler                       0x0800033d   Thumb Code     0  startup_stm32h533xx.o(.text)
    I2C2_ER_IRQHandler                       0x0800033d   Thumb Code     0  startup_stm32h533xx.o(.text)
    I2C2_EV_IRQHandler                       0x0800033d   Thumb Code     0  startup_stm32h533xx.o(.text)
    I2C3_ER_IRQHandler                       0x0800033d   Thumb Code     0  startup_stm32h533xx.o(.text)
    I2C3_EV_IRQHandler                       0x0800033d   Thumb Code     0  startup_stm32h533xx.o(.text)
    I3C1_ER_IRQHandler                       0x0800033d   Thumb Code     0  startup_stm32h533xx.o(.text)
    I3C1_EV_IRQHandler                       0x0800033d   Thumb Code     0  startup_stm32h533xx.o(.text)
    I3C2_ER_IRQHandler                       0x0800033d   Thumb Code     0  startup_stm32h533xx.o(.text)
    I3C2_EV_IRQHandler                       0x0800033d   Thumb Code     0  startup_stm32h533xx.o(.text)
    ICACHE_IRQHandler                        0x0800033d   Thumb Code     0  startup_stm32h533xx.o(.text)
    IWDG_IRQHandler                          0x0800033d   Thumb Code     0  startup_stm32h533xx.o(.text)
    LPTIM1_IRQHandler                        0x0800033d   Thumb Code     0  startup_stm32h533xx.o(.text)
    LPTIM2_IRQHandler                        0x0800033d   Thumb Code     0  startup_stm32h533xx.o(.text)
    LPUART1_IRQHandler                       0x0800033d   Thumb Code     0  startup_stm32h533xx.o(.text)
    OCTOSPI1_IRQHandler                      0x0800033d   Thumb Code     0  startup_stm32h533xx.o(.text)
    OTFDEC1_IRQHandler                       0x0800033d   Thumb Code     0  startup_stm32h533xx.o(.text)
    PKA_IRQHandler                           0x0800033d   Thumb Code     0  startup_stm32h533xx.o(.text)
    PVD_AVD_IRQHandler                       0x0800033d   Thumb Code     0  startup_stm32h533xx.o(.text)
    RAMCFG_IRQHandler                        0x0800033d   Thumb Code     0  startup_stm32h533xx.o(.text)
    RCC_IRQHandler                           0x0800033d   Thumb Code     0  startup_stm32h533xx.o(.text)
    RCC_S_IRQHandler                         0x0800033d   Thumb Code     0  startup_stm32h533xx.o(.text)
    RNG_IRQHandler                           0x0800033d   Thumb Code     0  startup_stm32h533xx.o(.text)
    RTC_IRQHandler                           0x0800033d   Thumb Code     0  startup_stm32h533xx.o(.text)
    RTC_S_IRQHandler                         0x0800033d   Thumb Code     0  startup_stm32h533xx.o(.text)
    SAES_IRQHandler                          0x0800033d   Thumb Code     0  startup_stm32h533xx.o(.text)
    SDMMC1_IRQHandler                        0x0800033d   Thumb Code     0  startup_stm32h533xx.o(.text)
    SPI1_IRQHandler                          0x0800033d   Thumb Code     0  startup_stm32h533xx.o(.text)
    SPI2_IRQHandler                          0x0800033d   Thumb Code     0  startup_stm32h533xx.o(.text)
    SPI3_IRQHandler                          0x0800033d   Thumb Code     0  startup_stm32h533xx.o(.text)
    SPI4_IRQHandler                          0x0800033d   Thumb Code     0  startup_stm32h533xx.o(.text)
    TAMP_IRQHandler                          0x0800033d   Thumb Code     0  startup_stm32h533xx.o(.text)
    TIM12_IRQHandler                         0x0800033d   Thumb Code     0  startup_stm32h533xx.o(.text)
    TIM15_IRQHandler                         0x0800033d   Thumb Code     0  startup_stm32h533xx.o(.text)
    TIM1_BRK_IRQHandler                      0x0800033d   Thumb Code     0  startup_stm32h533xx.o(.text)
    TIM1_CC_IRQHandler                       0x0800033d   Thumb Code     0  startup_stm32h533xx.o(.text)
    TIM1_TRG_COM_IRQHandler                  0x0800033d   Thumb Code     0  startup_stm32h533xx.o(.text)
    TIM1_UP_IRQHandler                       0x0800033d   Thumb Code     0  startup_stm32h533xx.o(.text)
    TIM2_IRQHandler                          0x0800033d   Thumb Code     0  startup_stm32h533xx.o(.text)
    TIM3_IRQHandler                          0x0800033d   Thumb Code     0  startup_stm32h533xx.o(.text)
    TIM4_IRQHandler                          0x0800033d   Thumb Code     0  startup_stm32h533xx.o(.text)
    TIM5_IRQHandler                          0x0800033d   Thumb Code     0  startup_stm32h533xx.o(.text)
    TIM6_IRQHandler                          0x0800033d   Thumb Code     0  startup_stm32h533xx.o(.text)
    TIM7_IRQHandler                          0x0800033d   Thumb Code     0  startup_stm32h533xx.o(.text)
    TIM8_BRK_IRQHandler                      0x0800033d   Thumb Code     0  startup_stm32h533xx.o(.text)
    TIM8_CC_IRQHandler                       0x0800033d   Thumb Code     0  startup_stm32h533xx.o(.text)
    TIM8_TRG_COM_IRQHandler                  0x0800033d   Thumb Code     0  startup_stm32h533xx.o(.text)
    TIM8_UP_IRQHandler                       0x0800033d   Thumb Code     0  startup_stm32h533xx.o(.text)
    UART4_IRQHandler                         0x0800033d   Thumb Code     0  startup_stm32h533xx.o(.text)
    UART5_IRQHandler                         0x0800033d   Thumb Code     0  startup_stm32h533xx.o(.text)
    UCPD1_IRQHandler                         0x0800033d   Thumb Code     0  startup_stm32h533xx.o(.text)
    USART1_IRQHandler                        0x0800033d   Thumb Code     0  startup_stm32h533xx.o(.text)
    USART2_IRQHandler                        0x0800033d   Thumb Code     0  startup_stm32h533xx.o(.text)
    USART3_IRQHandler                        0x0800033d   Thumb Code     0  startup_stm32h533xx.o(.text)
    USART6_IRQHandler                        0x0800033d   Thumb Code     0  startup_stm32h533xx.o(.text)
    WWDG_IRQHandler                          0x0800033d   Thumb Code     0  startup_stm32h533xx.o(.text)
    __user_initial_stackheap                 0x08000341   Thumb Code    10  startup_stm32h533xx.o(.text)
    __aeabi_uldivmod                         0x08000365   Thumb Code     0  lludivv7m.o(.text)
    _ll_udiv                                 0x08000365   Thumb Code   240  lludivv7m.o(.text)
    strlen                                   0x08000455   Thumb Code    62  strlen.o(.text)
    __aeabi_memcpy                           0x08000493   Thumb Code     0  rt_memcpy_v6.o(.text)
    __rt_memcpy                              0x08000493   Thumb Code   138  rt_memcpy_v6.o(.text)
    _memcpy_lastbytes                        0x080004f9   Thumb Code     0  rt_memcpy_v6.o(.text)
    __aeabi_memclr                           0x0800051d   Thumb Code     0  rt_memclr.o(.text)
    __rt_memclr                              0x0800051d   Thumb Code     0  rt_memclr.o(.text)
    _memset                                  0x08000521   Thumb Code    64  rt_memclr.o(.text)
    __aeabi_memclr4                          0x08000561   Thumb Code     0  rt_memclr_w.o(.text)
    __aeabi_memclr8                          0x08000561   Thumb Code     0  rt_memclr_w.o(.text)
    __rt_memclr_w                            0x08000561   Thumb Code     0  rt_memclr_w.o(.text)
    _memset_w                                0x08000565   Thumb Code    74  rt_memclr_w.o(.text)
    __use_two_region_memory                  0x080005af   Thumb Code     2  heapauxi.o(.text)
    __rt_heap_escrow$2region                 0x080005b1   Thumb Code     2  heapauxi.o(.text)
    __rt_heap_expand$2region                 0x080005b3   Thumb Code     2  heapauxi.o(.text)
    __aeabi_memcpy4                          0x080005b5   Thumb Code     0  rt_memcpy_w.o(.text)
    __aeabi_memcpy8                          0x080005b5   Thumb Code     0  rt_memcpy_w.o(.text)
    __rt_memcpy_w                            0x080005b5   Thumb Code   100  rt_memcpy_w.o(.text)
    _memcpy_lastbytes_aligned                0x080005fd   Thumb Code     0  rt_memcpy_w.o(.text)
    __user_setup_stackheap                   0x08000619   Thumb Code    74  sys_stackheap_outer.o(.text)
    exit                                     0x08000663   Thumb Code    18  exit.o(.text)
    __user_libspace                          0x08000675   Thumb Code     8  libspace.o(.text)
    __user_perproc_libspace                  0x08000675   Thumb Code     0  libspace.o(.text)
    __user_perthread_libspace                0x08000675   Thumb Code     0  libspace.o(.text)
    _sys_exit                                0x0800067d   Thumb Code     8  sys_exit.o(.text)
    __I$use$semihosting                      0x08000689   Thumb Code     0  use_no_semi.o(.text)
    __use_no_semihosting_swi                 0x08000689   Thumb Code     2  use_no_semi.o(.text)
    __semihosting_library_function           0x0800068b   Thumb Code     0  indicate_semi.o(.text)
    BSP_COM_Init                             0x0800068d   Thumb Code    96  stm32h5xx_nucleo.o(.text.BSP_COM_Init)
    BSP_PB_Callback                          0x080006ed   Thumb Code    10  stm32h5xx_nucleo.o(.text.BSP_PB_Callback)
    BSP_PB_IRQHandler                        0x080006f9   Thumb Code    36  stm32h5xx_nucleo.o(.text.BSP_PB_IRQHandler)
    BSP_PB_Init                              0x0800071d   Thumb Code   262  stm32h5xx_nucleo.o(.text.BSP_PB_Init)
    BusFault_Handler                         0x08000831   Thumb Code     4  stm32h5xx_it.o(.text.BusFault_Handler)
    DebugMon_Handler                         0x080008d9   Thumb Code     2  stm32h5xx_it.o(.text.DebugMon_Handler)
    EXTI13_IRQHandler                        0x080008dd   Thumb Code    10  stm32h5xx_it.o(.text.EXTI13_IRQHandler)
    Error_Handler                            0x080008e9   Thumb Code     6  main.o(.text.Error_Handler)
    HAL_EXTI_GetHandle                       0x080008f1   Thumb Code    42  stm32h5xx_hal_exti.o(.text.HAL_EXTI_GetHandle)
    HAL_EXTI_IRQHandler                      0x0800091d   Thumb Code   146  stm32h5xx_hal_exti.o(.text.HAL_EXTI_IRQHandler)
    HAL_EXTI_RegisterCallback                0x080009b1   Thumb Code    90  stm32h5xx_hal_exti.o(.text.HAL_EXTI_RegisterCallback)
    HAL_GPIO_DeInit                          0x08000a0d   Thumb Code   334  stm32h5xx_hal_gpio.o(.text.HAL_GPIO_DeInit)
    HAL_GPIO_Init                            0x08000b5d   Thumb Code   746  stm32h5xx_hal_gpio.o(.text.HAL_GPIO_Init)
    HAL_GPIO_ReadPin                         0x08000e49   Thumb Code    46  stm32h5xx_hal_gpio.o(.text.HAL_GPIO_ReadPin)
    HAL_GPIO_TogglePin                       0x08000e79   Thumb Code    38  stm32h5xx_hal_gpio.o(.text.HAL_GPIO_TogglePin)
    HAL_GPIO_WritePin                        0x08000ea1   Thumb Code    44  stm32h5xx_hal_gpio.o(.text.HAL_GPIO_WritePin)
    HAL_GetTick                              0x08000ecd   Thumb Code    12  stm32h5xx_hal.o(.text.HAL_GetTick)
    HAL_ICACHE_ConfigAssociativityMode       0x08000ed9   Thumb Code    64  stm32h5xx_hal_icache.o(.text.HAL_ICACHE_ConfigAssociativityMode)
    HAL_ICACHE_Enable                        0x08000f19   Thumb Code    20  stm32h5xx_hal_icache.o(.text.HAL_ICACHE_Enable)
    HAL_IncTick                              0x08000f2d   Thumb Code    26  stm32h5xx_hal.o(.text.HAL_IncTick)
    HAL_Init                                 0x08000f49   Thumb Code    94  stm32h5xx_hal.o(.text.HAL_Init)
    HAL_InitTick                             0x08000fa9   Thumb Code   276  stm32h5xx_hal.o(.text.HAL_InitTick)
    HAL_MspInit                              0x080010bd   Thumb Code     2  stm32h5xx_hal_msp.o(.text.HAL_MspInit)
    HAL_NVIC_EnableIRQ                       0x080010c1   Thumb Code    20  stm32h5xx_hal_cortex.o(.text.HAL_NVIC_EnableIRQ)
    HAL_NVIC_SetPriority                     0x080010d5   Thumb Code    46  stm32h5xx_hal_cortex.o(.text.HAL_NVIC_SetPriority)
    HAL_NVIC_SetPriorityGrouping             0x08001105   Thumb Code    16  stm32h5xx_hal_cortex.o(.text.HAL_NVIC_SetPriorityGrouping)
    HAL_PCDEx_ActivateLPM                    0x08001115   Thumb Code    50  stm32h5xx_hal_pcd_ex.o(.text.HAL_PCDEx_ActivateLPM)
    HAL_PCDEx_LPM_Callback                   0x08001149   Thumb Code    12  stm32h5xx_hal_pcd_ex.o(.text.HAL_PCDEx_LPM_Callback)
    HAL_PCD_DataInStageCallback              0x08001155   Thumb Code    12  stm32h5xx_hal_pcd.o(.text.HAL_PCD_DataInStageCallback)
    HAL_PCD_DataOutStageCallback             0x08001161   Thumb Code    12  stm32h5xx_hal_pcd.o(.text.HAL_PCD_DataOutStageCallback)
    HAL_PCD_IRQHandler                       0x08001aa1   Thumb Code   446  stm32h5xx_hal_pcd.o(.text.HAL_PCD_IRQHandler)
    HAL_PCD_Init                             0x08001c61   Thumb Code   554  stm32h5xx_hal_pcd.o(.text.HAL_PCD_Init)
    HAL_PCD_MspInit                          0x08001e8d   Thumb Code   118  stm32h5xx_hal_msp.o(.text.HAL_PCD_MspInit)
    HAL_PCD_ResetCallback                    0x08001f05   Thumb Code     8  stm32h5xx_hal_pcd.o(.text.HAL_PCD_ResetCallback)
    HAL_PCD_ResumeCallback                   0x08001f0d   Thumb Code     8  stm32h5xx_hal_pcd.o(.text.HAL_PCD_ResumeCallback)
    HAL_PCD_SOFCallback                      0x08001f15   Thumb Code     8  stm32h5xx_hal_pcd.o(.text.HAL_PCD_SOFCallback)
    HAL_PCD_SetAddress                       0x08001f1d   Thumb Code    92  stm32h5xx_hal_pcd.o(.text.HAL_PCD_SetAddress)
    HAL_PCD_SetupStageCallback               0x08001f79   Thumb Code     8  stm32h5xx_hal_pcd.o(.text.HAL_PCD_SetupStageCallback)
    HAL_PCD_SuspendCallback                  0x08001f81   Thumb Code     8  stm32h5xx_hal_pcd.o(.text.HAL_PCD_SuspendCallback)
    HAL_PWREx_EnableVddUSB                   0x08001f89   Thumb Code    18  stm32h5xx_hal_pwr_ex.o(.text.HAL_PWREx_EnableVddUSB)
    HAL_RCCEx_GetPLL1ClockFreq               0x08001f9d   Thumb Code   748  stm32h5xx_hal_rcc_ex.o(.text.HAL_RCCEx_GetPLL1ClockFreq)
    HAL_RCCEx_GetPLL2ClockFreq               0x08002295   Thumb Code   748  stm32h5xx_hal_rcc_ex.o(.text.HAL_RCCEx_GetPLL2ClockFreq)
    HAL_RCCEx_GetPLL3ClockFreq               0x0800258d   Thumb Code   748  stm32h5xx_hal_rcc_ex.o(.text.HAL_RCCEx_GetPLL3ClockFreq)
    HAL_RCCEx_GetPeriphCLKFreq               0x08002885   Thumb Code  6082  stm32h5xx_hal_rcc_ex.o(.text.HAL_RCCEx_GetPeriphCLKFreq)
    HAL_RCCEx_PeriphCLKConfig                0x08004049   Thumb Code  3998  stm32h5xx_hal_rcc_ex.o(.text.HAL_RCCEx_PeriphCLKConfig)
    HAL_RCC_ClockConfig                      0x08004fe9   Thumb Code  1172  stm32h5xx_hal_rcc.o(.text.HAL_RCC_ClockConfig)
    HAL_RCC_GetHCLKFreq                      0x0800547d   Thumb Code    52  stm32h5xx_hal_rcc.o(.text.HAL_RCC_GetHCLKFreq)
    HAL_RCC_GetPCLK1Freq                     0x080054b1   Thumb Code    38  stm32h5xx_hal_rcc.o(.text.HAL_RCC_GetPCLK1Freq)
    HAL_RCC_GetPCLK2Freq                     0x080054d9   Thumb Code    38  stm32h5xx_hal_rcc.o(.text.HAL_RCC_GetPCLK2Freq)
    HAL_RCC_GetPCLK3Freq                     0x08005501   Thumb Code    38  stm32h5xx_hal_rcc.o(.text.HAL_RCC_GetPCLK3Freq)
    HAL_RCC_GetSysClockFreq                  0x08005529   Thumb Code   700  stm32h5xx_hal_rcc.o(.text.HAL_RCC_GetSysClockFreq)
    HAL_RCC_OscConfig                        0x080057f5   Thumb Code  2556  stm32h5xx_hal_rcc.o(.text.HAL_RCC_OscConfig)
    HAL_SPI_DeInit                           0x080061f1   Thumb Code    88  stm32h5xx_hal_spi.o(.text.HAL_SPI_DeInit)
    HAL_SPI_Init                             0x08006249   Thumb Code   688  stm32h5xx_hal_spi.o(.text.HAL_SPI_Init)
    HAL_SPI_MspDeInit                        0x080064f9   Thumb Code    58  stm32h5xx_hal_msp.o(.text.HAL_SPI_MspDeInit)
    HAL_SPI_MspInit                          0x08006535   Thumb Code   254  stm32h5xx_hal_msp.o(.text.HAL_SPI_MspInit)
    HAL_SPI_Transmit                         0x08006635   Thumb Code  1144  stm32h5xx_hal_spi.o(.text.HAL_SPI_Transmit)
    HAL_SPI_TransmitReceive                  0x08006aad   Thumb Code  2000  stm32h5xx_hal_spi.o(.text.HAL_SPI_TransmitReceive)
    HAL_SYSTICK_CLKSourceConfig              0x0800727d   Thumb Code   154  stm32h5xx_hal_cortex.o(.text.HAL_SYSTICK_CLKSourceConfig)
    HAL_SYSTICK_Config                       0x08007319   Thumb Code    74  stm32h5xx_hal_cortex.o(.text.HAL_SYSTICK_Config)
    HAL_SYSTICK_GetCLKSourceConfig           0x08007365   Thumb Code    98  stm32h5xx_hal_cortex.o(.text.HAL_SYSTICK_GetCLKSourceConfig)
    HAL_UART_Init                            0x080073c9   Thumb Code   170  stm32h5xx_hal_uart.o(.text.HAL_UART_Init)
    HAL_UART_MspInit                         0x08007475   Thumb Code     8  stm32h5xx_hal_uart.o(.text.HAL_UART_MspInit)
    HardFault_Handler                        0x0800747d   Thumb Code     4  stm32h5xx_it.o(.text.HardFault_Handler)
    MX_USART_Init                            0x080078bd   Thumb Code    92  stm32h5xx_nucleo.o(.text.MX_USART_Init)
    Matrix_GetDiag                           0x0800795d   Thumb Code    12  mcp23s17.o(.text.Matrix_GetDiag)
    Matrix_Init                              0x08007969   Thumb Code   890  mcp23s17.o(.text.Matrix_Init)
    Matrix_IsPresent                         0x08007ce5   Thumb Code    16  mcp23s17.o(.text.Matrix_IsPresent)
    Matrix_Scan                              0x08007df9   Thumb Code  1278  mcp23s17.o(.text.Matrix_Scan)
    MemManage_Handler                        0x08008511   Thumb Code     4  stm32h5xx_it.o(.text.MemManage_Handler)
    NMI_Handler                              0x08008515   Thumb Code     4  stm32h5xx_it.o(.text.NMI_Handler)
    PendSV_Handler                           0x08008c35   Thumb Code     2  stm32h5xx_it.o(.text.PendSV_Handler)
    PeriphCommonClock_Config                 0x08008c39   Thumb Code    46  main.o(.text.PeriphCommonClock_Config)
    SVC_Handler                              0x080090ed   Thumb Code     2  stm32h5xx_it.o(.text.SVC_Handler)
    SysTick_Handler                          0x080091c9   Thumb Code     8  stm32h5xx_it.o(.text.SysTick_Handler)
    SystemClock_Config                       0x080091d1   Thumb Code   176  main.o(.text.SystemClock_Config)
    SystemInit                               0x08009281   Thumb Code   310  system_stm32h5xx_1.o(.text.SystemInit)
    UART_AdvFeatureConfig                    0x080093b9   Thumb Code   328  stm32h5xx_hal_uart.o(.text.UART_AdvFeatureConfig)
    UART_CheckIdleState                      0x08009501   Thumb Code   326  stm32h5xx_hal_uart.o(.text.UART_CheckIdleState)
    UART_SetConfig                           0x080096e9   Thumb Code   884  stm32h5xx_hal_uart.o(.text.UART_SetConfig)
    UART_WaitOnFlagUntilTimeout              0x08009a5d   Thumb Code   268  stm32h5xx_hal_uart.o(.text.UART_WaitOnFlagUntilTimeout)
    USB_CoreInit                             0x08009b69   Thumb Code    88  stm32h5xx_ll_usb.o(.text.USB_CoreInit)
    USB_DRD_FS_IRQHandler                    0x08009be1   Thumb Code    22  stm32h5xx_it.o(.text.USB_DRD_FS_IRQHandler)
    USB_DevDisconnect                        0x08009bf9   Thumb Code    20  stm32h5xx_ll_usb.o(.text.USB_DevDisconnect)
    USB_DevInit                              0x08009c0d   Thumb Code    86  stm32h5xx_ll_usb.o(.text.USB_DevInit)
    USB_DisableGlobalInt                     0x08009c65   Thumb Code    26  stm32h5xx_ll_usb.o(.text.USB_DisableGlobalInt)
    USB_EPStartXfer                          0x08009c81   Thumb Code  2644  stm32h5xx_ll_usb.o(.text.USB_EPStartXfer)
    USB_ReadInterrupts                       0x0800a6d5   Thumb Code    16  stm32h5xx_ll_usb.o(.text.USB_ReadInterrupts)
    USB_ReadPMA                              0x0800a6e5   Thumb Code   202  stm32h5xx_ll_usb.o(.text.USB_ReadPMA)
    USB_SetCurrentMode                       0x0800a7b1   Thumb Code    76  stm32h5xx_ll_usb.o(.text.USB_SetCurrentMode)
    USB_SetDevAddress                        0x0800a7fd   Thumb Code    30  stm32h5xx_ll_usb.o(.text.USB_SetDevAddress)
    USB_WritePMA                             0x0800a81d   Thumb Code   210  stm32h5xx_ll_usb.o(.text.USB_WritePMA)
    UsageFault_Handler                       0x0800a8f1   Thumb Code     4  stm32h5xx_it.o(.text.UsageFault_Handler)
    btable_set_rx_bufsize                    0x0800aa81   Thumb Code   120  fsdev_common.o(.text.btable_set_rx_bufsize)
    dcd_connect                              0x0800ad89   Thumb Code    34  dcd_stm32_fsdev.o(.text.dcd_connect)
    dcd_edpt0_status_complete                0x0800adad   Thumb Code    84  dcd_stm32_fsdev.o(.text.dcd_edpt0_status_complete)
    dcd_edpt_clear_stall                     0x0800ae01   Thumb Code   458  dcd_stm32_fsdev.o(.text.dcd_edpt_clear_stall)
    dcd_edpt_close_all                       0x0800afcd   Thumb Code   274  dcd_stm32_fsdev.o(.text.dcd_edpt_close_all)
    dcd_edpt_open                            0x0800b0e1   Thumb Code   754  dcd_stm32_fsdev.o(.text.dcd_edpt_open)
    dcd_edpt_stall                           0x0800b3d5   Thumb Code   380  dcd_stm32_fsdev.o(.text.dcd_edpt_stall)
    dcd_edpt_xfer                            0x0800b551   Thumb Code   150  dcd_stm32_fsdev.o(.text.dcd_edpt_xfer)
    dcd_edpt_xfer_fifo                       0x0800b5e9   Thumb Code   150  dcd_stm32_fsdev.o(.text.dcd_edpt_xfer_fifo)
    dcd_event_handler                        0x0800b869   Thumb Code  1440  usbd.o(.text.dcd_event_handler)
    dcd_init                                 0x0800be09   Thumb Code    56  dcd_stm32_fsdev.o(.text.dcd_init)
    dcd_int_disable                          0x0800be41   Thumb Code    70  dcd_stm32_fsdev.o(.text.dcd_int_disable)
    dcd_int_enable                           0x0800be89   Thumb Code    78  dcd_stm32_fsdev.o(.text.dcd_int_enable)
    dcd_int_handler                          0x0800bed9   Thumb Code  1172  dcd_stm32_fsdev.o(.text.dcd_int_handler)
    dcd_set_address                          0x0800c415   Thumb Code    34  dcd_stm32_fsdev.o(.text.dcd_set_address)
    dcd_sof_enable                           0x0800c439   Thumb Code    60  dcd_stm32_fsdev.o(.text.dcd_sof_enable)
    fsdev_core_reset                         0x0800cc01   Thumb Code    98  fsdev_common.o(.text.fsdev_core_reset)
    main                                     0x0800d69d   Thumb Code   350  main.o(.text.main)
    midi_task                                0x0800d7fd   Thumb Code   478  main.o(.text.midi_task)
    midid_control_xfer_cb                    0x0800d9dd   Thumb Code    18  midi_device.o(.text.midid_control_xfer_cb)
    midid_deinit                             0x0800d9f1   Thumb Code    74  midi_device.o(.text.midid_deinit)
    midid_init                               0x0800da3d   Thumb Code   170  midi_device.o(.text.midid_init)
    midid_open                               0x0800dae9   Thumb Code   934  midi_device.o(.text.midid_open)
    midid_reset                              0x0800de91   Thumb Code   132  midi_device.o(.text.midid_reset)
    midid_xfer_cb                            0x0800df15   Thumb Code   382  midi_device.o(.text.midid_xfer_cb)
    pma_align_buffer_size                    0x0800e095   Thumb Code   114  fsdev_common.o(.text.pma_align_buffer_size)
    tu_bind_driver_to_ep_itf                 0x0800ee7d   Thumb Code   322  tusb.o(.text.tu_bind_driver_to_ep_itf)
    tu_edpt_claim                            0x0800efc1   Thumb Code   134  tusb.o(.text.tu_edpt_claim)
    tu_edpt_release                          0x0800f049   Thumb Code    78  tusb.o(.text.tu_edpt_release)
    tu_edpt_stream_init                      0x0800f099   Thumb Code   126  tusb.o(.text.tu_edpt_stream_init)
    tu_edpt_stream_read                      0x0800f119   Thumb Code    56  tusb.o(.text.tu_edpt_stream_read)
    tu_edpt_stream_read_xfer                 0x0800f151   Thumb Code   502  tusb.o(.text.tu_edpt_stream_read_xfer)
    tu_edpt_stream_write                     0x0800f349   Thumb Code   236  tusb.o(.text.tu_edpt_stream_write)
    tu_edpt_stream_write_available           0x0800f435   Thumb Code   150  tusb.o(.text.tu_edpt_stream_write_available)
    tu_edpt_stream_write_xfer                0x0800f4cd   Thumb Code   436  tusb.o(.text.tu_edpt_stream_write_xfer)
    tu_edpt_stream_write_zlp_if_needed       0x0800f681   Thumb Code   170  tusb.o(.text.tu_edpt_stream_write_zlp_if_needed)
    tu_fifo_clear                            0x0800f72d   Thumb Code    18  tusb_fifo.o(.text.tu_fifo_clear)
    tu_fifo_config                           0x0800f741   Thumb Code    86  tusb_fifo.o(.text.tu_fifo_config)
    tu_fifo_peek_n_access_mode               0x0800f799   Thumb Code   308  tusb_fifo.o(.text.tu_fifo_peek_n_access_mode)
    tu_fifo_read_n_access_mode               0x0800f8cd   Thumb Code    78  tusb_fifo.o(.text.tu_fifo_read_n_access_mode)
    tu_fifo_write_n_access_mode              0x0800f91d   Thumb Code   602  tusb_fifo.o(.text.tu_fifo_write_n_access_mode)
    tu_hwfifo_read                           0x0800fb79   Thumb Code   184  tusb_fifo.o(.text.tu_hwfifo_read)
    tu_hwfifo_write                          0x0800fc31   Thumb Code   184  tusb_fifo.o(.text.tu_hwfifo_write)
    tud_control_status                       0x0800fce9   Thumb Code    50  usbd_control.o(.text.tud_control_status)
    tud_control_xfer                         0x0800fd1d   Thumb Code   310  usbd_control.o(.text.tud_control_xfer)
    tud_descriptor_bos_cb                    0x0800fe55   Thumb Code     4  usbd.o(.text.tud_descriptor_bos_cb)
    tud_descriptor_configuration_cb          0x0800fe59   Thumb Code    18  usb_descriptors.o(.text.tud_descriptor_configuration_cb)
    tud_descriptor_device_cb                 0x0800fe6d   Thumb Code    10  usb_descriptors.o(.text.tud_descriptor_device_cb)
    tud_descriptor_device_qualifier_cb       0x0800fe79   Thumb Code     4  usbd.o(.text.tud_descriptor_device_qualifier_cb)
    tud_descriptor_other_speed_configuration_cb 0x0800fe7d   Thumb Code    12  usbd.o(.text.tud_descriptor_other_speed_configuration_cb)
    tud_descriptor_string_cb                 0x0800fe89   Thumb Code   206  usb_descriptors.o(.text.tud_descriptor_string_cb)
    tud_event_hook_cb                        0x0800ff59   Thumb Code    16  usbd.o(.text.tud_event_hook_cb)
    tud_inited                               0x0800ff69   Thumb Code    18  usbd.o(.text.tud_inited)
    tud_midi_n_available                     0x0800ff7d   Thumb Code   186  midi_device.o(.text.tud_midi_n_available)
    tud_midi_n_packet_read                   0x08010039   Thumb Code    60  midi_device.o(.text.tud_midi_n_packet_read)
    tud_midi_n_stream_write                  0x08010075   Thumb Code   740  midi_device.o(.text.tud_midi_n_stream_write)
    tud_midi_rx_cb                           0x08010359   Thumb Code    10  midi_device.o(.text.tud_midi_rx_cb)
    tud_mount_cb                             0x08010365   Thumb Code     2  usbd.o(.text.tud_mount_cb)
    tud_mounted                              0x08010369   Thumb Code    18  usbd.o(.text.tud_mounted)
    tud_resume_cb                            0x0801037d   Thumb Code     2  usbd.o(.text.tud_resume_cb)
    tud_rhport_init                          0x08010381   Thumb Code   610  usbd.o(.text.tud_rhport_init)
    tud_sof_cb                               0x080105e5   Thumb Code     8  usbd.o(.text.tud_sof_cb)
    tud_suspend_cb                           0x080105ed   Thumb Code    10  usbd.o(.text.tud_suspend_cb)
    tud_task_ext                             0x080105f9   Thumb Code   878  usbd.o(.text.tud_task_ext)
    tud_umount_cb                            0x08010969   Thumb Code     2  usbd.o(.text.tud_umount_cb)
    tud_vendor_control_xfer_cb               0x0801096d   Thumb Code    18  usbd.o(.text.tud_vendor_control_xfer_cb)
    tusb_hal_init                            0x08010981   Thumb Code     2  tusb_port.o(.text.tusb_hal_init)
    tusb_rhport_init                         0x08010985   Thumb Code   264  tusb.o(.text.tusb_rhport_init)
    usbd_app_driver_get_cb                   0x08010a8d   Thumb Code    14  usbd.o(.text.usbd_app_driver_get_cb)
    usbd_control_reset                       0x08010a9d   Thumb Code    22  usbd_control.o(.text.usbd_control_reset)
    usbd_control_set_complete_callback       0x08010ab5   Thumb Code    20  usbd_control.o(.text.usbd_control_set_complete_callback)
    usbd_control_set_request                 0x08010ac9   Thumb Code    34  usbd_control.o(.text.usbd_control_set_request)
    usbd_control_xfer_cb                     0x08010aed   Thumb Code   486  usbd_control.o(.text.usbd_control_xfer_cb)
    usbd_edpt_claim                          0x08010cd5   Thumb Code    88  usbd.o(.text.usbd_edpt_claim)
    usbd_edpt_clear_stall                    0x08010d2d   Thumb Code   130  usbd.o(.text.usbd_edpt_clear_stall)
    usbd_edpt_open                           0x08010db1   Thumb Code   182  usbd.o(.text.usbd_edpt_open)
    usbd_edpt_release                        0x08010e69   Thumb Code    88  usbd.o(.text.usbd_edpt_release)
    usbd_edpt_stall                          0x08010ec1   Thumb Code   130  usbd.o(.text.usbd_edpt_stall)
    usbd_edpt_stalled                        0x08010f45   Thumb Code    82  usbd.o(.text.usbd_edpt_stalled)
    usbd_edpt_xfer                           0x08010f99   Thumb Code   326  usbd.o(.text.usbd_edpt_xfer)
    usbd_edpt_xfer_fifo                      0x080110e1   Thumb Code   326  usbd.o(.text.usbd_edpt_xfer_fifo)
    usbd_int_set                             0x08011229   Thumb Code    54  usbd.o(.text.usbd_int_set)
    _fp_init                                 0x08011279   Thumb Code    26  fpinit.o(x$fpl$fpinit)
    __fplib_config_fpu_vfp                   0x08011291   Thumb Code     0  fpinit.o(x$fpl$fpinit)
    __fplib_config_pureend_doubles           0x08011291   Thumb Code     0  fpinit.o(x$fpl$fpinit)
    AHBPrescTable                            0x08011294   Data          16  system_stm32h5xx_1.o(.rodata.AHBPrescTable)
    APBPrescTable                            0x080112a4   Data           8  system_stm32h5xx_1.o(.rodata.APBPrescTable)
    UARTPrescTable                           0x080112b4   Data          24  stm32h5xx_hal_uart.o(.rodata.UARTPrescTable)
    desc_device                              0x080112f0   Data          18  usb_descriptors.o(.rodata.desc_device)
    desc_fs_configuration                    0x08011302   Data         101  usb_descriptors.o(.rodata.desc_fs_configuration)
    Region$$Table$$Base                      0x080113b4   Number         0  anon$$obj.o(Region$$Table)
    Region$$Table$$Limit                     0x080113d4   Number         0  anon$$obj.o(Region$$Table)
    COM_USART                                0x2000000c   Data           4  stm32h5xx_nucleo.o(.data.COM_USART)
    SystemCoreClock                          0x20000014   Data           4  system_stm32h5xx_1.o(.data.SystemCoreClock)
    _usbd_qdef                               0x20000018   Data          20  usbd.o(.data._usbd_qdef)
    string_desc_arr                          0x2000003c   Data          20  usb_descriptors.o(.data.string_desc_arr)
    uwTickFreq                               0x20000050   Data           1  stm32h5xx_hal.o(.data.uwTickFreq)
    uwTickPrio                               0x20000054   Data           4  stm32h5xx_hal.o(.data.uwTickPrio)
    __libspace_start                         0x20000058   Data          96  libspace.o(.bss)
    BspCOMInit                               0x200000b8   Data          16  main.o(.bss.BspCOMInit)
    __temporary_stack_top$libspace           0x200000b8   Data           0  libspace.o(.bss)
    _tusb_rhport_role                        0x2000023c   Data           2  tusb.o(.bss._tusb_rhport_role)
    _usbd_qdef_buf                           0x2000027c   Data         192  usbd.o(.bss._usbd_qdef_buf)
    hcom_uart                                0x20000370   Data         148  stm32h5xx_nucleo.o(.bss.hcom_uart)
    hpb_exti                                 0x20000404   Data          12  stm32h5xx_nucleo.o(.bss.hpb_exti)
    hpcd_USB_DRD_FS                          0x20000410   Data         740  main.o(.bss.hpcd_USB_DRD_FS)
    hspi1                                    0x200006f4   Data         144  main.o(.bss.hspi1)
    uwTick                                   0x200007ec   Data           4  stm32h5xx_hal.o(.bss.uwTick)



==============================================================================

Memory Map of the image

  Image Entry point : 0x08000255

  Load Region LR_IROM1 (Base: 0x08000000, Size: 0x00011430, Max: 0x00080000, ABSOLUTE)

    Execution Region ER_IROM1 (Exec base: 0x08000000, Load base: 0x08000000, Size: 0x000113d4, Max: 0x00080000, ABSOLUTE)

    Exec Addr    Load Addr    Size         Type   Attr      Idx    E Section Name        Object

    0x08000000   0x08000000   0x00000254   Data   RO            3    RESET               startup_stm32h533xx.o
    0x08000254   0x08000254   0x00000008   Code   RO         1991  * !!!main             c_w.l(__main.o)
    0x0800025c   0x0800025c   0x0000005c   Code   RO         2168    !!!scatter          c_w.l(__scatter.o)
    0x080002b8   0x080002b8   0x0000001a   Code   RO         2172    !!handler_copy      c_w.l(__scatter_copy.o)
    0x080002d2   0x080002d2   0x00000002   PAD
    0x080002d4   0x080002d4   0x00000002   Code   RO         2169    !!handler_null      c_w.l(__scatter.o)
    0x080002d6   0x080002d6   0x00000002   PAD
    0x080002d8   0x080002d8   0x0000001c   Code   RO         2174    !!handler_zi        c_w.l(__scatter_zi.o)
    0x080002f4   0x080002f4   0x00000002   Code   RO         2030    .ARM.Collect$$libinit$$00000000  c_w.l(libinit.o)
    0x080002f6   0x080002f6   0x00000004   Code   RO         2042    .ARM.Collect$$libinit$$00000001  c_w.l(libinit2.o)
    0x080002fa   0x080002fa   0x00000000   Code   RO         2045    .ARM.Collect$$libinit$$00000004  c_w.l(libinit2.o)
    0x080002fa   0x080002fa   0x00000000   Code   RO         2047    .ARM.Collect$$libinit$$00000006  c_w.l(libinit2.o)
    0x080002fa   0x080002fa   0x00000000   Code   RO         2050    .ARM.Collect$$libinit$$0000000C  c_w.l(libinit2.o)
    0x080002fa   0x080002fa   0x00000000   Code   RO         2052    .ARM.Collect$$libinit$$0000000E  c_w.l(libinit2.o)
    0x080002fa   0x080002fa   0x00000000   Code   RO         2054    .ARM.Collect$$libinit$$00000010  c_w.l(libinit2.o)
    0x080002fa   0x080002fa   0x00000000   Code   RO         2057    .ARM.Collect$$libinit$$00000013  c_w.l(libinit2.o)
    0x080002fa   0x080002fa   0x00000000   Code   RO         2059    .ARM.Collect$$libinit$$00000015  c_w.l(libinit2.o)
    0x080002fa   0x080002fa   0x00000000   Code   RO         2061    .ARM.Collect$$libinit$$00000017  c_w.l(libinit2.o)
    0x080002fa   0x080002fa   0x00000000   Code   RO         2063    .ARM.Collect$$libinit$$00000019  c_w.l(libinit2.o)
    0x080002fa   0x080002fa   0x00000000   Code   RO         2065    .ARM.Collect$$libinit$$0000001B  c_w.l(libinit2.o)
    0x080002fa   0x080002fa   0x00000000   Code   RO         2067    .ARM.Collect$$libinit$$0000001D  c_w.l(libinit2.o)
    0x080002fa   0x080002fa   0x00000000   Code   RO         2069    .ARM.Collect$$libinit$$0000001F  c_w.l(libinit2.o)
    0x080002fa   0x080002fa   0x00000000   Code   RO         2071    .ARM.Collect$$libinit$$00000021  c_w.l(libinit2.o)
    0x080002fa   0x080002fa   0x00000000   Code   RO         2073    .ARM.Collect$$libinit$$00000023  c_w.l(libinit2.o)
    0x080002fa   0x080002fa   0x00000000   Code   RO         2075    .ARM.Collect$$libinit$$00000025  c_w.l(libinit2.o)
    0x080002fa   0x080002fa   0x00000000   Code   RO         2077    .ARM.Collect$$libinit$$00000027  c_w.l(libinit2.o)
    0x080002fa   0x080002fa   0x00000000   Code   RO         2081    .ARM.Collect$$libinit$$0000002E  c_w.l(libinit2.o)
    0x080002fa   0x080002fa   0x00000000   Code   RO         2083    .ARM.Collect$$libinit$$00000030  c_w.l(libinit2.o)
    0x080002fa   0x080002fa   0x00000000   Code   RO         2085    .ARM.Collect$$libinit$$00000032  c_w.l(libinit2.o)
    0x080002fa   0x080002fa   0x00000000   Code   RO         2087    .ARM.Collect$$libinit$$00000034  c_w.l(libinit2.o)
    0x080002fa   0x080002fa   0x00000002   Code   RO         2088    .ARM.Collect$$libinit$$00000035  c_w.l(libinit2.o)
    0x080002fc   0x080002fc   0x00000002   Code   RO         2123    .ARM.Collect$$libshutdown$$00000000  c_w.l(libshutdown.o)
    0x080002fe   0x080002fe   0x00000000   Code   RO         2151    .ARM.Collect$$libshutdown$$00000002  c_w.l(libshutdown2.o)
    0x080002fe   0x080002fe   0x00000000   Code   RO         2153    .ARM.Collect$$libshutdown$$00000004  c_w.l(libshutdown2.o)
    0x080002fe   0x080002fe   0x00000000   Code   RO         2156    .ARM.Collect$$libshutdown$$00000007  c_w.l(libshutdown2.o)
    0x080002fe   0x080002fe   0x00000000   Code   RO         2159    .ARM.Collect$$libshutdown$$0000000A  c_w.l(libshutdown2.o)
    0x080002fe   0x080002fe   0x00000000   Code   RO         2161    .ARM.Collect$$libshutdown$$0000000C  c_w.l(libshutdown2.o)
    0x080002fe   0x080002fe   0x00000000   Code   RO         2164    .ARM.Collect$$libshutdown$$0000000F  c_w.l(libshutdown2.o)
    0x080002fe   0x080002fe   0x00000002   Code   RO         2165    .ARM.Collect$$libshutdown$$00000010  c_w.l(libshutdown2.o)
    0x08000300   0x08000300   0x00000000   Code   RO         1993    .ARM.Collect$$rtentry$$00000000  c_w.l(__rtentry.o)
    0x08000300   0x08000300   0x00000000   Code   RO         2001    .ARM.Collect$$rtentry$$00000002  c_w.l(__rtentry2.o)
    0x08000300   0x08000300   0x00000006   Code   RO         2013    .ARM.Collect$$rtentry$$00000004  c_w.l(__rtentry4.o)
    0x08000306   0x08000306   0x00000000   Code   RO         2003    .ARM.Collect$$rtentry$$00000009  c_w.l(__rtentry2.o)
    0x08000306   0x08000306   0x00000004   Code   RO         2004    .ARM.Collect$$rtentry$$0000000A  c_w.l(__rtentry2.o)
    0x0800030a   0x0800030a   0x00000000   Code   RO         2006    .ARM.Collect$$rtentry$$0000000C  c_w.l(__rtentry2.o)
    0x0800030a   0x0800030a   0x00000008   Code   RO         2007    .ARM.Collect$$rtentry$$0000000D  c_w.l(__rtentry2.o)
    0x08000312   0x08000312   0x00000002   Code   RO         2034    .ARM.Collect$$rtexit$$00000000  c_w.l(rtexit.o)
    0x08000314   0x08000314   0x00000000   Code   RO         2094    .ARM.Collect$$rtexit$$00000002  c_w.l(rtexit2.o)
    0x08000314   0x08000314   0x00000004   Code   RO         2095    .ARM.Collect$$rtexit$$00000003  c_w.l(rtexit2.o)
    0x08000318   0x08000318   0x00000006   Code   RO         2096    .ARM.Collect$$rtexit$$00000004  c_w.l(rtexit2.o)
    0x0800031e   0x0800031e   0x00000002   PAD
    0x08000320   0x08000320   0x00000044   Code   RO            4    .text               startup_stm32h533xx.o
    0x08000364   0x08000364   0x000000f0   Code   RO         1979    .text               c_w.l(lludivv7m.o)
    0x08000454   0x08000454   0x0000003e   Code   RO         1981    .text               c_w.l(strlen.o)
    0x08000492   0x08000492   0x0000008a   Code   RO         1983    .text               c_w.l(rt_memcpy_v6.o)
    0x0800051c   0x0800051c   0x00000044   Code   RO         1985    .text               c_w.l(rt_memclr.o)
    0x08000560   0x08000560   0x0000004e   Code   RO         1987    .text               c_w.l(rt_memclr_w.o)
    0x080005ae   0x080005ae   0x00000006   Code   RO         1989    .text               c_w.l(heapauxi.o)
    0x080005b4   0x080005b4   0x00000064   Code   RO         1998    .text               c_w.l(rt_memcpy_w.o)
    0x08000618   0x08000618   0x0000004a   Code   RO         2017    .text               c_w.l(sys_stackheap_outer.o)
    0x08000662   0x08000662   0x00000012   Code   RO         2019    .text               c_w.l(exit.o)
    0x08000674   0x08000674   0x00000008   Code   RO         2031    .text               c_w.l(libspace.o)
    0x0800067c   0x0800067c   0x0000000c   Code   RO         2089    .text               c_w.l(sys_exit.o)
    0x08000688   0x08000688   0x00000002   Code   RO         2112    .text               c_w.l(use_no_semi.o)
    0x0800068a   0x0800068a   0x00000000   Code   RO         2114    .text               c_w.l(indicate_semi.o)
    0x0800068a   0x0800068a   0x00000002   PAD
    0x0800068c   0x0800068c   0x00000060   Code   RO          221    .text.BSP_COM_Init  stm32h5xx_nucleo.o
    0x080006ec   0x080006ec   0x0000000a   Code   RO          219    .text.BSP_PB_Callback  stm32h5xx_nucleo.o
    0x080006f6   0x080006f6   0x00000002   PAD
    0x080006f8   0x080006f8   0x00000024   Code   RO          217    .text.BSP_PB_IRQHandler  stm32h5xx_nucleo.o
    0x0800071c   0x0800071c   0x00000106   Code   RO          209    .text.BSP_PB_Init   stm32h5xx_nucleo.o
    0x08000822   0x08000822   0x00000002   PAD
    0x08000824   0x08000824   0x0000000a   Code   RO          211    .text.BUTTON_USER_EXTI_Callback  stm32h5xx_nucleo.o
    0x0800082e   0x0800082e   0x00000002   PAD
    0x08000830   0x08000830   0x00000004   Code   RO          151    .text.BusFault_Handler  stm32h5xx_it.o
    0x08000834   0x08000834   0x000000a2   Code   RO          223    .text.COM1_MspInit  stm32h5xx_nucleo.o
    0x080008d6   0x080008d6   0x00000002   PAD
    0x080008d8   0x080008d8   0x00000002   Code   RO          157    .text.DebugMon_Handler  stm32h5xx_it.o
    0x080008da   0x080008da   0x00000002   PAD
    0x080008dc   0x080008dc   0x0000000a   Code   RO          163    .text.EXTI13_IRQHandler  stm32h5xx_it.o
    0x080008e6   0x080008e6   0x00000002   PAD
    0x080008e8   0x080008e8   0x00000006   Code   RO          123    .text.Error_Handler  main.o
    0x080008ee   0x080008ee   0x00000002   PAD
    0x080008f0   0x080008f0   0x0000002a   Code   RO         1058    .text.HAL_EXTI_GetHandle  stm32h5xx_hal_exti.o
    0x0800091a   0x0800091a   0x00000002   PAD
    0x0800091c   0x0800091c   0x00000092   Code   RO         1060    .text.HAL_EXTI_IRQHandler  stm32h5xx_hal_exti.o
    0x080009ae   0x080009ae   0x00000002   PAD
    0x080009b0   0x080009b0   0x0000005a   Code   RO         1056    .text.HAL_EXTI_RegisterCallback  stm32h5xx_hal_exti.o
    0x08000a0a   0x08000a0a   0x00000002   PAD
    0x08000a0c   0x08000a0c   0x0000014e   Code   RO          616    .text.HAL_GPIO_DeInit  stm32h5xx_hal_gpio.o
    0x08000b5a   0x08000b5a   0x00000002   PAD
    0x08000b5c   0x08000b5c   0x000002ea   Code   RO          614    .text.HAL_GPIO_Init  stm32h5xx_hal_gpio.o
    0x08000e46   0x08000e46   0x00000002   PAD
    0x08000e48   0x08000e48   0x0000002e   Code   RO          618    .text.HAL_GPIO_ReadPin  stm32h5xx_hal_gpio.o
    0x08000e76   0x08000e76   0x00000002   PAD
    0x08000e78   0x08000e78   0x00000026   Code   RO          624    .text.HAL_GPIO_TogglePin  stm32h5xx_hal_gpio.o
    0x08000e9e   0x08000e9e   0x00000002   PAD
    0x08000ea0   0x08000ea0   0x0000002c   Code   RO          620    .text.HAL_GPIO_WritePin  stm32h5xx_hal_gpio.o
    0x08000ecc   0x08000ecc   0x0000000c   Code   RO          932    .text.HAL_GetTick   stm32h5xx_hal.o
    0x08000ed8   0x08000ed8   0x00000040   Code   RO          338    .text.HAL_ICACHE_ConfigAssociativityMode  stm32h5xx_hal_icache.o
    0x08000f18   0x08000f18   0x00000014   Code   RO          342    .text.HAL_ICACHE_Enable  stm32h5xx_hal_icache.o
    0x08000f2c   0x08000f2c   0x0000001a   Code   RO          930    .text.HAL_IncTick   stm32h5xx_hal.o
    0x08000f46   0x08000f46   0x00000002   PAD
    0x08000f48   0x08000f48   0x0000005e   Code   RO          920    .text.HAL_Init      stm32h5xx_hal.o
    0x08000fa6   0x08000fa6   0x00000002   PAD
    0x08000fa8   0x08000fa8   0x00000114   Code   RO          922    .text.HAL_InitTick  stm32h5xx_hal.o
    0x080010bc   0x080010bc   0x00000002   Code   RO          174    .text.HAL_MspInit   stm32h5xx_hal_msp.o
    0x080010be   0x080010be   0x00000002   PAD
    0x080010c0   0x080010c0   0x00000014   Code   RO          269    .text.HAL_NVIC_EnableIRQ  stm32h5xx_hal_cortex.o
    0x080010d4   0x080010d4   0x0000002e   Code   RO          261    .text.HAL_NVIC_SetPriority  stm32h5xx_hal_cortex.o
    0x08001102   0x08001102   0x00000002   PAD
    0x08001104   0x08001104   0x00000010   Code   RO          257    .text.HAL_NVIC_SetPriorityGrouping  stm32h5xx_hal_cortex.o
    0x08001114   0x08001114   0x00000032   Code   RO         1294    .text.HAL_PCDEx_ActivateLPM  stm32h5xx_hal_pcd_ex.o
    0x08001146   0x08001146   0x00000002   PAD
    0x08001148   0x08001148   0x0000000c   Code   RO         1298    .text.HAL_PCDEx_LPM_Callback  stm32h5xx_hal_pcd_ex.o
    0x08001154   0x08001154   0x0000000c   Code   RO         1227    .text.HAL_PCD_DataInStageCallback  stm32h5xx_hal_pcd.o
    0x08001160   0x08001160   0x0000000c   Code   RO         1225    .text.HAL_PCD_DataOutStageCallback  stm32h5xx_hal_pcd.o
    0x0800116c   0x0800116c   0x000001cc   Code   RO         1269    .text.HAL_PCD_EP_DB_Receive  stm32h5xx_hal_pcd.o
    0x08001338   0x08001338   0x00000766   Code   RO         1275    .text.HAL_PCD_EP_DB_Transmit  stm32h5xx_hal_pcd.o
    0x08001a9e   0x08001a9e   0x00000002   PAD
    0x08001aa0   0x08001aa0   0x000001be   Code   RO         1211    .text.HAL_PCD_IRQHandler  stm32h5xx_hal_pcd.o
    0x08001c5e   0x08001c5e   0x00000002   PAD
    0x08001c60   0x08001c60   0x0000022a   Code   RO         1199    .text.HAL_PCD_Init  stm32h5xx_hal_pcd.o
    0x08001e8a   0x08001e8a   0x00000002   PAD
    0x08001e8c   0x08001e8c   0x00000076   Code   RO          180    .text.HAL_PCD_MspInit  stm32h5xx_hal_msp.o
    0x08001f02   0x08001f02   0x00000002   PAD
    0x08001f04   0x08001f04   0x00000008   Code   RO         1215    .text.HAL_PCD_ResetCallback  stm32h5xx_hal_pcd.o
    0x08001f0c   0x08001f0c   0x00000008   Code   RO         1219    .text.HAL_PCD_ResumeCallback  stm32h5xx_hal_pcd.o
    0x08001f14   0x08001f14   0x00000008   Code   RO         1223    .text.HAL_PCD_SOFCallback  stm32h5xx_hal_pcd.o
    0x08001f1c   0x08001f1c   0x0000005c   Code   RO         1217    .text.HAL_PCD_SetAddress  stm32h5xx_hal_pcd.o
    0x08001f78   0x08001f78   0x00000008   Code   RO         1229    .text.HAL_PCD_SetupStageCallback  stm32h5xx_hal_pcd.o
    0x08001f80   0x08001f80   0x00000008   Code   RO         1221    .text.HAL_PCD_SuspendCallback  stm32h5xx_hal_pcd.o
    0x08001f88   0x08001f88   0x00000012   Code   RO          859    .text.HAL_PWREx_EnableVddUSB  stm32h5xx_hal_pwr_ex.o
    0x08001f9a   0x08001f9a   0x00000002   PAD
    0x08001f9c   0x08001f9c   0x000002f8   Code   RO          430    .text.HAL_RCCEx_GetPLL1ClockFreq  stm32h5xx_hal_rcc_ex.o
    0x08002294   0x08002294   0x000002f8   Code   RO          432    .text.HAL_RCCEx_GetPLL2ClockFreq  stm32h5xx_hal_rcc_ex.o
    0x0800258c   0x0800258c   0x000002f8   Code   RO          434    .text.HAL_RCCEx_GetPLL3ClockFreq  stm32h5xx_hal_rcc_ex.o
    0x08002884   0x08002884   0x000017c2   Code   RO          436    .text.HAL_RCCEx_GetPeriphCLKFreq  stm32h5xx_hal_rcc_ex.o
    0x08004046   0x08004046   0x00000002   PAD
    0x08004048   0x08004048   0x00000f9e   Code   RO          422    .text.HAL_RCCEx_PeriphCLKConfig  stm32h5xx_hal_rcc_ex.o
    0x08004fe6   0x08004fe6   0x00000002   PAD
    0x08004fe8   0x08004fe8   0x00000494   Code   RO          387    .text.HAL_RCC_ClockConfig  stm32h5xx_hal_rcc.o
    0x0800547c   0x0800547c   0x00000034   Code   RO          385    .text.HAL_RCC_GetHCLKFreq  stm32h5xx_hal_rcc.o
    0x080054b0   0x080054b0   0x00000026   Code   RO          393    .text.HAL_RCC_GetPCLK1Freq  stm32h5xx_hal_rcc.o
    0x080054d6   0x080054d6   0x00000002   PAD
    0x080054d8   0x080054d8   0x00000026   Code   RO          395    .text.HAL_RCC_GetPCLK2Freq  stm32h5xx_hal_rcc.o
    0x080054fe   0x080054fe   0x00000002   PAD
    0x08005500   0x08005500   0x00000026   Code   RO          397    .text.HAL_RCC_GetPCLK3Freq  stm32h5xx_hal_rcc.o
    0x08005526   0x08005526   0x00000002   PAD
    0x08005528   0x08005528   0x000002cc   Code   RO          389    .text.HAL_RCC_GetSysClockFreq  stm32h5xx_hal_rcc.o
    0x080057f4   0x080057f4   0x000009fc   Code   RO          383    .text.HAL_RCC_OscConfig  stm32h5xx_hal_rcc.o
    0x080061f0   0x080061f0   0x00000058   Code   RO         1085    .text.HAL_SPI_DeInit  stm32h5xx_hal_spi.o
    0x08006248   0x08006248   0x000002b0   Code   RO         1079    .text.HAL_SPI_Init  stm32h5xx_hal_spi.o
    0x080064f8   0x080064f8   0x0000003a   Code   RO          178    .text.HAL_SPI_MspDeInit  stm32h5xx_hal_msp.o
    0x08006532   0x08006532   0x00000002   PAD
    0x08006534   0x08006534   0x000000fe   Code   RO          176    .text.HAL_SPI_MspInit  stm32h5xx_hal_msp.o
    0x08006632   0x08006632   0x00000002   PAD
    0x08006634   0x08006634   0x00000478   Code   RO         1089    .text.HAL_SPI_Transmit  stm32h5xx_hal_spi.o
    0x08006aac   0x08006aac   0x000007d0   Code   RO         1097    .text.HAL_SPI_TransmitReceive  stm32h5xx_hal_spi.o
    0x0800727c   0x0800727c   0x0000009a   Code   RO          307    .text.HAL_SYSTICK_CLKSourceConfig  stm32h5xx_hal_cortex.o
    0x08007316   0x08007316   0x00000002   PAD
    0x08007318   0x08007318   0x0000004a   Code   RO          305    .text.HAL_SYSTICK_Config  stm32h5xx_hal_cortex.o
    0x08007362   0x08007362   0x00000002   PAD
    0x08007364   0x08007364   0x00000062   Code   RO          309    .text.HAL_SYSTICK_GetCLKSourceConfig  stm32h5xx_hal_cortex.o
    0x080073c6   0x080073c6   0x00000002   PAD
    0x080073c8   0x080073c8   0x000000aa   Code   RO         1431    .text.HAL_UART_Init  stm32h5xx_hal_uart.o
    0x08007472   0x08007472   0x00000002   PAD
    0x08007474   0x08007474   0x00000008   Code   RO         1433    .text.HAL_UART_MspInit  stm32h5xx_hal_uart.o
    0x0800747c   0x0800747c   0x00000004   Code   RO          147    .text.HardFault_Handler  stm32h5xx_it.o
    0x08007480   0x08007480   0x00000068   Code   RO           19    .text.MCP_Configure_Matrix  mcp23s17.o
    0x080074e8   0x080074e8   0x0000013a   Code   RO           17    .text.MCP_Probe_Config  mcp23s17.o
    0x08007622   0x08007622   0x00000002   PAD
    0x08007624   0x08007624   0x000000a2   Code   RO           25    .text.MCP_Read      mcp23s17.o
    0x080076c6   0x080076c6   0x00000002   PAD
    0x080076c8   0x080076c8   0x00000082   Code   RO           29    .text.MCP_Write     mcp23s17.o
    0x0800774a   0x0800774a   0x00000002   PAD
    0x0800774c   0x0800774c   0x000000e2   Code   RO          115    .text.MX_GPIO_Init  main.o
    0x0800782e   0x0800782e   0x00000002   PAD
    0x08007830   0x08007830   0x00000022   Code   RO          121    .text.MX_ICACHE_Init  main.o
    0x08007852   0x08007852   0x00000002   PAD
    0x08007854   0x08007854   0x00000066   Code   RO          119    .text.MX_SPI1_Init  main.o
    0x080078ba   0x080078ba   0x00000002   PAD
    0x080078bc   0x080078bc   0x0000005c   Code   RO          225    .text.MX_USART_Init  stm32h5xx_nucleo.o
    0x08007918   0x08007918   0x00000044   Code   RO          117    .text.MX_USB_PCD_Init  main.o
    0x0800795c   0x0800795c   0x0000000c   Code   RO           13    .text.Matrix_GetDiag  mcp23s17.o
    0x08007968   0x08007968   0x0000037a   Code   RO           15    .text.Matrix_Init   mcp23s17.o
    0x08007ce2   0x08007ce2   0x00000002   PAD
    0x08007ce4   0x08007ce4   0x00000010   Code   RO           11    .text.Matrix_IsPresent  mcp23s17.o
    0x08007cf4   0x08007cf4   0x000000ba   Code   RO           37    .text.Matrix_ReportConfig  mcp23s17.o
    0x08007dae   0x08007dae   0x00000002   PAD
    0x08007db0   0x08007db0   0x00000046   Code   RO           35    .text.Matrix_ResetDebounce  mcp23s17.o
    0x08007df6   0x08007df6   0x00000002   PAD
    0x08007df8   0x08007df8   0x000004fe   Code   RO           23    .text.Matrix_Scan   mcp23s17.o
    0x080082f6   0x080082f6   0x00000002   PAD
    0x080082f8   0x080082f8   0x00000218   Code   RO           27    .text.Matrix_TryLockFromScan  mcp23s17.o
    0x08008510   0x08008510   0x00000004   Code   RO          149    .text.MemManage_Handler  stm32h5xx_it.o
    0x08008514   0x08008514   0x00000004   Code   RO          145    .text.NMI_Handler   stm32h5xx_it.o
    0x08008518   0x08008518   0x0000006c   Code   RO          267    .text.NVIC_EncodePriority  stm32h5xx_hal_cortex.o
    0x08008584   0x08008584   0x00000612   Code   RO         1213    .text.PCD_EP_ISR_Handler  stm32h5xx_hal_pcd.o
    0x08008b96   0x08008b96   0x00000002   PAD
    0x08008b98   0x08008b98   0x00000034   Code   RO         1271    .text.PCD_GET_EP_DBUF0_CNT  stm32h5xx_hal_pcd.o
    0x08008bcc   0x08008bcc   0x00000034   Code   RO         1273    .text.PCD_GET_EP_DBUF1_CNT  stm32h5xx_hal_pcd.o
    0x08008c00   0x08008c00   0x00000034   Code   RO         1267    .text.PCD_GET_EP_RX_CNT  stm32h5xx_hal_pcd.o
    0x08008c34   0x08008c34   0x00000002   Code   RO          159    .text.PendSV_Handler  stm32h5xx_it.o
    0x08008c36   0x08008c36   0x00000002   PAD
    0x08008c38   0x08008c38   0x0000002e   Code   RO          113    .text.PeriphCommonClock_Config  main.o
    0x08008c66   0x08008c66   0x00000002   PAD
    0x08008c68   0x08008c68   0x0000016c   Code   RO          424    .text.RCCEx_PLL2_Config  stm32h5xx_hal_rcc_ex.o
    0x08008dd4   0x08008dd4   0x0000016c   Code   RO          426    .text.RCCEx_PLL3_Config  stm32h5xx_hal_rcc_ex.o
    0x08008f40   0x08008f40   0x00000116   Code   RO         1091    .text.SPI_CloseTransfer  stm32h5xx_hal_spi.o
    0x08009056   0x08009056   0x00000002   PAD
    0x08009058   0x08009058   0x0000002c   Code   RO         1081    .text.SPI_GetPacketSize  stm32h5xx_hal_spi.o
    0x08009084   0x08009084   0x00000068   Code   RO         1093    .text.SPI_WaitOnFlagUntilTimeout  stm32h5xx_hal_spi.o
    0x080090ec   0x080090ec   0x00000002   Code   RO          155    .text.SVC_Handler   stm32h5xx_it.o
    0x080090ee   0x080090ee   0x00000002   PAD
    0x080090f0   0x080090f0   0x00000078   Code   RO           21    .text.SendDebug     mcp23s17.o
    0x08009168   0x08009168   0x0000005e   Code   RO           31    .text.SendNote      mcp23s17.o
    0x080091c6   0x080091c6   0x00000002   PAD
    0x080091c8   0x080091c8   0x00000008   Code   RO          161    .text.SysTick_Handler  stm32h5xx_it.o
    0x080091d0   0x080091d0   0x000000b0   Code   RO          111    .text.SystemClock_Config  main.o
    0x08009280   0x08009280   0x00000136   Code   RO           95    .text.SystemInit    system_stm32h5xx_1.o
    0x080093b6   0x080093b6   0x00000002   PAD
    0x080093b8   0x080093b8   0x00000148   Code   RO         1435    .text.UART_AdvFeatureConfig  stm32h5xx_hal_uart.o
    0x08009500   0x08009500   0x00000146   Code   RO         1439    .text.UART_CheckIdleState  stm32h5xx_hal_uart.o
    0x08009646   0x08009646   0x00000002   PAD
    0x08009648   0x08009648   0x0000009e   Code   RO         1491    .text.UART_EndRxTransfer  stm32h5xx_hal_uart.o
    0x080096e6   0x080096e6   0x00000002   PAD
    0x080096e8   0x080096e8   0x00000374   Code   RO         1437    .text.UART_SetConfig  stm32h5xx_hal_uart.o
    0x08009a5c   0x08009a5c   0x0000010c   Code   RO         1453    .text.UART_WaitOnFlagUntilTimeout  stm32h5xx_hal_uart.o
    0x08009b68   0x08009b68   0x00000058   Code   RO         1307    .text.USB_CoreInit  stm32h5xx_ll_usb.o
    0x08009bc0   0x08009bc0   0x0000001e   Code   RO         1309    .text.USB_CoreReset  stm32h5xx_ll_usb.o
    0x08009bde   0x08009bde   0x00000002   PAD
    0x08009be0   0x08009be0   0x00000016   Code   RO          165    .text.USB_DRD_FS_IRQHandler  stm32h5xx_it.o
    0x08009bf6   0x08009bf6   0x00000002   PAD
    0x08009bf8   0x08009bf8   0x00000014   Code   RO         1343    .text.USB_DevDisconnect  stm32h5xx_ll_usb.o
    0x08009c0c   0x08009c0c   0x00000056   Code   RO         1317    .text.USB_DevInit   stm32h5xx_ll_usb.o
    0x08009c62   0x08009c62   0x00000002   PAD
    0x08009c64   0x08009c64   0x0000001a   Code   RO         1313    .text.USB_DisableGlobalInt  stm32h5xx_ll_usb.o
    0x08009c7e   0x08009c7e   0x00000002   PAD
    0x08009c80   0x08009c80   0x00000a54   Code   RO         1327    .text.USB_EPStartXfer  stm32h5xx_ll_usb.o
    0x0800a6d4   0x0800a6d4   0x00000010   Code   RO         1345    .text.USB_ReadInterrupts  stm32h5xx_ll_usb.o
    0x0800a6e4   0x0800a6e4   0x000000ca   Code   RO         1351    .text.USB_ReadPMA   stm32h5xx_ll_usb.o
    0x0800a7ae   0x0800a7ae   0x00000002   PAD
    0x0800a7b0   0x0800a7b0   0x0000004c   Code   RO         1315    .text.USB_SetCurrentMode  stm32h5xx_ll_usb.o
    0x0800a7fc   0x0800a7fc   0x0000001e   Code   RO         1339    .text.USB_SetDevAddress  stm32h5xx_ll_usb.o
    0x0800a81a   0x0800a81a   0x00000002   PAD
    0x0800a81c   0x0800a81c   0x000000d2   Code   RO         1329    .text.USB_WritePMA  stm32h5xx_ll_usb.o
    0x0800a8ee   0x0800a8ee   0x00000002   PAD
    0x0800a8f0   0x0800a8f0   0x00000004   Code   RO          153    .text.UsageFault_Handler  stm32h5xx_it.o
    0x0800a8f4   0x0800a8f4   0x00000038   Code   RO         1948    .text.__NVIC_DisableIRQ  dcd_stm32_fsdev.o
    0x0800a92c   0x0800a92c   0x00000030   Code   RO          271    .text.__NVIC_EnableIRQ  stm32h5xx_hal_cortex.o
    0x0800a95c   0x0800a95c   0x00000030   Code   RO         1946    .text.__NVIC_EnableIRQ  dcd_stm32_fsdev.o
    0x0800a98c   0x0800a98c   0x00000010   Code   RO          263    .text.__NVIC_GetPriorityGrouping  stm32h5xx_hal_cortex.o
    0x0800a99c   0x0800a99c   0x00000042   Code   RO          265    .text.__NVIC_SetPriority  stm32h5xx_hal_cortex.o
    0x0800a9de   0x0800a9de   0x00000002   PAD
    0x0800a9e0   0x0800a9e0   0x0000003c   Code   RO          259    .text.__NVIC_SetPriorityGrouping  stm32h5xx_hal_cortex.o
    0x0800aa1c   0x0800aa1c   0x00000062   Code   RO         1656    .text.advance_index  tusb_fifo.o
    0x0800aa7e   0x0800aa7e   0x00000002   PAD
    0x0800aa80   0x0800aa80   0x00000078   Code   RO         1969    .text.btable_set_rx_bufsize  fsdev_common.o
    0x0800aaf8   0x0800aaf8   0x00000120   Code   RO         1799    .text.configuration_reset  usbd.o
    0x0800ac18   0x0800ac18   0x00000046   Code   RO         1646    .text.correct_read_index  tusb_fifo.o
    0x0800ac5e   0x0800ac5e   0x00000002   PAD
    0x0800ac60   0x0800ac60   0x00000126   Code   RO         1833    .text.data_stage_xact  usbd_control.o
    0x0800ad86   0x0800ad86   0x00000002   PAD
    0x0800ad88   0x0800ad88   0x00000022   Code   RO         1894    .text.dcd_connect   dcd_stm32_fsdev.o
    0x0800adaa   0x0800adaa   0x00000002   PAD
    0x0800adac   0x0800adac   0x00000054   Code   RO         1914    .text.dcd_edpt0_status_complete  dcd_stm32_fsdev.o
    0x0800ae00   0x0800ae00   0x000001ca   Code   RO         1938    .text.dcd_edpt_clear_stall  dcd_stm32_fsdev.o
    0x0800afca   0x0800afca   0x00000002   PAD
    0x0800afcc   0x0800afcc   0x00000112   Code   RO         1922    .text.dcd_edpt_close_all  dcd_stm32_fsdev.o
    0x0800b0de   0x0800b0de   0x00000002   PAD
    0x0800b0e0   0x0800b0e0   0x000002f2   Code   RO         1916    .text.dcd_edpt_open  dcd_stm32_fsdev.o
    0x0800b3d2   0x0800b3d2   0x00000002   PAD
    0x0800b3d4   0x0800b3d4   0x0000017c   Code   RO         1936    .text.dcd_edpt_stall  dcd_stm32_fsdev.o
    0x0800b550   0x0800b550   0x00000096   Code   RO         1902    .text.dcd_edpt_xfer  dcd_stm32_fsdev.o
    0x0800b5e6   0x0800b5e6   0x00000002   PAD
    0x0800b5e8   0x0800b5e8   0x00000096   Code   RO         1934    .text.dcd_edpt_xfer_fifo  dcd_stm32_fsdev.o
    0x0800b67e   0x0800b67e   0x00000002   PAD
    0x0800b680   0x0800b680   0x000001e6   Code   RO         1918    .text.dcd_ep_alloc  dcd_stm32_fsdev.o
    0x0800b866   0x0800b866   0x00000002   PAD
    0x0800b868   0x0800b868   0x000005a0   Code   RO         1765    .text.dcd_event_handler  usbd.o
    0x0800be08   0x0800be08   0x00000038   Code   RO         1890    .text.dcd_init      dcd_stm32_fsdev.o
    0x0800be40   0x0800be40   0x00000046   Code   RO         1924    .text.dcd_int_disable  dcd_stm32_fsdev.o
    0x0800be86   0x0800be86   0x00000002   PAD
    0x0800be88   0x0800be88   0x0000004e   Code   RO         1926    .text.dcd_int_enable  dcd_stm32_fsdev.o
    0x0800bed6   0x0800bed6   0x00000002   PAD
    0x0800bed8   0x0800bed8   0x00000494   Code   RO         1906    .text.dcd_int_handler  dcd_stm32_fsdev.o
    0x0800c36c   0x0800c36c   0x000000a6   Code   RO         1920    .text.dcd_pma_alloc  dcd_stm32_fsdev.o
    0x0800c412   0x0800c412   0x00000002   PAD
    0x0800c414   0x0800c414   0x00000022   Code   RO         1900    .text.dcd_set_address  dcd_stm32_fsdev.o
    0x0800c436   0x0800c436   0x00000002   PAD
    0x0800c438   0x0800c438   0x0000003c   Code   RO         1898    .text.dcd_sof_enable  dcd_stm32_fsdev.o
    0x0800c474   0x0800c474   0x00000292   Code   RO         1944    .text.dcd_transmit_packet  dcd_stm32_fsdev.o
    0x0800c706   0x0800c706   0x00000002   PAD
    0x0800c708   0x0800c708   0x00000206   Code   RO         1942    .text.edpt0_open    dcd_stm32_fsdev.o
    0x0800c90e   0x0800c90e   0x00000002   PAD
    0x0800c910   0x0800c910   0x000001f8   Code   RO         1932    .text.edpt_xfer     dcd_stm32_fsdev.o
    0x0800cb08   0x0800cb08   0x0000007a   Code   RO         1650    .text.ff_pull_n     tusb_fifo.o
    0x0800cb82   0x0800cb82   0x00000002   PAD
    0x0800cb84   0x0800cb84   0x0000007a   Code   RO         1662    .text.ff_push_n     tusb_fifo.o
    0x0800cbfe   0x0800cbfe   0x00000002   PAD
    0x0800cc00   0x0800cc00   0x00000062   Code   RO         1963    .text.fsdev_core_reset  fsdev_common.o
    0x0800cc62   0x0800cc62   0x00000002   PAD
    0x0800cc64   0x0800cc64   0x00000078   Code   RO         1892    .text.handle_bus_reset  dcd_stm32_fsdev.o
    0x0800ccdc   0x0800ccdc   0x00000324   Code   RO         1910    .text.handle_ctr_rx  dcd_stm32_fsdev.o
    0x0800d000   0x0800d000   0x000001c8   Code   RO         1908    .text.handle_ctr_setup  dcd_stm32_fsdev.o
    0x0800d1c8   0x0800d1c8   0x00000144   Code   RO         1912    .text.handle_ctr_tx  dcd_stm32_fsdev.o
    0x0800d30c   0x0800d30c   0x000001b2   Code   RO         1648    .text.hwff_pull_n   tusb_fifo.o
    0x0800d4be   0x0800d4be   0x00000002   PAD
    0x0800d4c0   0x0800d4c0   0x000001b2   Code   RO         1660    .text.hwff_push_n   tusb_fifo.o
    0x0800d672   0x0800d672   0x00000002   PAD
    0x0800d674   0x0800d674   0x00000026   Code   RO         1801    .text.invoke_class_control  usbd.o
    0x0800d69a   0x0800d69a   0x00000002   PAD
    0x0800d69c   0x0800d69c   0x0000015e   Code   RO          109    .text.main          main.o
    0x0800d7fa   0x0800d7fa   0x00000002   PAD
    0x0800d7fc   0x0800d7fc   0x000001de   Code   RO          125    .text.midi_task     main.o
    0x0800d9da   0x0800d9da   0x00000002   PAD
    0x0800d9dc   0x0800d9dc   0x00000012   Code   RO         1878    .text.midid_control_xfer_cb  midi_device.o
    0x0800d9ee   0x0800d9ee   0x00000002   PAD
    0x0800d9f0   0x0800d9f0   0x0000004a   Code   RO         1872    .text.midid_deinit  midi_device.o
    0x0800da3a   0x0800da3a   0x00000002   PAD
    0x0800da3c   0x0800da3c   0x000000aa   Code   RO         1870    .text.midid_init    midi_device.o
    0x0800dae6   0x0800dae6   0x00000002   PAD
    0x0800dae8   0x0800dae8   0x000003a6   Code   RO         1876    .text.midid_open    midi_device.o
    0x0800de8e   0x0800de8e   0x00000002   PAD
    0x0800de90   0x0800de90   0x00000084   Code   RO         1874    .text.midid_reset   midi_device.o
    0x0800df14   0x0800df14   0x0000017e   Code   RO         1880    .text.midid_xfer_cb  midi_device.o
    0x0800e092   0x0800e092   0x00000002   PAD
    0x0800e094   0x0800e094   0x00000072   Code   RO         1967    .text.pma_align_buffer_size  fsdev_common.o
    0x0800e106   0x0800e106   0x00000002   PAD
    0x0800e108   0x0800e108   0x0000007e   Code   RO           33    .text.popcount4     mcp23s17.o
    0x0800e186   0x0800e186   0x00000002   PAD
    0x0800e188   0x0800e188   0x000006f2   Code   RO         1763    .text.process_control_request  usbd.o
    0x0800e87a   0x0800e87a   0x00000002   PAD
    0x0800e87c   0x0800e87c   0x000001da   Code   RO         1805    .text.process_get_descriptor  usbd.o
    0x0800ea56   0x0800ea56   0x00000002   PAD
    0x0800ea58   0x0800ea58   0x000002e2   Code   RO         1803    .text.process_set_config  usbd.o
    0x0800ed3a   0x0800ed3a   0x00000002   PAD
    0x0800ed3c   0x0800ed3c   0x00000032   Code   RO         1829    .text.status_stage_xact  usbd_control.o
    0x0800ed6e   0x0800ed6e   0x00000002   PAD
    0x0800ed70   0x0800ed70   0x00000046   Code   RO         1609    .text.stream_claim  tusb.o
    0x0800edb6   0x0800edb6   0x00000002   PAD
    0x0800edb8   0x0800edb8   0x00000032   Code   RO         1615    .text.stream_release  tusb.o
    0x0800edea   0x0800edea   0x00000002   PAD
    0x0800edec   0x0800edec   0x00000090   Code   RO         1611    .text.stream_xfer   tusb.o
    0x0800ee7c   0x0800ee7c   0x00000142   Code   RO         1603    .text.tu_bind_driver_to_ep_itf  tusb.o
    0x0800efbe   0x0800efbe   0x00000002   PAD
    0x0800efc0   0x0800efc0   0x00000086   Code   RO         1599    .text.tu_edpt_claim  tusb.o
    0x0800f046   0x0800f046   0x00000002   PAD
    0x0800f048   0x0800f048   0x0000004e   Code   RO         1601    .text.tu_edpt_release  tusb.o
    0x0800f096   0x0800f096   0x00000002   PAD
    0x0800f098   0x0800f098   0x0000007e   Code   RO         1605    .text.tu_edpt_stream_init  tusb.o
    0x0800f116   0x0800f116   0x00000002   PAD
    0x0800f118   0x0800f118   0x00000038   Code   RO         1623    .text.tu_edpt_stream_read  tusb.o
    0x0800f150   0x0800f150   0x000001f6   Code   RO         1621    .text.tu_edpt_stream_read_xfer  tusb.o
    0x0800f346   0x0800f346   0x00000002   PAD
    0x0800f348   0x0800f348   0x000000ec   Code   RO         1617    .text.tu_edpt_stream_write  tusb.o
    0x0800f434   0x0800f434   0x00000096   Code   RO         1619    .text.tu_edpt_stream_write_available  tusb.o
    0x0800f4ca   0x0800f4ca   0x00000002   PAD
    0x0800f4cc   0x0800f4cc   0x000001b4   Code   RO         1613    .text.tu_edpt_stream_write_xfer  tusb.o
    0x0800f680   0x0800f680   0x000000aa   Code   RO         1607    .text.tu_edpt_stream_write_zlp_if_needed  tusb.o
    0x0800f72a   0x0800f72a   0x00000002   PAD
    0x0800f72c   0x0800f72c   0x00000012   Code   RO         1636    .text.tu_fifo_clear  tusb_fifo.o
    0x0800f73e   0x0800f73e   0x00000002   PAD
    0x0800f740   0x0800f740   0x00000056   Code   RO         1634    .text.tu_fifo_config  tusb_fifo.o
    0x0800f796   0x0800f796   0x00000002   PAD
    0x0800f798   0x0800f798   0x00000134   Code   RO         1644    .text.tu_fifo_peek_n_access_mode  tusb_fifo.o
    0x0800f8cc   0x0800f8cc   0x0000004e   Code   RO         1654    .text.tu_fifo_read_n_access_mode  tusb_fifo.o
    0x0800f91a   0x0800f91a   0x00000002   PAD
    0x0800f91c   0x0800f91c   0x0000025a   Code   RO         1658    .text.tu_fifo_write_n_access_mode  tusb_fifo.o
    0x0800fb76   0x0800fb76   0x00000002   PAD
    0x0800fb78   0x0800fb78   0x000000b8   Code   RO         1642    .text.tu_hwfifo_read  tusb_fifo.o
    0x0800fc30   0x0800fc30   0x000000b8   Code   RO         1640    .text.tu_hwfifo_write  tusb_fifo.o
    0x0800fce8   0x0800fce8   0x00000032   Code   RO         1827    .text.tud_control_status  usbd_control.o
    0x0800fd1a   0x0800fd1a   0x00000002   PAD
    0x0800fd1c   0x0800fd1c   0x00000136   Code   RO         1831    .text.tud_control_xfer  usbd_control.o
    0x0800fe52   0x0800fe52   0x00000002   PAD
    0x0800fe54   0x0800fe54   0x00000004   Code   RO         1695    .text.tud_descriptor_bos_cb  usbd.o
    0x0800fe58   0x0800fe58   0x00000012   Code   RO           78    .text.tud_descriptor_configuration_cb  usb_descriptors.o
    0x0800fe6a   0x0800fe6a   0x00000002   PAD
    0x0800fe6c   0x0800fe6c   0x0000000a   Code   RO           76    .text.tud_descriptor_device_cb  usb_descriptors.o
    0x0800fe76   0x0800fe76   0x00000002   PAD
    0x0800fe78   0x0800fe78   0x00000004   Code   RO         1697    .text.tud_descriptor_device_qualifier_cb  usbd.o
    0x0800fe7c   0x0800fe7c   0x0000000c   Code   RO         1699    .text.tud_descriptor_other_speed_configuration_cb  usbd.o
    0x0800fe88   0x0800fe88   0x000000ce   Code   RO           80    .text.tud_descriptor_string_cb  usb_descriptors.o
    0x0800ff56   0x0800ff56   0x00000002   PAD
    0x0800ff58   0x0800ff58   0x00000010   Code   RO         1691    .text.tud_event_hook_cb  usbd.o
    0x0800ff68   0x0800ff68   0x00000012   Code   RO         1749    .text.tud_inited    usbd.o
    0x0800ff7a   0x0800ff7a   0x00000002   PAD
    0x0800ff7c   0x0800ff7c   0x000000ba   Code   RO         1856    .text.tud_midi_n_available  midi_device.o
    0x08010036   0x08010036   0x00000002   PAD
    0x08010038   0x08010038   0x0000003c   Code   RO         1860    .text.tud_midi_n_packet_read  midi_device.o
    0x08010074   0x08010074   0x000002e4   Code   RO         1864    .text.tud_midi_n_stream_write  midi_device.o
    0x08010358   0x08010358   0x0000000a   Code   RO         1852    .text.tud_midi_rx_cb  midi_device.o
    0x08010362   0x08010362   0x00000002   PAD
    0x08010364   0x08010364   0x00000002   Code   RO         1701    .text.tud_mount_cb  usbd.o
    0x08010366   0x08010366   0x00000002   PAD
    0x08010368   0x08010368   0x00000012   Code   RO         1735    .text.tud_mounted   usbd.o
    0x0801037a   0x0801037a   0x00000002   PAD
    0x0801037c   0x0801037c   0x00000002   Code   RO         1707    .text.tud_resume_cb  usbd.o
    0x0801037e   0x0801037e   0x00000002   PAD
    0x08010380   0x08010380   0x00000262   Code   RO         1753    .text.tud_rhport_init  usbd.o
    0x080105e2   0x080105e2   0x00000002   PAD
    0x080105e4   0x080105e4   0x00000008   Code   RO         1693    .text.tud_sof_cb    usbd.o
    0x080105ec   0x080105ec   0x0000000a   Code   RO         1705    .text.tud_suspend_cb  usbd.o
    0x080105f6   0x080105f6   0x00000002   PAD
    0x080105f8   0x080105f8   0x0000036e   Code   RO         1759    .text.tud_task_ext  usbd.o
    0x08010966   0x08010966   0x00000002   PAD
    0x08010968   0x08010968   0x00000002   Code   RO         1703    .text.tud_umount_cb  usbd.o
    0x0801096a   0x0801096a   0x00000002   PAD
    0x0801096c   0x0801096c   0x00000012   Code   RO         1709    .text.tud_vendor_control_xfer_cb  usbd.o
    0x0801097e   0x0801097e   0x00000002   PAD
    0x08010980   0x08010980   0x00000002   Code   RO           65    .text.tusb_hal_init  tusb_port.o
    0x08010982   0x08010982   0x00000002   PAD
    0x08010984   0x08010984   0x00000108   Code   RO         1585    .text.tusb_rhport_init  tusb.o
    0x08010a8c   0x08010a8c   0x0000000e   Code   RO         1725    .text.usbd_app_driver_get_cb  usbd.o
    0x08010a9a   0x08010a9a   0x00000002   PAD
    0x08010a9c   0x08010a9c   0x00000016   Code   RO         1835    .text.usbd_control_reset  usbd_control.o
    0x08010ab2   0x08010ab2   0x00000002   PAD
    0x08010ab4   0x08010ab4   0x00000014   Code   RO         1837    .text.usbd_control_set_complete_callback  usbd_control.o
    0x08010ac8   0x08010ac8   0x00000022   Code   RO         1839    .text.usbd_control_set_request  usbd_control.o
    0x08010aea   0x08010aea   0x00000002   PAD
    0x08010aec   0x08010aec   0x000001e6   Code   RO         1841    .text.usbd_control_xfer_cb  usbd_control.o
    0x08010cd2   0x08010cd2   0x00000002   PAD
    0x08010cd4   0x08010cd4   0x00000058   Code   RO         1777    .text.usbd_edpt_claim  usbd.o
    0x08010d2c   0x08010d2c   0x00000082   Code   RO         1789    .text.usbd_edpt_clear_stall  usbd.o
    0x08010dae   0x08010dae   0x00000002   PAD
    0x08010db0   0x08010db0   0x000000b6   Code   RO         1773    .text.usbd_edpt_open  usbd.o
    0x08010e66   0x08010e66   0x00000002   PAD
    0x08010e68   0x08010e68   0x00000058   Code   RO         1779    .text.usbd_edpt_release  usbd.o
    0x08010ec0   0x08010ec0   0x00000082   Code   RO         1787    .text.usbd_edpt_stall  usbd.o
    0x08010f42   0x08010f42   0x00000002   PAD
    0x08010f44   0x08010f44   0x00000052   Code   RO         1791    .text.usbd_edpt_stalled  usbd.o
    0x08010f96   0x08010f96   0x00000002   PAD
    0x08010f98   0x08010f98   0x00000146   Code   RO         1781    .text.usbd_edpt_xfer  usbd.o
    0x080110de   0x080110de   0x00000002   PAD
    0x080110e0   0x080110e0   0x00000146   Code   RO         1783    .text.usbd_edpt_xfer_fifo  usbd.o
    0x08011226   0x08011226   0x00000002   PAD
    0x08011228   0x08011228   0x00000036   Code   RO         1723    .text.usbd_int_set  usbd.o
    0x0801125e   0x0801125e   0x00000002   PAD
    0x08011260   0x08011260   0x00000018   Code   RO         1761    .text.usbd_reset    usbd.o
    0x08011278   0x08011278   0x0000001a   Code   RO         2106    x$fpl$fpinit        fz_wm.l(fpinit.o)
    0x08011292   0x08011292   0x00000002   Data   RO           84    .rodata..compoundliteral  usb_descriptors.o
    0x08011294   0x08011294   0x00000010   Data   RO          100    .rodata.AHBPrescTable  system_stm32h5xx_1.o
    0x080112a4   0x080112a4   0x00000008   Data   RO          101    .rodata.APBPrescTable  system_stm32h5xx_1.o
    0x080112ac   0x080112ac   0x00000004   Data   RO          241    .rodata.BSP_PB_Init.BUTTON_EXTI_LINE  stm32h5xx_nucleo.o
    0x080112b0   0x080112b0   0x00000002   Data   RO          245    .rodata.BUTTON_IRQn  stm32h5xx_nucleo.o
    0x080112b2   0x080112b2   0x00000002   Data   RO          242    .rodata.BUTTON_PIN  stm32h5xx_nucleo.o
    0x080112b4   0x080112b4   0x00000018   Data   RO         1571    .rodata.UARTPrescTable  stm32h5xx_hal_uart.o
    0x080112cc   0x080112cc   0x00000024   Data   RO         1817    .rodata._usbd_driver  usbd.o
    0x080112f0   0x080112f0   0x00000012   Data   RO           82    .rodata.desc_device  usb_descriptors.o
    0x08011302   0x08011302   0x00000065   Data   RO           83    .rodata.desc_fs_configuration  usb_descriptors.o
    0x08011367   0x08011367   0x00000001   PAD
    0x08011368   0x08011368   0x00000002   Data   RO         1955    .rodata.fsdev_irq   dcd_stm32_fsdev.o
    0x0801136a   0x0801136a   0x0000003f   Data   RO           85    .rodata.str1.1      usb_descriptors.o
    0x080113a9   0x080113a9   0x00000009   Data   RO          133    .rodata.str1.1      main.o
    0x080113b2   0x080113b2   0x00000002   PAD
    0x080113b4   0x080113b4   0x00000020   Data   RO         2167    Region$$Table       anon$$obj.o


    Execution Region RW_IRAM1 (Exec base: 0x20000000, Load base: 0x080113d8, Size: 0x00000ef0, Max: 0x00044000, ABSOLUTE)

    Exec Addr    Load Addr    Size         Type   Attr      Idx    E Section Name        Object

    0x20000000   0x080113d8   0x00000004   Data   RW          240    .data.BSP_PB_Init.BSP_BUTTON_PRIO  stm32h5xx_nucleo.o
    0x20000004   0x080113dc   0x00000004   Data   RW          239    .data.BSP_PB_Init.ButtonCallback  stm32h5xx_nucleo.o
    0x20000008   0x080113e0   0x00000004   Data   RW          243    .data.BUTTON_PORT   stm32h5xx_nucleo.o
    0x2000000c   0x080113e4   0x00000004   Data   RW          235    .data.COM_USART     stm32h5xx_nucleo.o
    0x20000010   0x080113e8   0x00000004   Data   RW           55    .data.Matrix_Scan.last_raw_cc  mcp23s17.o
    0x20000014   0x080113ec   0x00000004   Data   RW           99    .data.SystemCoreClock  system_stm32h5xx_1.o
    0x20000018   0x080113f0   0x00000014   Data   RW         1808    .data._usbd_qdef    usbd.o
    0x2000002c   0x08011404   0x00000001   Data   RW         1810    .data._usbd_rhport  usbd.o
    0x2000002d   0x08011405   0x00000003   PAD
    0x20000030   0x08011408   0x00000008   Data   RW         1812    .data._usbd_spin    usbd.o
    0x20000038   0x08011410   0x00000001   Data   RW           46    .data.cols_on_porta  mcp23s17.o
    0x20000039   0x08011411   0x00000003   PAD
    0x2000003c   0x08011414   0x00000014   Data   RW           86    .data.string_desc_arr  usb_descriptors.o
    0x20000050   0x08011428   0x00000001   Data   RW         1041    .data.uwTickFreq    stm32h5xx_hal.o
    0x20000051   0x08011429   0x00000003   PAD
    0x20000054   0x0801142c   0x00000004   Data   RW         1040    .data.uwTickPrio    stm32h5xx_hal.o
    0x20000058        -       0x00000060   Zero   RW         2032    .bss                c_w.l(libspace.o)
    0x200000b8        -       0x00000010   Zero   RW          127    .bss.BspCOMInit     main.o
    0x200000c8        -       0x00000001   Zero   RW           52    .bss.Matrix_Scan.last_candidate_flags  mcp23s17.o
    0x200000c9   0x08011430   0x00000003   PAD
    0x200000cc        -       0x00000004   Zero   RW           50    .bss.Matrix_Scan.last_lock_try_ms  mcp23s17.o
    0x200000d0        -       0x00000004   Zero   RW           49    .bss.Matrix_Scan.last_raw_report_ms  mcp23s17.o
    0x200000d4        -       0x00000004   Zero   RW           48    .bss.Matrix_Scan.last_scan  mcp23s17.o
    0x200000d8        -       0x00000004   Zero   RW           54    .bss.Matrix_Scan.last_search_report_ms  mcp23s17.o
    0x200000dc        -       0x00000001   Zero   RW           51    .bss.Matrix_Scan.lock_state  mcp23s17.o
    0x200000dd   0x08011430   0x00000003   PAD
    0x200000e0        -       0x00000004   Zero   RW         1815    .bss._app_driver    usbd.o
    0x200000e4        -       0x00000001   Zero   RW         1814    .bss._app_driver_count  usbd.o
    0x200000e5   0x08011430   0x00000003   PAD
    0x200000e8        -       0x00000040   Zero   RW         1844    .bss._ctrl_epbuf    usbd_control.o
    0x20000128        -       0x00000014   Zero   RW         1843    .bss._ctrl_xfer     usbd_control.o
    0x2000013c        -       0x00000040   Zero   RW           87    .bss._desc_str      usb_descriptors.o
    0x2000017c        -       0x000000c0   Zero   RW         1882    .bss._midid_itf     midi_device.o
    0x2000023c        -       0x00000002   Zero   RW         1625    .bss._tusb_rhport_role  tusb.o
    0x2000023e        -       0x00000037   Zero   RW         1809    .bss._usbd_dev      usbd.o
    0x20000275   0x08011430   0x00000003   PAD
    0x20000278        -       0x00000004   Zero   RW         1813    .bss._usbd_q        usbd.o
    0x2000027c        -       0x000000c0   Zero   RW         1807    .bss._usbd_qdef_buf  usbd.o
    0x2000033c        -       0x00000001   Zero   RW         1811    .bss._usbd_queued_setup  usbd.o
    0x2000033d        -       0x00000010   Zero   RW           56    .bss.button_state   mcp23s17.o
    0x2000034d        -       0x00000001   Zero   RW           45    .bss.col_shift      mcp23s17.o
    0x2000034e        -       0x00000020   Zero   RW         1951    .bss.ep_alloc_status  dcd_stm32_fsdev.o
    0x2000036e        -       0x00000002   Zero   RW         1952    .bss.ep_buf_ptr     dcd_stm32_fsdev.o
    0x20000370        -       0x00000094   Zero   RW          246    .bss.hcom_uart      stm32h5xx_nucleo.o
    0x20000404        -       0x0000000c   Zero   RW          244    .bss.hpb_exti       stm32h5xx_nucleo.o
    0x20000410        -       0x000002e4   Zero   RW          136    .bss.hpcd_USB_DRD_FS  main.o
    0x200006f4        -       0x00000090   Zero   RW          131    .bss.hspi1          main.o
    0x20000784        -       0x00000040   Zero   RW           57    .bss.last_time      mcp23s17.o
    0x200007c4        -       0x00000004   Zero   RW          129    .bss.main.matrix_arm_ms  main.o
    0x200007c8        -       0x00000004   Zero   RW          130    .bss.main.matrix_retry_ms  main.o
    0x200007cc        -       0x00000001   Zero   RW          128    .bss.main.matrix_started  main.o
    0x200007cd   0x08011430   0x00000003   PAD
    0x200007d0        -       0x00000004   Zero   RW           43    .bss.matrix_lock_time_ms  mcp23s17.o
    0x200007d4        -       0x00000001   Zero   RW           42    .bss.matrix_locked  mcp23s17.o
    0x200007d5        -       0x00000001   Zero   RW           40    .bss.mcp_diag       mcp23s17.o
    0x200007d6        -       0x00000001   Zero   RW           47    .bss.mcp_hw_addr    mcp23s17.o
    0x200007d7        -       0x00000001   Zero   RW           39    .bss.mcp_present    mcp23s17.o
    0x200007d8        -       0x00000001   Zero   RW          132    .bss.midi_task.build_id  main.o
    0x200007d9   0x08011430   0x00000003   PAD
    0x200007dc        -       0x00000004   Zero   RW          134    .bss.midi_task.led_ms  main.o
    0x200007e0        -       0x00000004   Zero   RW          135    .bss.midi_task.midi_hb_ms  main.o
    0x200007e4        -       0x00000001   Zero   RW         1950    .bss.remoteWakeCountdown  dcd_stm32_fsdev.o
    0x200007e5        -       0x00000001   Zero   RW           44    .bss.row_shift      mcp23s17.o
    0x200007e6   0x08011430   0x00000002   PAD
    0x200007e8        -       0x00000004   Zero   RW           41    .bss.spi_handle     mcp23s17.o
    0x200007ec        -       0x00000004   Zero   RW         1042    .bss.uwTick         stm32h5xx_hal.o
    0x200007f0        -       0x00000100   Zero   RW         1953    .bss.xfer_status    dcd_stm32_fsdev.o
    0x200008f0        -       0x00000200   Zero   RW            2    HEAP                startup_stm32h533xx.o
    0x20000af0        -       0x00000400   Zero   RW            1    STACK               startup_stm32h533xx.o


==============================================================================

Image component sizes


      Code (inc. data)   RO Data    RW Data    ZI Data      Debug   Object Name

      7894          0          2          0        291      27795   dcd_stm32_fsdev.o
       332          0          0          0          0       2565   fsdev_common.o
      1486          0          9          0        918      16813   main.o
      4038          0          0          5        112      14138   mcp23s17.o
      2706          0          0          0        192      15044   midi_device.o
        68         28        596          0       1536       1044   startup_stm32h533xx.o
       408          0          0          5          4      13619   stm32h5xx_hal.o
       706          6          0          0          0      13146   stm32h5xx_hal_cortex.o
       278          0          0          0          0       6034   stm32h5xx_hal_exti.o
      1208          0          0          0          0       5219   stm32h5xx_hal_gpio.o
        84          0          0          0          0       4450   stm32h5xx_hal_icache.o
       432          0          0          0          0      13366   stm32h5xx_hal_msp.o
      5220          0          0          0          0      13995   stm32h5xx_hal_pcd.o
        62          0          0          0          0       5082   stm32h5xx_hal_pcd_ex.o
        18          0          0          0          0       7414   stm32h5xx_hal_pwr_ex.o
      4610         16          0          0          0      12904   stm32h5xx_hal_rcc.o
     13088        172          0          0          0      22917   stm32h5xx_hal_rcc_ex.o
      4346          0          0          0          0      22508   stm32h5xx_hal_spi.o
      2142          0         24          0          0      26744   stm32h5xx_hal_uart.o
        66          0          0          0          0       1462   stm32h5xx_it.o
      3428          0          0          0          0      14927   stm32h5xx_ll_usb.o
       668          0          8         16        160      14722   stm32h5xx_nucleo.o
       310          0         24          4          0       5904   system_stm32h5xx_1.o
      2738          0          0          0          2      12079   tusb.o
      2740          0          0          0          0      12425   tusb_fifo.o
         2          0          0          0          0        733   tusb_port.o
       234          0        184         20         64       2816   usb_descriptors.o
      7802         54         36         29        257      27545   usbd.o
      1266          0          0          0         84       4989   usbd_control.o

    ----------------------------------------------------------------------
     68656        276        918         88       3640     342399   Object Totals
         0          0         32          0          0          0   (incl. Generated)
       276          0          3          9         20          0   (incl. Padding)

    ----------------------------------------------------------------------

      Code (inc. data)   RO Data    RW Data    ZI Data      Debug   Library Member Name

         8          0          0          0          0         68   __main.o
         0          0          0          0          0          0   __rtentry.o
        12          0          0          0          0          0   __rtentry2.o
         6          0          0          0          0          0   __rtentry4.o
        94          8          0          0          0          0   __scatter.o
        26          0          0          0          0          0   __scatter_copy.o
        28          0          0          0          0          0   __scatter_zi.o
        18          0          0          0          0         80   exit.o
         6          0          0          0          0        152   heapauxi.o
         0          0          0          0          0          0   indicate_semi.o
         2          0          0          0          0          0   libinit.o
         6          0          0          0          0          0   libinit2.o
         2          0          0          0          0          0   libshutdown.o
         2          0          0          0          0          0   libshutdown2.o
         8          4          0          0         96         68   libspace.o
       240          0          0          0          0        100   lludivv7m.o
        68          0          0          0          0         68   rt_memclr.o
        78          0          0          0          0         80   rt_memclr_w.o
       138          0          0          0          0         68   rt_memcpy_v6.o
       100          0          0          0          0         80   rt_memcpy_w.o
         2          0          0          0          0          0   rtexit.o
        10          0          0          0          0          0   rtexit2.o
        62          0          0          0          0         76   strlen.o
        12          4          0          0          0         68   sys_exit.o
        74          0          0          0          0         80   sys_stackheap_outer.o
         2          0          0          0          0         68   use_no_semi.o
        26          0          0          0          0        116   fpinit.o

    ----------------------------------------------------------------------
      1038         16          0          0         96       1172   Library Totals
         8          0          0          0          0          0   (incl. Padding)

    ----------------------------------------------------------------------

      Code (inc. data)   RO Data    RW Data    ZI Data      Debug   Library Name

      1004         16          0          0         96       1056   c_w.l
        26          0          0          0          0        116   fz_wm.l

    ----------------------------------------------------------------------
      1038         16          0          0         96       1172   Library Totals

    ----------------------------------------------------------------------

==============================================================================


      Code (inc. data)   RO Data    RW Data    ZI Data      Debug   

     69694        292        918         88       3736     342631   Grand Totals
     69694        292        918         88       3736     342631   ELF Image Totals
     69694        292        918         88          0          0   ROM Totals

==============================================================================

    Total RO  Size (Code + RO Data)                70612 (  68.96kB)
    Total RW  Size (RW Data + ZI Data)              3824 (   3.73kB)
    Total ROM Size (Code + RO Data + RW Data)      70700 (  69.04kB)

==============================================================================

