<!doctype html public "-//w3c//dtd html 4.0 transitional//en">
<html><head>
<title>Static Call Graph - [USB_MIDI2\USB_MIDI2.axf]</title></head>
<body><HR>
<H1>Static Call Graph for image USB_MIDI2\USB_MIDI2.axf</H1><HR>
<BR><P>#&#060CALLGRAPH&#062# ARM Linker, 6220000: Last Updated: Fri Mar 27 11:40:04 2026
<BR><P>
<H3>Maximum Stack Usage =       1016 bytes + Unknown(Cycles, Untraceable Function Pointers)</H3><H3>
Call chain for Maximum Stack Depth:</H3>
__rt_entry_main &rArr; main &rArr; Matrix_Scan &rArr; Matrix_TryLockFromScan &rArr; Matrix_ReportConfig &rArr; tud_midi_n_stream_write &rArr; tu_edpt_stream_write &rArr; tu_edpt_stream_write_xfer &rArr; stream_xfer &rArr; usbd_edpt_xfer &rArr; dcd_edpt_xfer &rArr; edpt_xfer &rArr; dcd_transmit_packet &rArr; tu_fifo_read_n_access_mode &rArr; tu_fifo_peek_n_access_mode &rArr; hwff_pull_n &rArr; tu_hwfifo_write
<P>
<H3>
Mutually Recursive functions
</H3> <LI><a href="#[6]">SecureFault_Handler</a>&nbsp;&nbsp;&nbsp;&rArr;&nbsp;&nbsp;&nbsp;<a href="#[6]">SecureFault_Handler</a><BR>
 <LI><a href="#[50]">ADC2_IRQHandler</a>&nbsp;&nbsp;&nbsp;&rArr;&nbsp;&nbsp;&nbsp;<a href="#[50]">ADC2_IRQHandler</a><BR>
</UL>
<P>
<H3>
Function Pointers
</H3><UL>
 <LI><a href="#[30]">ADC1_IRQHandler</a> from stm32h5xx_it.o(.text.ADC1_IRQHandler) referenced from startup_stm32h533xx.o(RESET)
 <LI><a href="#[50]">ADC2_IRQHandler</a> from startup_stm32h533xx.o(.text) referenced from startup_stm32h533xx.o(RESET)
 <LI><a href="#[79]">ADC_DMAConvCplt</a> from stm32h5xx_hal_adc.o(.text.ADC_DMAConvCplt) referenced 2 times from stm32h5xx_hal_adc.o(.text.HAL_ADC_Start_DMA)
 <LI><a href="#[7b]">ADC_DMAError</a> from stm32h5xx_hal_adc.o(.text.ADC_DMAError) referenced 2 times from stm32h5xx_hal_adc.o(.text.HAL_ADC_Start_DMA)
 <LI><a href="#[7a]">ADC_DMAHalfConvCplt</a> from stm32h5xx_hal_adc.o(.text.ADC_DMAHalfConvCplt) referenced 2 times from stm32h5xx_hal_adc.o(.text.HAL_ADC_Start_DMA)
 <LI><a href="#[6e]">AES_IRQHandler</a> from startup_stm32h533xx.o(.text) referenced from startup_stm32h533xx.o(RESET)
 <LI><a href="#[83]">BUTTON_USER_EXTI_Callback</a> from stm32h5xx_nucleo.o(.text.BUTTON_USER_EXTI_Callback) referenced from stm32h5xx_nucleo.o(.data.BSP_PB_Init.ButtonCallback)
 <LI><a href="#[4]">BusFault_Handler</a> from stm32h5xx_it.o(.text.BusFault_Handler) referenced from startup_stm32h533xx.o(RESET)
 <LI><a href="#[71]">CEC_IRQHandler</a> from startup_stm32h533xx.o(.text) referenced from startup_stm32h533xx.o(RESET)
 <LI><a href="#[54]">CRS_IRQHandler</a> from startup_stm32h533xx.o(.text) referenced from startup_stm32h533xx.o(RESET)
 <LI><a href="#[31]">DAC1_IRQHandler</a> from startup_stm32h533xx.o(.text) referenced from startup_stm32h533xx.o(RESET)
 <LI><a href="#[67]">DCACHE1_IRQHandler</a> from startup_stm32h533xx.o(.text) referenced from startup_stm32h533xx.o(RESET)
 <LI><a href="#[68]">DCMI_PSSI_IRQHandler</a> from startup_stm32h533xx.o(.text) referenced from startup_stm32h533xx.o(RESET)
 <LI><a href="#[6b]">DTS_IRQHandler</a> from startup_stm32h533xx.o(.text) referenced from startup_stm32h533xx.o(RESET)
 <LI><a href="#[8]">DebugMon_Handler</a> from stm32h5xx_it.o(.text.DebugMon_Handler) referenced from startup_stm32h533xx.o(RESET)
 <LI><a href="#[16]">EXTI0_IRQHandler</a> from startup_stm32h533xx.o(.text) referenced from startup_stm32h533xx.o(RESET)
 <LI><a href="#[20]">EXTI10_IRQHandler</a> from startup_stm32h533xx.o(.text) referenced from startup_stm32h533xx.o(RESET)
 <LI><a href="#[21]">EXTI11_IRQHandler</a> from startup_stm32h533xx.o(.text) referenced from startup_stm32h533xx.o(RESET)
 <LI><a href="#[22]">EXTI12_IRQHandler</a> from startup_stm32h533xx.o(.text) referenced from startup_stm32h533xx.o(RESET)
 <LI><a href="#[23]">EXTI13_IRQHandler</a> from stm32h5xx_it.o(.text.EXTI13_IRQHandler) referenced from startup_stm32h533xx.o(RESET)
 <LI><a href="#[24]">EXTI14_IRQHandler</a> from startup_stm32h533xx.o(.text) referenced from startup_stm32h533xx.o(RESET)
 <LI><a href="#[25]">EXTI15_IRQHandler</a> from startup_stm32h533xx.o(.text) referenced from startup_stm32h533xx.o(RESET)
 <LI><a href="#[17]">EXTI1_IRQHandler</a> from startup_stm32h533xx.o(.text) referenced from startup_stm32h533xx.o(RESET)
 <LI><a href="#[18]">EXTI2_IRQHandler</a> from startup_stm32h533xx.o(.text) referenced from startup_stm32h533xx.o(RESET)
 <LI><a href="#[19]">EXTI3_IRQHandler</a> from startup_stm32h533xx.o(.text) referenced from startup_stm32h533xx.o(RESET)
 <LI><a href="#[1a]">EXTI4_IRQHandler</a> from startup_stm32h533xx.o(.text) referenced from startup_stm32h533xx.o(RESET)
 <LI><a href="#[1b]">EXTI5_IRQHandler</a> from startup_stm32h533xx.o(.text) referenced from startup_stm32h533xx.o(RESET)
 <LI><a href="#[1c]">EXTI6_IRQHandler</a> from startup_stm32h533xx.o(.text) referenced from startup_stm32h533xx.o(RESET)
 <LI><a href="#[1d]">EXTI7_IRQHandler</a> from startup_stm32h533xx.o(.text) referenced from startup_stm32h533xx.o(RESET)
 <LI><a href="#[1e]">EXTI8_IRQHandler</a> from startup_stm32h533xx.o(.text) referenced from startup_stm32h533xx.o(RESET)
 <LI><a href="#[1f]">EXTI9_IRQHandler</a> from startup_stm32h533xx.o(.text) referenced from startup_stm32h533xx.o(RESET)
 <LI><a href="#[32]">FDCAN1_IT0_IRQHandler</a> from startup_stm32h533xx.o(.text) referenced from startup_stm32h533xx.o(RESET)
 <LI><a href="#[33]">FDCAN1_IT1_IRQHandler</a> from startup_stm32h533xx.o(.text) referenced from startup_stm32h533xx.o(RESET)
 <LI><a href="#[69]">FDCAN2_IT0_IRQHandler</a> from startup_stm32h533xx.o(.text) referenced from startup_stm32h533xx.o(RESET)
 <LI><a href="#[6a]">FDCAN2_IT1_IRQHandler</a> from startup_stm32h533xx.o(.text) referenced from startup_stm32h533xx.o(RESET)
 <LI><a href="#[11]">FLASH_IRQHandler</a> from startup_stm32h533xx.o(.text) referenced from startup_stm32h533xx.o(RESET)
 <LI><a href="#[12]">FLASH_S_IRQHandler</a> from startup_stm32h533xx.o(.text) referenced from startup_stm32h533xx.o(RESET)
 <LI><a href="#[56]">FMC_IRQHandler</a> from startup_stm32h533xx.o(.text) referenced from startup_stm32h533xx.o(RESET)
 <LI><a href="#[65]">FPU_IRQHandler</a> from startup_stm32h533xx.o(.text) referenced from startup_stm32h533xx.o(RESET)
 <LI><a href="#[26]">GPDMA1_Channel0_IRQHandler</a> from stm32h5xx_it.o(.text.GPDMA1_Channel0_IRQHandler) referenced from startup_stm32h533xx.o(RESET)
 <LI><a href="#[27]">GPDMA1_Channel1_IRQHandler</a> from startup_stm32h533xx.o(.text) referenced from startup_stm32h533xx.o(RESET)
 <LI><a href="#[28]">GPDMA1_Channel2_IRQHandler</a> from startup_stm32h533xx.o(.text) referenced from startup_stm32h533xx.o(RESET)
 <LI><a href="#[29]">GPDMA1_Channel3_IRQHandler</a> from startup_stm32h533xx.o(.text) referenced from startup_stm32h533xx.o(RESET)
 <LI><a href="#[2a]">GPDMA1_Channel4_IRQHandler</a> from startup_stm32h533xx.o(.text) referenced from startup_stm32h533xx.o(RESET)
 <LI><a href="#[2b]">GPDMA1_Channel5_IRQHandler</a> from startup_stm32h533xx.o(.text) referenced from startup_stm32h533xx.o(RESET)
 <LI><a href="#[2c]">GPDMA1_Channel6_IRQHandler</a> from startup_stm32h533xx.o(.text) referenced from startup_stm32h533xx.o(RESET)
 <LI><a href="#[2d]">GPDMA1_Channel7_IRQHandler</a> from startup_stm32h533xx.o(.text) referenced from startup_stm32h533xx.o(RESET)
 <LI><a href="#[5d]">GPDMA2_Channel0_IRQHandler</a> from startup_stm32h533xx.o(.text) referenced from startup_stm32h533xx.o(RESET)
 <LI><a href="#[5e]">GPDMA2_Channel1_IRQHandler</a> from startup_stm32h533xx.o(.text) referenced from startup_stm32h533xx.o(RESET)
 <LI><a href="#[5f]">GPDMA2_Channel2_IRQHandler</a> from startup_stm32h533xx.o(.text) referenced from startup_stm32h533xx.o(RESET)
 <LI><a href="#[60]">GPDMA2_Channel3_IRQHandler</a> from startup_stm32h533xx.o(.text) referenced from startup_stm32h533xx.o(RESET)
 <LI><a href="#[61]">GPDMA2_Channel4_IRQHandler</a> from startup_stm32h533xx.o(.text) referenced from startup_stm32h533xx.o(RESET)
 <LI><a href="#[62]">GPDMA2_Channel5_IRQHandler</a> from startup_stm32h533xx.o(.text) referenced from startup_stm32h533xx.o(RESET)
 <LI><a href="#[63]">GPDMA2_Channel6_IRQHandler</a> from startup_stm32h533xx.o(.text) referenced from startup_stm32h533xx.o(RESET)
 <LI><a href="#[64]">GPDMA2_Channel7_IRQHandler</a> from startup_stm32h533xx.o(.text) referenced from startup_stm32h533xx.o(RESET)
 <LI><a href="#[13]">GTZC_IRQHandler</a> from startup_stm32h533xx.o(.text) referenced from startup_stm32h533xx.o(RESET)
 <LI><a href="#[6f]">HASH_IRQHandler</a> from startup_stm32h533xx.o(.text) referenced from startup_stm32h533xx.o(RESET)
 <LI><a href="#[2]">HardFault_Handler</a> from stm32h5xx_it.o(.text.HardFault_Handler) referenced from startup_stm32h533xx.o(RESET)
 <LI><a href="#[3f]">I2C1_ER_IRQHandler</a> from startup_stm32h533xx.o(.text) referenced from startup_stm32h533xx.o(RESET)
 <LI><a href="#[3e]">I2C1_EV_IRQHandler</a> from startup_stm32h533xx.o(.text) referenced from startup_stm32h533xx.o(RESET)
 <LI><a href="#[41]">I2C2_ER_IRQHandler</a> from startup_stm32h533xx.o(.text) referenced from startup_stm32h533xx.o(RESET)
 <LI><a href="#[40]">I2C2_EV_IRQHandler</a> from startup_stm32h533xx.o(.text) referenced from startup_stm32h533xx.o(RESET)
 <LI><a href="#[5a]">I2C3_ER_IRQHandler</a> from startup_stm32h533xx.o(.text) referenced from startup_stm32h533xx.o(RESET)
 <LI><a href="#[59]">I2C3_EV_IRQHandler</a> from startup_stm32h533xx.o(.text) referenced from startup_stm32h533xx.o(RESET)
 <LI><a href="#[74]">I3C1_ER_IRQHandler</a> from startup_stm32h533xx.o(.text) referenced from startup_stm32h533xx.o(RESET)
 <LI><a href="#[73]">I3C1_EV_IRQHandler</a> from startup_stm32h533xx.o(.text) referenced from startup_stm32h533xx.o(RESET)
 <LI><a href="#[76]">I3C2_ER_IRQHandler</a> from startup_stm32h533xx.o(.text) referenced from startup_stm32h533xx.o(RESET)
 <LI><a href="#[75]">I3C2_EV_IRQHandler</a> from startup_stm32h533xx.o(.text) referenced from startup_stm32h533xx.o(RESET)
 <LI><a href="#[66]">ICACHE_IRQHandler</a> from startup_stm32h533xx.o(.text) referenced from startup_stm32h533xx.o(RESET)
 <LI><a href="#[2e]">IWDG_IRQHandler</a> from startup_stm32h533xx.o(.text) referenced from startup_stm32h533xx.o(RESET)
 <LI><a href="#[4b]">LPTIM1_IRQHandler</a> from startup_stm32h533xx.o(.text) referenced from startup_stm32h533xx.o(RESET)
 <LI><a href="#[51]">LPTIM2_IRQHandler</a> from startup_stm32h533xx.o(.text) referenced from startup_stm32h533xx.o(RESET)
 <LI><a href="#[4a]">LPUART1_IRQHandler</a> from startup_stm32h533xx.o(.text) referenced from startup_stm32h533xx.o(RESET)
 <LI><a href="#[3]">MemManage_Handler</a> from stm32h5xx_it.o(.text.MemManage_Handler) referenced from startup_stm32h533xx.o(RESET)
 <LI><a href="#[1]">NMI_Handler</a> from stm32h5xx_it.o(.text.NMI_Handler) referenced from startup_stm32h533xx.o(RESET)
 <LI><a href="#[57]">OCTOSPI1_IRQHandler</a> from startup_stm32h533xx.o(.text) referenced from startup_stm32h533xx.o(RESET)
 <LI><a href="#[6d]">OTFDEC1_IRQHandler</a> from startup_stm32h533xx.o(.text) referenced from startup_stm32h533xx.o(RESET)
 <LI><a href="#[70]">PKA_IRQHandler</a> from startup_stm32h533xx.o(.text) referenced from startup_stm32h533xx.o(RESET)
 <LI><a href="#[c]">PVD_AVD_IRQHandler</a> from startup_stm32h533xx.o(.text) referenced from startup_stm32h533xx.o(RESET)
 <LI><a href="#[9]">PendSV_Handler</a> from stm32h5xx_it.o(.text.PendSV_Handler) referenced from startup_stm32h533xx.o(RESET)
 <LI><a href="#[10]">RAMCFG_IRQHandler</a> from startup_stm32h533xx.o(.text) referenced from startup_stm32h533xx.o(RESET)
 <LI><a href="#[14]">RCC_IRQHandler</a> from startup_stm32h533xx.o(.text) referenced from startup_stm32h533xx.o(RESET)
 <LI><a href="#[15]">RCC_S_IRQHandler</a> from startup_stm32h533xx.o(.text) referenced from startup_stm32h533xx.o(RESET)
 <LI><a href="#[6c]">RNG_IRQHandler</a> from startup_stm32h533xx.o(.text) referenced from startup_stm32h533xx.o(RESET)
 <LI><a href="#[d]">RTC_IRQHandler</a> from startup_stm32h533xx.o(.text) referenced from startup_stm32h533xx.o(RESET)
 <LI><a href="#[e]">RTC_S_IRQHandler</a> from startup_stm32h533xx.o(.text) referenced from startup_stm32h533xx.o(RESET)
 <LI><a href="#[0]">Reset_Handler</a> from startup_stm32h533xx.o(.text) referenced from startup_stm32h533xx.o(RESET)
 <LI><a href="#[2f]">SAES_IRQHandler</a> from startup_stm32h533xx.o(.text) referenced from startup_stm32h533xx.o(RESET)
 <LI><a href="#[58]">SDMMC1_IRQHandler</a> from startup_stm32h533xx.o(.text) referenced from startup_stm32h533xx.o(RESET)
 <LI><a href="#[42]">SPI1_IRQHandler</a> from startup_stm32h533xx.o(.text) referenced from startup_stm32h533xx.o(RESET)
 <LI><a href="#[43]">SPI2_IRQHandler</a> from startup_stm32h533xx.o(.text) referenced from startup_stm32h533xx.o(RESET)
 <LI><a href="#[44]">SPI3_IRQHandler</a> from startup_stm32h533xx.o(.text) referenced from startup_stm32h533xx.o(RESET)
 <LI><a href="#[5b]">SPI4_IRQHandler</a> from startup_stm32h533xx.o(.text) referenced from startup_stm32h533xx.o(RESET)
 <LI><a href="#[7]">SVC_Handler</a> from stm32h5xx_it.o(.text.SVC_Handler) referenced from startup_stm32h533xx.o(RESET)
 <LI><a href="#[6]">SecureFault_Handler</a> from startup_stm32h533xx.o(.text) referenced from startup_stm32h533xx.o(RESET)
 <LI><a href="#[a]">SysTick_Handler</a> from stm32h5xx_it.o(.text.SysTick_Handler) referenced from startup_stm32h533xx.o(RESET)
 <LI><a href="#[77]">SystemInit</a> from system_stm32h5xx.o(.text.SystemInit) referenced from startup_stm32h533xx.o(.text)
 <LI><a href="#[f]">TAMP_IRQHandler</a> from startup_stm32h533xx.o(.text) referenced from startup_stm32h533xx.o(RESET)
 <LI><a href="#[72]">TIM12_IRQHandler</a> from startup_stm32h533xx.o(.text) referenced from startup_stm32h533xx.o(RESET)
 <LI><a href="#[52]">TIM15_IRQHandler</a> from startup_stm32h533xx.o(.text) referenced from startup_stm32h533xx.o(RESET)
 <LI><a href="#[34]">TIM1_BRK_IRQHandler</a> from startup_stm32h533xx.o(.text) referenced from startup_stm32h533xx.o(RESET)
 <LI><a href="#[37]">TIM1_CC_IRQHandler</a> from startup_stm32h533xx.o(.text) referenced from startup_stm32h533xx.o(RESET)
 <LI><a href="#[36]">TIM1_TRG_COM_IRQHandler</a> from startup_stm32h533xx.o(.text) referenced from startup_stm32h533xx.o(RESET)
 <LI><a href="#[35]">TIM1_UP_IRQHandler</a> from startup_stm32h533xx.o(.text) referenced from startup_stm32h533xx.o(RESET)
 <LI><a href="#[38]">TIM2_IRQHandler</a> from startup_stm32h533xx.o(.text) referenced from startup_stm32h533xx.o(RESET)
 <LI><a href="#[39]">TIM3_IRQHandler</a> from startup_stm32h533xx.o(.text) referenced from startup_stm32h533xx.o(RESET)
 <LI><a href="#[3a]">TIM4_IRQHandler</a> from startup_stm32h533xx.o(.text) referenced from startup_stm32h533xx.o(RESET)
 <LI><a href="#[3b]">TIM5_IRQHandler</a> from startup_stm32h533xx.o(.text) referenced from startup_stm32h533xx.o(RESET)
 <LI><a href="#[3c]">TIM6_IRQHandler</a> from stm32h5xx_it.o(.text.TIM6_IRQHandler) referenced from startup_stm32h533xx.o(RESET)
 <LI><a href="#[3d]">TIM7_IRQHandler</a> from startup_stm32h533xx.o(.text) referenced from startup_stm32h533xx.o(RESET)
 <LI><a href="#[4c]">TIM8_BRK_IRQHandler</a> from startup_stm32h533xx.o(.text) referenced from startup_stm32h533xx.o(RESET)
 <LI><a href="#[4f]">TIM8_CC_IRQHandler</a> from startup_stm32h533xx.o(.text) referenced from startup_stm32h533xx.o(RESET)
 <LI><a href="#[4e]">TIM8_TRG_COM_IRQHandler</a> from startup_stm32h533xx.o(.text) referenced from startup_stm32h533xx.o(RESET)
 <LI><a href="#[4d]">TIM8_UP_IRQHandler</a> from startup_stm32h533xx.o(.text) referenced from startup_stm32h533xx.o(RESET)
 <LI><a href="#[48]">UART4_IRQHandler</a> from startup_stm32h533xx.o(.text) referenced from startup_stm32h533xx.o(RESET)
 <LI><a href="#[49]">UART5_IRQHandler</a> from startup_stm32h533xx.o(.text) referenced from startup_stm32h533xx.o(RESET)
 <LI><a href="#[55]">UCPD1_IRQHandler</a> from startup_stm32h533xx.o(.text) referenced from startup_stm32h533xx.o(RESET)
 <LI><a href="#[45]">USART1_IRQHandler</a> from startup_stm32h533xx.o(.text) referenced from startup_stm32h533xx.o(RESET)
 <LI><a href="#[46]">USART2_IRQHandler</a> from startup_stm32h533xx.o(.text) referenced from startup_stm32h533xx.o(RESET)
 <LI><a href="#[47]">USART3_IRQHandler</a> from startup_stm32h533xx.o(.text) referenced from startup_stm32h533xx.o(RESET)
 <LI><a href="#[5c]">USART6_IRQHandler</a> from startup_stm32h533xx.o(.text) referenced from startup_stm32h533xx.o(RESET)
 <LI><a href="#[53]">USB_DRD_FS_IRQHandler</a> from stm32h5xx_it.o(.text.USB_DRD_FS_IRQHandler) referenced from startup_stm32h533xx.o(RESET)
 <LI><a href="#[5]">UsageFault_Handler</a> from stm32h5xx_it.o(.text.UsageFault_Handler) referenced from startup_stm32h533xx.o(RESET)
 <LI><a href="#[b]">WWDG_IRQHandler</a> from startup_stm32h533xx.o(.text) referenced from startup_stm32h533xx.o(RESET)
 <LI><a href="#[78]">__main</a> from __main.o(!!!main) referenced from startup_stm32h533xx.o(.text)
 <LI><a href="#[81]">midid_control_xfer_cb</a> from midi_device.o(.text.midid_control_xfer_cb) referenced from usbd.o(.rodata._usbd_driver)
 <LI><a href="#[7e]">midid_deinit</a> from midi_device.o(.text.midid_deinit) referenced from usbd.o(.rodata._usbd_driver)
 <LI><a href="#[7d]">midid_init</a> from midi_device.o(.text.midid_init) referenced from usbd.o(.rodata._usbd_driver)
 <LI><a href="#[80]">midid_open</a> from midi_device.o(.text.midid_open) referenced from usbd.o(.rodata._usbd_driver)
 <LI><a href="#[7f]">midid_reset</a> from midi_device.o(.text.midid_reset) referenced from usbd.o(.rodata._usbd_driver)
 <LI><a href="#[82]">midid_xfer_cb</a> from midi_device.o(.text.midid_xfer_cb) referenced from usbd.o(.rodata._usbd_driver)
 <LI><a href="#[7c]">tud_vendor_control_xfer_cb</a> from usbd.o(.text.tud_vendor_control_xfer_cb) referenced 2 times from usbd.o(.text.process_control_request)
 <LI><a href="#[84]">usbd_int_set</a> from usbd.o(.text.usbd_int_set) referenced from usbd.o(.data._usbd_qdef)
 <LI><a href="#[84]">usbd_int_set</a> from usbd.o(.text.usbd_int_set) referenced from usbd.o(.data._usbd_spin)
</UL>
<P>
<H3>
Global Symbols
</H3>
<P><STRONG><a name="[78]"></a>__main</STRONG> (Thumb, 8 bytes, Stack size 0 bytes, __main.o(!!!main))
<BR><BR>[Calls]<UL><LI><a href="#[86]">&gt;&gt;</a>&nbsp;&nbsp;&nbsp;__rt_entry
<LI><a href="#[85]">&gt;&gt;</a>&nbsp;&nbsp;&nbsp;__scatterload
</UL>
<BR>[Address Reference Count : 1]<UL><LI> startup_stm32h533xx.o(.text)
</UL>
<P><STRONG><a name="[85]"></a>__scatterload</STRONG> (Thumb, 0 bytes, Stack size unknown bytes, __scatter.o(!!!scatter))
<BR><BR>[Called By]<UL><LI><a href="#[78]">&gt;&gt;</a>&nbsp;&nbsp;&nbsp;__main
</UL>

<P><STRONG><a name="[87]"></a>__scatterload_rt2</STRONG> (Thumb, 84 bytes, Stack size unknown bytes, __scatter.o(!!!scatter), UNUSED)
<BR><BR>[Calls]<UL><LI><a href="#[86]">&gt;&gt;</a>&nbsp;&nbsp;&nbsp;__rt_entry
</UL>

<P><STRONG><a name="[1ba]"></a>__scatterload_rt2_thumb_only</STRONG> (Thumb, 0 bytes, Stack size unknown bytes, __scatter.o(!!!scatter), UNUSED)

<P><STRONG><a name="[1bb]"></a>__scatterload_loop</STRONG> (Thumb, 0 bytes, Stack size unknown bytes, __scatter.o(!!!scatter), UNUSED)

<P><STRONG><a name="[88]"></a>__scatterload_copy</STRONG> (Thumb, 26 bytes, Stack size unknown bytes, __scatter_copy.o(!!handler_copy), UNUSED)
<BR><BR>[Calls]<UL><LI><a href="#[88]">&gt;&gt;</a>&nbsp;&nbsp;&nbsp;__scatterload_copy
</UL>
<BR>[Called By]<UL><LI><a href="#[88]">&gt;&gt;</a>&nbsp;&nbsp;&nbsp;__scatterload_copy
</UL>

<P><STRONG><a name="[1bc]"></a>__scatterload_null</STRONG> (Thumb, 2 bytes, Stack size unknown bytes, __scatter.o(!!handler_null), UNUSED)

<P><STRONG><a name="[1bd]"></a>__scatterload_zeroinit</STRONG> (Thumb, 28 bytes, Stack size unknown bytes, __scatter_zi.o(!!handler_zi), UNUSED)

<P><STRONG><a name="[8e]"></a>__rt_lib_init</STRONG> (Thumb, 0 bytes, Stack size unknown bytes, libinit.o(.ARM.Collect$$libinit$$00000000))
<BR><BR>[Called By]<UL><LI><a href="#[8d]">&gt;&gt;</a>&nbsp;&nbsp;&nbsp;__rt_entry_li
</UL>

<P><STRONG><a name="[89]"></a>__rt_lib_init_fp_1</STRONG> (Thumb, 0 bytes, Stack size unknown bytes, libinit2.o(.ARM.Collect$$libinit$$00000001))
<BR><BR>[Calls]<UL><LI><a href="#[8a]">&gt;&gt;</a>&nbsp;&nbsp;&nbsp;_fp_init
</UL>

<P><STRONG><a name="[1be]"></a>__rt_lib_init_alloca_1</STRONG> (Thumb, 0 bytes, Stack size unknown bytes, libinit2.o(.ARM.Collect$$libinit$$00000030))

<P><STRONG><a name="[1bf]"></a>__rt_lib_init_argv_1</STRONG> (Thumb, 0 bytes, Stack size unknown bytes, libinit2.o(.ARM.Collect$$libinit$$0000002E))

<P><STRONG><a name="[1c0]"></a>__rt_lib_init_atexit_1</STRONG> (Thumb, 0 bytes, Stack size unknown bytes, libinit2.o(.ARM.Collect$$libinit$$0000001D))

<P><STRONG><a name="[1c1]"></a>__rt_lib_init_clock_1</STRONG> (Thumb, 0 bytes, Stack size unknown bytes, libinit2.o(.ARM.Collect$$libinit$$00000023))

<P><STRONG><a name="[1c2]"></a>__rt_lib_init_cpp_1</STRONG> (Thumb, 0 bytes, Stack size unknown bytes, libinit2.o(.ARM.Collect$$libinit$$00000034))

<P><STRONG><a name="[1c3]"></a>__rt_lib_init_exceptions_1</STRONG> (Thumb, 0 bytes, Stack size unknown bytes, libinit2.o(.ARM.Collect$$libinit$$00000032))

<P><STRONG><a name="[1c4]"></a>__rt_lib_init_fp_trap_1</STRONG> (Thumb, 0 bytes, Stack size unknown bytes, libinit2.o(.ARM.Collect$$libinit$$00000021))

<P><STRONG><a name="[1c5]"></a>__rt_lib_init_getenv_1</STRONG> (Thumb, 0 bytes, Stack size unknown bytes, libinit2.o(.ARM.Collect$$libinit$$00000025))

<P><STRONG><a name="[1c6]"></a>__rt_lib_init_heap_1</STRONG> (Thumb, 0 bytes, Stack size unknown bytes, libinit2.o(.ARM.Collect$$libinit$$0000000C))

<P><STRONG><a name="[1c7]"></a>__rt_lib_init_lc_collate_1</STRONG> (Thumb, 0 bytes, Stack size unknown bytes, libinit2.o(.ARM.Collect$$libinit$$00000013))

<P><STRONG><a name="[1c8]"></a>__rt_lib_init_lc_ctype_1</STRONG> (Thumb, 0 bytes, Stack size unknown bytes, libinit2.o(.ARM.Collect$$libinit$$00000015))

<P><STRONG><a name="[1c9]"></a>__rt_lib_init_lc_monetary_1</STRONG> (Thumb, 0 bytes, Stack size unknown bytes, libinit2.o(.ARM.Collect$$libinit$$00000017))

<P><STRONG><a name="[1ca]"></a>__rt_lib_init_lc_numeric_1</STRONG> (Thumb, 0 bytes, Stack size unknown bytes, libinit2.o(.ARM.Collect$$libinit$$00000019))

<P><STRONG><a name="[1cb]"></a>__rt_lib_init_lc_time_1</STRONG> (Thumb, 0 bytes, Stack size unknown bytes, libinit2.o(.ARM.Collect$$libinit$$0000001B))

<P><STRONG><a name="[1cc]"></a>__rt_lib_init_preinit_1</STRONG> (Thumb, 0 bytes, Stack size unknown bytes, libinit2.o(.ARM.Collect$$libinit$$00000006))

<P><STRONG><a name="[1cd]"></a>__rt_lib_init_rand_1</STRONG> (Thumb, 0 bytes, Stack size unknown bytes, libinit2.o(.ARM.Collect$$libinit$$00000010))

<P><STRONG><a name="[1ce]"></a>__rt_lib_init_relocate_pie_1</STRONG> (Thumb, 0 bytes, Stack size unknown bytes, libinit2.o(.ARM.Collect$$libinit$$00000004))

<P><STRONG><a name="[1cf]"></a>__rt_lib_init_return</STRONG> (Thumb, 0 bytes, Stack size unknown bytes, libinit2.o(.ARM.Collect$$libinit$$00000035))

<P><STRONG><a name="[1d0]"></a>__rt_lib_init_signal_1</STRONG> (Thumb, 0 bytes, Stack size unknown bytes, libinit2.o(.ARM.Collect$$libinit$$0000001F))

<P><STRONG><a name="[1d1]"></a>__rt_lib_init_stdio_1</STRONG> (Thumb, 0 bytes, Stack size unknown bytes, libinit2.o(.ARM.Collect$$libinit$$00000027))

<P><STRONG><a name="[1d2]"></a>__rt_lib_init_user_alloc_1</STRONG> (Thumb, 0 bytes, Stack size unknown bytes, libinit2.o(.ARM.Collect$$libinit$$0000000E))

<P><STRONG><a name="[93]"></a>__rt_lib_shutdown</STRONG> (Thumb, 0 bytes, Stack size unknown bytes, libshutdown.o(.ARM.Collect$$libshutdown$$00000000))
<BR><BR>[Called By]<UL><LI><a href="#[92]">&gt;&gt;</a>&nbsp;&nbsp;&nbsp;__rt_exit_ls
</UL>

<P><STRONG><a name="[1d3]"></a>__rt_lib_shutdown_cpp_1</STRONG> (Thumb, 0 bytes, Stack size unknown bytes, libshutdown2.o(.ARM.Collect$$libshutdown$$00000002))

<P><STRONG><a name="[1d4]"></a>__rt_lib_shutdown_fp_trap_1</STRONG> (Thumb, 0 bytes, Stack size unknown bytes, libshutdown2.o(.ARM.Collect$$libshutdown$$00000007))

<P><STRONG><a name="[1d5]"></a>__rt_lib_shutdown_heap_1</STRONG> (Thumb, 0 bytes, Stack size unknown bytes, libshutdown2.o(.ARM.Collect$$libshutdown$$0000000F))

<P><STRONG><a name="[1d6]"></a>__rt_lib_shutdown_return</STRONG> (Thumb, 0 bytes, Stack size unknown bytes, libshutdown2.o(.ARM.Collect$$libshutdown$$00000010))

<P><STRONG><a name="[1d7]"></a>__rt_lib_shutdown_signal_1</STRONG> (Thumb, 0 bytes, Stack size unknown bytes, libshutdown2.o(.ARM.Collect$$libshutdown$$0000000A))

<P><STRONG><a name="[1d8]"></a>__rt_lib_shutdown_stdio_1</STRONG> (Thumb, 0 bytes, Stack size unknown bytes, libshutdown2.o(.ARM.Collect$$libshutdown$$00000004))

<P><STRONG><a name="[1d9]"></a>__rt_lib_shutdown_user_alloc_1</STRONG> (Thumb, 0 bytes, Stack size unknown bytes, libshutdown2.o(.ARM.Collect$$libshutdown$$0000000C))

<P><STRONG><a name="[86]"></a>__rt_entry</STRONG> (Thumb, 0 bytes, Stack size unknown bytes, __rtentry.o(.ARM.Collect$$rtentry$$00000000))
<BR><BR>[Called By]<UL><LI><a href="#[78]">&gt;&gt;</a>&nbsp;&nbsp;&nbsp;__main
<LI><a href="#[87]">&gt;&gt;</a>&nbsp;&nbsp;&nbsp;__scatterload_rt2
</UL>

<P><STRONG><a name="[1da]"></a>__rt_entry_presh_1</STRONG> (Thumb, 0 bytes, Stack size unknown bytes, __rtentry2.o(.ARM.Collect$$rtentry$$00000002))

<P><STRONG><a name="[8b]"></a>__rt_entry_sh</STRONG> (Thumb, 0 bytes, Stack size unknown bytes, __rtentry4.o(.ARM.Collect$$rtentry$$00000004))
<BR><BR>[Stack]<UL><LI>Max Depth = 8 + Unknown Stack Size
<LI>Call Chain = __rt_entry_sh &rArr; __user_setup_stackheap
</UL>
<BR>[Calls]<UL><LI><a href="#[8c]">&gt;&gt;</a>&nbsp;&nbsp;&nbsp;__user_setup_stackheap
</UL>

<P><STRONG><a name="[8d]"></a>__rt_entry_li</STRONG> (Thumb, 0 bytes, Stack size unknown bytes, __rtentry2.o(.ARM.Collect$$rtentry$$0000000A))
<BR><BR>[Calls]<UL><LI><a href="#[8e]">&gt;&gt;</a>&nbsp;&nbsp;&nbsp;__rt_lib_init
</UL>

<P><STRONG><a name="[1db]"></a>__rt_entry_postsh_1</STRONG> (Thumb, 0 bytes, Stack size unknown bytes, __rtentry2.o(.ARM.Collect$$rtentry$$00000009))

<P><STRONG><a name="[8f]"></a>__rt_entry_main</STRONG> (Thumb, 0 bytes, Stack size unknown bytes, __rtentry2.o(.ARM.Collect$$rtentry$$0000000D))
<BR><BR>[Stack]<UL><LI>Max Depth = 1016 + Unknown Stack Size
<LI>Call Chain = __rt_entry_main &rArr; main &rArr; Matrix_Scan &rArr; Matrix_TryLockFromScan &rArr; Matrix_ReportConfig &rArr; tud_midi_n_stream_write &rArr; tu_edpt_stream_write &rArr; tu_edpt_stream_write_xfer &rArr; stream_xfer &rArr; usbd_edpt_xfer &rArr; dcd_edpt_xfer &rArr; edpt_xfer &rArr; dcd_transmit_packet &rArr; tu_fifo_read_n_access_mode &rArr; tu_fifo_peek_n_access_mode &rArr; hwff_pull_n &rArr; tu_hwfifo_write
</UL>
<BR>[Calls]<UL><LI><a href="#[90]">&gt;&gt;</a>&nbsp;&nbsp;&nbsp;main
<LI><a href="#[91]">&gt;&gt;</a>&nbsp;&nbsp;&nbsp;exit
</UL>

<P><STRONG><a name="[1dc]"></a>__rt_entry_postli_1</STRONG> (Thumb, 0 bytes, Stack size unknown bytes, __rtentry2.o(.ARM.Collect$$rtentry$$0000000C))

<P><STRONG><a name="[9c]"></a>__rt_exit</STRONG> (Thumb, 0 bytes, Stack size unknown bytes, rtexit.o(.ARM.Collect$$rtexit$$00000000))
<BR><BR>[Called By]<UL><LI><a href="#[91]">&gt;&gt;</a>&nbsp;&nbsp;&nbsp;exit
</UL>

<P><STRONG><a name="[92]"></a>__rt_exit_ls</STRONG> (Thumb, 0 bytes, Stack size unknown bytes, rtexit2.o(.ARM.Collect$$rtexit$$00000003))
<BR><BR>[Calls]<UL><LI><a href="#[93]">&gt;&gt;</a>&nbsp;&nbsp;&nbsp;__rt_lib_shutdown
</UL>

<P><STRONG><a name="[1dd]"></a>__rt_exit_prels_1</STRONG> (Thumb, 0 bytes, Stack size unknown bytes, rtexit2.o(.ARM.Collect$$rtexit$$00000002))

<P><STRONG><a name="[94]"></a>__rt_exit_exit</STRONG> (Thumb, 0 bytes, Stack size unknown bytes, rtexit2.o(.ARM.Collect$$rtexit$$00000004))
<BR><BR>[Calls]<UL><LI><a href="#[95]">&gt;&gt;</a>&nbsp;&nbsp;&nbsp;_sys_exit
</UL>

<P><STRONG><a name="[0]"></a>Reset_Handler</STRONG> (Thumb, 8 bytes, Stack size 0 bytes, startup_stm32h533xx.o(.text))
<BR>[Address Reference Count : 1]<UL><LI> startup_stm32h533xx.o(RESET)
</UL>
<P><STRONG><a name="[6]"></a>SecureFault_Handler</STRONG> (Thumb, 2 bytes, Stack size 0 bytes, startup_stm32h533xx.o(.text))
<BR><BR>[Calls]<UL><LI><a href="#[6]">&gt;&gt;</a>&nbsp;&nbsp;&nbsp;SecureFault_Handler
</UL>
<BR>[Called By]<UL><LI><a href="#[6]">&gt;&gt;</a>&nbsp;&nbsp;&nbsp;SecureFault_Handler
</UL>
<BR>[Address Reference Count : 1]<UL><LI> startup_stm32h533xx.o(RESET)
</UL>
<P><STRONG><a name="[50]"></a>ADC2_IRQHandler</STRONG> (Thumb, 0 bytes, Stack size 0 bytes, startup_stm32h533xx.o(.text))
<BR><BR>[Calls]<UL><LI><a href="#[50]">&gt;&gt;</a>&nbsp;&nbsp;&nbsp;ADC2_IRQHandler
</UL>
<BR>[Called By]<UL><LI><a href="#[50]">&gt;&gt;</a>&nbsp;&nbsp;&nbsp;ADC2_IRQHandler
</UL>
<BR>[Address Reference Count : 1]<UL><LI> startup_stm32h533xx.o(RESET)
</UL>
<P><STRONG><a name="[6e]"></a>AES_IRQHandler</STRONG> (Thumb, 0 bytes, Stack size 0 bytes, startup_stm32h533xx.o(.text))
<BR>[Address Reference Count : 1]<UL><LI> startup_stm32h533xx.o(RESET)
</UL>
<P><STRONG><a name="[71]"></a>CEC_IRQHandler</STRONG> (Thumb, 0 bytes, Stack size 0 bytes, startup_stm32h533xx.o(.text))
<BR>[Address Reference Count : 1]<UL><LI> startup_stm32h533xx.o(RESET)
</UL>
<P><STRONG><a name="[54]"></a>CRS_IRQHandler</STRONG> (Thumb, 0 bytes, Stack size 0 bytes, startup_stm32h533xx.o(.text))
<BR>[Address Reference Count : 1]<UL><LI> startup_stm32h533xx.o(RESET)
</UL>
<P><STRONG><a name="[31]"></a>DAC1_IRQHandler</STRONG> (Thumb, 0 bytes, Stack size 0 bytes, startup_stm32h533xx.o(.text))
<BR>[Address Reference Count : 1]<UL><LI> startup_stm32h533xx.o(RESET)
</UL>
<P><STRONG><a name="[67]"></a>DCACHE1_IRQHandler</STRONG> (Thumb, 0 bytes, Stack size 0 bytes, startup_stm32h533xx.o(.text))
<BR>[Address Reference Count : 1]<UL><LI> startup_stm32h533xx.o(RESET)
</UL>
<P><STRONG><a name="[68]"></a>DCMI_PSSI_IRQHandler</STRONG> (Thumb, 0 bytes, Stack size 0 bytes, startup_stm32h533xx.o(.text))
<BR>[Address Reference Count : 1]<UL><LI> startup_stm32h533xx.o(RESET)
</UL>
<P><STRONG><a name="[6b]"></a>DTS_IRQHandler</STRONG> (Thumb, 0 bytes, Stack size 0 bytes, startup_stm32h533xx.o(.text))
<BR>[Address Reference Count : 1]<UL><LI> startup_stm32h533xx.o(RESET)
</UL>
<P><STRONG><a name="[16]"></a>EXTI0_IRQHandler</STRONG> (Thumb, 0 bytes, Stack size 0 bytes, startup_stm32h533xx.o(.text))
<BR>[Address Reference Count : 1]<UL><LI> startup_stm32h533xx.o(RESET)
</UL>
<P><STRONG><a name="[20]"></a>EXTI10_IRQHandler</STRONG> (Thumb, 0 bytes, Stack size 0 bytes, startup_stm32h533xx.o(.text))
<BR>[Address Reference Count : 1]<UL><LI> startup_stm32h533xx.o(RESET)
</UL>
<P><STRONG><a name="[21]"></a>EXTI11_IRQHandler</STRONG> (Thumb, 0 bytes, Stack size 0 bytes, startup_stm32h533xx.o(.text))
<BR>[Address Reference Count : 1]<UL><LI> startup_stm32h533xx.o(RESET)
</UL>
<P><STRONG><a name="[22]"></a>EXTI12_IRQHandler</STRONG> (Thumb, 0 bytes, Stack size 0 bytes, startup_stm32h533xx.o(.text))
<BR>[Address Reference Count : 1]<UL><LI> startup_stm32h533xx.o(RESET)
</UL>
<P><STRONG><a name="[24]"></a>EXTI14_IRQHandler</STRONG> (Thumb, 0 bytes, Stack size 0 bytes, startup_stm32h533xx.o(.text))
<BR>[Address Reference Count : 1]<UL><LI> startup_stm32h533xx.o(RESET)
</UL>
<P><STRONG><a name="[25]"></a>EXTI15_IRQHandler</STRONG> (Thumb, 0 bytes, Stack size 0 bytes, startup_stm32h533xx.o(.text))
<BR>[Address Reference Count : 1]<UL><LI> startup_stm32h533xx.o(RESET)
</UL>
<P><STRONG><a name="[17]"></a>EXTI1_IRQHandler</STRONG> (Thumb, 0 bytes, Stack size 0 bytes, startup_stm32h533xx.o(.text))
<BR>[Address Reference Count : 1]<UL><LI> startup_stm32h533xx.o(RESET)
</UL>
<P><STRONG><a name="[18]"></a>EXTI2_IRQHandler</STRONG> (Thumb, 0 bytes, Stack size 0 bytes, startup_stm32h533xx.o(.text))
<BR>[Address Reference Count : 1]<UL><LI> startup_stm32h533xx.o(RESET)
</UL>
<P><STRONG><a name="[19]"></a>EXTI3_IRQHandler</STRONG> (Thumb, 0 bytes, Stack size 0 bytes, startup_stm32h533xx.o(.text))
<BR>[Address Reference Count : 1]<UL><LI> startup_stm32h533xx.o(RESET)
</UL>
<P><STRONG><a name="[1a]"></a>EXTI4_IRQHandler</STRONG> (Thumb, 0 bytes, Stack size 0 bytes, startup_stm32h533xx.o(.text))
<BR>[Address Reference Count : 1]<UL><LI> startup_stm32h533xx.o(RESET)
</UL>
<P><STRONG><a name="[1b]"></a>EXTI5_IRQHandler</STRONG> (Thumb, 0 bytes, Stack size 0 bytes, startup_stm32h533xx.o(.text))
<BR>[Address Reference Count : 1]<UL><LI> startup_stm32h533xx.o(RESET)
</UL>
<P><STRONG><a name="[1c]"></a>EXTI6_IRQHandler</STRONG> (Thumb, 0 bytes, Stack size 0 bytes, startup_stm32h533xx.o(.text))
<BR>[Address Reference Count : 1]<UL><LI> startup_stm32h533xx.o(RESET)
</UL>
<P><STRONG><a name="[1d]"></a>EXTI7_IRQHandler</STRONG> (Thumb, 0 bytes, Stack size 0 bytes, startup_stm32h533xx.o(.text))
<BR>[Address Reference Count : 1]<UL><LI> startup_stm32h533xx.o(RESET)
</UL>
<P><STRONG><a name="[1e]"></a>EXTI8_IRQHandler</STRONG> (Thumb, 0 bytes, Stack size 0 bytes, startup_stm32h533xx.o(.text))
<BR>[Address Reference Count : 1]<UL><LI> startup_stm32h533xx.o(RESET)
</UL>
<P><STRONG><a name="[1f]"></a>EXTI9_IRQHandler</STRONG> (Thumb, 0 bytes, Stack size 0 bytes, startup_stm32h533xx.o(.text))
<BR>[Address Reference Count : 1]<UL><LI> startup_stm32h533xx.o(RESET)
</UL>
<P><STRONG><a name="[32]"></a>FDCAN1_IT0_IRQHandler</STRONG> (Thumb, 0 bytes, Stack size 0 bytes, startup_stm32h533xx.o(.text))
<BR>[Address Reference Count : 1]<UL><LI> startup_stm32h533xx.o(RESET)
</UL>
<P><STRONG><a name="[33]"></a>FDCAN1_IT1_IRQHandler</STRONG> (Thumb, 0 bytes, Stack size 0 bytes, startup_stm32h533xx.o(.text))
<BR>[Address Reference Count : 1]<UL><LI> startup_stm32h533xx.o(RESET)
</UL>
<P><STRONG><a name="[69]"></a>FDCAN2_IT0_IRQHandler</STRONG> (Thumb, 0 bytes, Stack size 0 bytes, startup_stm32h533xx.o(.text))
<BR>[Address Reference Count : 1]<UL><LI> startup_stm32h533xx.o(RESET)
</UL>
<P><STRONG><a name="[6a]"></a>FDCAN2_IT1_IRQHandler</STRONG> (Thumb, 0 bytes, Stack size 0 bytes, startup_stm32h533xx.o(.text))
<BR>[Address Reference Count : 1]<UL><LI> startup_stm32h533xx.o(RESET)
</UL>
<P><STRONG><a name="[11]"></a>FLASH_IRQHandler</STRONG> (Thumb, 0 bytes, Stack size 0 bytes, startup_stm32h533xx.o(.text))
<BR>[Address Reference Count : 1]<UL><LI> startup_stm32h533xx.o(RESET)
</UL>
<P><STRONG><a name="[12]"></a>FLASH_S_IRQHandler</STRONG> (Thumb, 0 bytes, Stack size 0 bytes, startup_stm32h533xx.o(.text))
<BR>[Address Reference Count : 1]<UL><LI> startup_stm32h533xx.o(RESET)
</UL>
<P><STRONG><a name="[56]"></a>FMC_IRQHandler</STRONG> (Thumb, 0 bytes, Stack size 0 bytes, startup_stm32h533xx.o(.text))
<BR>[Address Reference Count : 1]<UL><LI> startup_stm32h533xx.o(RESET)
</UL>
<P><STRONG><a name="[65]"></a>FPU_IRQHandler</STRONG> (Thumb, 0 bytes, Stack size 0 bytes, startup_stm32h533xx.o(.text))
<BR>[Address Reference Count : 1]<UL><LI> startup_stm32h533xx.o(RESET)
</UL>
<P><STRONG><a name="[27]"></a>GPDMA1_Channel1_IRQHandler</STRONG> (Thumb, 0 bytes, Stack size 0 bytes, startup_stm32h533xx.o(.text))
<BR>[Address Reference Count : 1]<UL><LI> startup_stm32h533xx.o(RESET)
</UL>
<P><STRONG><a name="[28]"></a>GPDMA1_Channel2_IRQHandler</STRONG> (Thumb, 0 bytes, Stack size 0 bytes, startup_stm32h533xx.o(.text))
<BR>[Address Reference Count : 1]<UL><LI> startup_stm32h533xx.o(RESET)
</UL>
<P><STRONG><a name="[29]"></a>GPDMA1_Channel3_IRQHandler</STRONG> (Thumb, 0 bytes, Stack size 0 bytes, startup_stm32h533xx.o(.text))
<BR>[Address Reference Count : 1]<UL><LI> startup_stm32h533xx.o(RESET)
</UL>
<P><STRONG><a name="[2a]"></a>GPDMA1_Channel4_IRQHandler</STRONG> (Thumb, 0 bytes, Stack size 0 bytes, startup_stm32h533xx.o(.text))
<BR>[Address Reference Count : 1]<UL><LI> startup_stm32h533xx.o(RESET)
</UL>
<P><STRONG><a name="[2b]"></a>GPDMA1_Channel5_IRQHandler</STRONG> (Thumb, 0 bytes, Stack size 0 bytes, startup_stm32h533xx.o(.text))
<BR>[Address Reference Count : 1]<UL><LI> startup_stm32h533xx.o(RESET)
</UL>
<P><STRONG><a name="[2c]"></a>GPDMA1_Channel6_IRQHandler</STRONG> (Thumb, 0 bytes, Stack size 0 bytes, startup_stm32h533xx.o(.text))
<BR>[Address Reference Count : 1]<UL><LI> startup_stm32h533xx.o(RESET)
</UL>
<P><STRONG><a name="[2d]"></a>GPDMA1_Channel7_IRQHandler</STRONG> (Thumb, 0 bytes, Stack size 0 bytes, startup_stm32h533xx.o(.text))
<BR>[Address Reference Count : 1]<UL><LI> startup_stm32h533xx.o(RESET)
</UL>
<P><STRONG><a name="[5d]"></a>GPDMA2_Channel0_IRQHandler</STRONG> (Thumb, 0 bytes, Stack size 0 bytes, startup_stm32h533xx.o(.text))
<BR>[Address Reference Count : 1]<UL><LI> startup_stm32h533xx.o(RESET)
</UL>
<P><STRONG><a name="[5e]"></a>GPDMA2_Channel1_IRQHandler</STRONG> (Thumb, 0 bytes, Stack size 0 bytes, startup_stm32h533xx.o(.text))
<BR>[Address Reference Count : 1]<UL><LI> startup_stm32h533xx.o(RESET)
</UL>
<P><STRONG><a name="[5f]"></a>GPDMA2_Channel2_IRQHandler</STRONG> (Thumb, 0 bytes, Stack size 0 bytes, startup_stm32h533xx.o(.text))
<BR>[Address Reference Count : 1]<UL><LI> startup_stm32h533xx.o(RESET)
</UL>
<P><STRONG><a name="[60]"></a>GPDMA2_Channel3_IRQHandler</STRONG> (Thumb, 0 bytes, Stack size 0 bytes, startup_stm32h533xx.o(.text))
<BR>[Address Reference Count : 1]<UL><LI> startup_stm32h533xx.o(RESET)
</UL>
<P><STRONG><a name="[61]"></a>GPDMA2_Channel4_IRQHandler</STRONG> (Thumb, 0 bytes, Stack size 0 bytes, startup_stm32h533xx.o(.text))
<BR>[Address Reference Count : 1]<UL><LI> startup_stm32h533xx.o(RESET)
</UL>
<P><STRONG><a name="[62]"></a>GPDMA2_Channel5_IRQHandler</STRONG> (Thumb, 0 bytes, Stack size 0 bytes, startup_stm32h533xx.o(.text))
<BR>[Address Reference Count : 1]<UL><LI> startup_stm32h533xx.o(RESET)
</UL>
<P><STRONG><a name="[63]"></a>GPDMA2_Channel6_IRQHandler</STRONG> (Thumb, 0 bytes, Stack size 0 bytes, startup_stm32h533xx.o(.text))
<BR>[Address Reference Count : 1]<UL><LI> startup_stm32h533xx.o(RESET)
</UL>
<P><STRONG><a name="[64]"></a>GPDMA2_Channel7_IRQHandler</STRONG> (Thumb, 0 bytes, Stack size 0 bytes, startup_stm32h533xx.o(.text))
<BR>[Address Reference Count : 1]<UL><LI> startup_stm32h533xx.o(RESET)
</UL>
<P><STRONG><a name="[13]"></a>GTZC_IRQHandler</STRONG> (Thumb, 0 bytes, Stack size 0 bytes, startup_stm32h533xx.o(.text))
<BR>[Address Reference Count : 1]<UL><LI> startup_stm32h533xx.o(RESET)
</UL>
<P><STRONG><a name="[6f]"></a>HASH_IRQHandler</STRONG> (Thumb, 0 bytes, Stack size 0 bytes, startup_stm32h533xx.o(.text))
<BR>[Address Reference Count : 1]<UL><LI> startup_stm32h533xx.o(RESET)
</UL>
<P><STRONG><a name="[3f]"></a>I2C1_ER_IRQHandler</STRONG> (Thumb, 0 bytes, Stack size 0 bytes, startup_stm32h533xx.o(.text))
<BR>[Address Reference Count : 1]<UL><LI> startup_stm32h533xx.o(RESET)
</UL>
<P><STRONG><a name="[3e]"></a>I2C1_EV_IRQHandler</STRONG> (Thumb, 0 bytes, Stack size 0 bytes, startup_stm32h533xx.o(.text))
<BR>[Address Reference Count : 1]<UL><LI> startup_stm32h533xx.o(RESET)
</UL>
<P><STRONG><a name="[41]"></a>I2C2_ER_IRQHandler</STRONG> (Thumb, 0 bytes, Stack size 0 bytes, startup_stm32h533xx.o(.text))
<BR>[Address Reference Count : 1]<UL><LI> startup_stm32h533xx.o(RESET)
</UL>
<P><STRONG><a name="[40]"></a>I2C2_EV_IRQHandler</STRONG> (Thumb, 0 bytes, Stack size 0 bytes, startup_stm32h533xx.o(.text))
<BR>[Address Reference Count : 1]<UL><LI> startup_stm32h533xx.o(RESET)
</UL>
<P><STRONG><a name="[5a]"></a>I2C3_ER_IRQHandler</STRONG> (Thumb, 0 bytes, Stack size 0 bytes, startup_stm32h533xx.o(.text))
<BR>[Address Reference Count : 1]<UL><LI> startup_stm32h533xx.o(RESET)
</UL>
<P><STRONG><a name="[59]"></a>I2C3_EV_IRQHandler</STRONG> (Thumb, 0 bytes, Stack size 0 bytes, startup_stm32h533xx.o(.text))
<BR>[Address Reference Count : 1]<UL><LI> startup_stm32h533xx.o(RESET)
</UL>
<P><STRONG><a name="[74]"></a>I3C1_ER_IRQHandler</STRONG> (Thumb, 0 bytes, Stack size 0 bytes, startup_stm32h533xx.o(.text))
<BR>[Address Reference Count : 1]<UL><LI> startup_stm32h533xx.o(RESET)
</UL>
<P><STRONG><a name="[73]"></a>I3C1_EV_IRQHandler</STRONG> (Thumb, 0 bytes, Stack size 0 bytes, startup_stm32h533xx.o(.text))
<BR>[Address Reference Count : 1]<UL><LI> startup_stm32h533xx.o(RESET)
</UL>
<P><STRONG><a name="[76]"></a>I3C2_ER_IRQHandler</STRONG> (Thumb, 0 bytes, Stack size 0 bytes, startup_stm32h533xx.o(.text))
<BR>[Address Reference Count : 1]<UL><LI> startup_stm32h533xx.o(RESET)
</UL>
<P><STRONG><a name="[75]"></a>I3C2_EV_IRQHandler</STRONG> (Thumb, 0 bytes, Stack size 0 bytes, startup_stm32h533xx.o(.text))
<BR>[Address Reference Count : 1]<UL><LI> startup_stm32h533xx.o(RESET)
</UL>
<P><STRONG><a name="[66]"></a>ICACHE_IRQHandler</STRONG> (Thumb, 0 bytes, Stack size 0 bytes, startup_stm32h533xx.o(.text))
<BR>[Address Reference Count : 1]<UL><LI> startup_stm32h533xx.o(RESET)
</UL>
<P><STRONG><a name="[2e]"></a>IWDG_IRQHandler</STRONG> (Thumb, 0 bytes, Stack size 0 bytes, startup_stm32h533xx.o(.text))
<BR>[Address Reference Count : 1]<UL><LI> startup_stm32h533xx.o(RESET)
</UL>
<P><STRONG><a name="[4b]"></a>LPTIM1_IRQHandler</STRONG> (Thumb, 0 bytes, Stack size 0 bytes, startup_stm32h533xx.o(.text))
<BR>[Address Reference Count : 1]<UL><LI> startup_stm32h533xx.o(RESET)
</UL>
<P><STRONG><a name="[51]"></a>LPTIM2_IRQHandler</STRONG> (Thumb, 0 bytes, Stack size 0 bytes, startup_stm32h533xx.o(.text))
<BR>[Address Reference Count : 1]<UL><LI> startup_stm32h533xx.o(RESET)
</UL>
<P><STRONG><a name="[4a]"></a>LPUART1_IRQHandler</STRONG> (Thumb, 0 bytes, Stack size 0 bytes, startup_stm32h533xx.o(.text))
<BR>[Address Reference Count : 1]<UL><LI> startup_stm32h533xx.o(RESET)
</UL>
<P><STRONG><a name="[57]"></a>OCTOSPI1_IRQHandler</STRONG> (Thumb, 0 bytes, Stack size 0 bytes, startup_stm32h533xx.o(.text))
<BR>[Address Reference Count : 1]<UL><LI> startup_stm32h533xx.o(RESET)
</UL>
<P><STRONG><a name="[6d]"></a>OTFDEC1_IRQHandler</STRONG> (Thumb, 0 bytes, Stack size 0 bytes, startup_stm32h533xx.o(.text))
<BR>[Address Reference Count : 1]<UL><LI> startup_stm32h533xx.o(RESET)
</UL>
<P><STRONG><a name="[70]"></a>PKA_IRQHandler</STRONG> (Thumb, 0 bytes, Stack size 0 bytes, startup_stm32h533xx.o(.text))
<BR>[Address Reference Count : 1]<UL><LI> startup_stm32h533xx.o(RESET)
</UL>
<P><STRONG><a name="[c]"></a>PVD_AVD_IRQHandler</STRONG> (Thumb, 0 bytes, Stack size 0 bytes, startup_stm32h533xx.o(.text))
<BR>[Address Reference Count : 1]<UL><LI> startup_stm32h533xx.o(RESET)
</UL>
<P><STRONG><a name="[10]"></a>RAMCFG_IRQHandler</STRONG> (Thumb, 0 bytes, Stack size 0 bytes, startup_stm32h533xx.o(.text))
<BR>[Address Reference Count : 1]<UL><LI> startup_stm32h533xx.o(RESET)
</UL>
<P><STRONG><a name="[14]"></a>RCC_IRQHandler</STRONG> (Thumb, 0 bytes, Stack size 0 bytes, startup_stm32h533xx.o(.text))
<BR>[Address Reference Count : 1]<UL><LI> startup_stm32h533xx.o(RESET)
</UL>
<P><STRONG><a name="[15]"></a>RCC_S_IRQHandler</STRONG> (Thumb, 0 bytes, Stack size 0 bytes, startup_stm32h533xx.o(.text))
<BR>[Address Reference Count : 1]<UL><LI> startup_stm32h533xx.o(RESET)
</UL>
<P><STRONG><a name="[6c]"></a>RNG_IRQHandler</STRONG> (Thumb, 0 bytes, Stack size 0 bytes, startup_stm32h533xx.o(.text))
<BR>[Address Reference Count : 1]<UL><LI> startup_stm32h533xx.o(RESET)
</UL>
<P><STRONG><a name="[d]"></a>RTC_IRQHandler</STRONG> (Thumb, 0 bytes, Stack size 0 bytes, startup_stm32h533xx.o(.text))
<BR>[Address Reference Count : 1]<UL><LI> startup_stm32h533xx.o(RESET)
</UL>
<P><STRONG><a name="[e]"></a>RTC_S_IRQHandler</STRONG> (Thumb, 0 bytes, Stack size 0 bytes, startup_stm32h533xx.o(.text))
<BR>[Address Reference Count : 1]<UL><LI> startup_stm32h533xx.o(RESET)
</UL>
<P><STRONG><a name="[2f]"></a>SAES_IRQHandler</STRONG> (Thumb, 0 bytes, Stack size 0 bytes, startup_stm32h533xx.o(.text))
<BR>[Address Reference Count : 1]<UL><LI> startup_stm32h533xx.o(RESET)
</UL>
<P><STRONG><a name="[58]"></a>SDMMC1_IRQHandler</STRONG> (Thumb, 0 bytes, Stack size 0 bytes, startup_stm32h533xx.o(.text))
<BR>[Address Reference Count : 1]<UL><LI> startup_stm32h533xx.o(RESET)
</UL>
<P><STRONG><a name="[42]"></a>SPI1_IRQHandler</STRONG> (Thumb, 0 bytes, Stack size 0 bytes, startup_stm32h533xx.o(.text))
<BR>[Address Reference Count : 1]<UL><LI> startup_stm32h533xx.o(RESET)
</UL>
<P><STRONG><a name="[43]"></a>SPI2_IRQHandler</STRONG> (Thumb, 0 bytes, Stack size 0 bytes, startup_stm32h533xx.o(.text))
<BR>[Address Reference Count : 1]<UL><LI> startup_stm32h533xx.o(RESET)
</UL>
<P><STRONG><a name="[44]"></a>SPI3_IRQHandler</STRONG> (Thumb, 0 bytes, Stack size 0 bytes, startup_stm32h533xx.o(.text))
<BR>[Address Reference Count : 1]<UL><LI> startup_stm32h533xx.o(RESET)
</UL>
<P><STRONG><a name="[5b]"></a>SPI4_IRQHandler</STRONG> (Thumb, 0 bytes, Stack size 0 bytes, startup_stm32h533xx.o(.text))
<BR>[Address Reference Count : 1]<UL><LI> startup_stm32h533xx.o(RESET)
</UL>
<P><STRONG><a name="[f]"></a>TAMP_IRQHandler</STRONG> (Thumb, 0 bytes, Stack size 0 bytes, startup_stm32h533xx.o(.text))
<BR>[Address Reference Count : 1]<UL><LI> startup_stm32h533xx.o(RESET)
</UL>
<P><STRONG><a name="[72]"></a>TIM12_IRQHandler</STRONG> (Thumb, 0 bytes, Stack size 0 bytes, startup_stm32h533xx.o(.text))
<BR>[Address Reference Count : 1]<UL><LI> startup_stm32h533xx.o(RESET)
</UL>
<P><STRONG><a name="[52]"></a>TIM15_IRQHandler</STRONG> (Thumb, 0 bytes, Stack size 0 bytes, startup_stm32h533xx.o(.text))
<BR>[Address Reference Count : 1]<UL><LI> startup_stm32h533xx.o(RESET)
</UL>
<P><STRONG><a name="[34]"></a>TIM1_BRK_IRQHandler</STRONG> (Thumb, 0 bytes, Stack size 0 bytes, startup_stm32h533xx.o(.text))
<BR>[Address Reference Count : 1]<UL><LI> startup_stm32h533xx.o(RESET)
</UL>
<P><STRONG><a name="[37]"></a>TIM1_CC_IRQHandler</STRONG> (Thumb, 0 bytes, Stack size 0 bytes, startup_stm32h533xx.o(.text))
<BR>[Address Reference Count : 1]<UL><LI> startup_stm32h533xx.o(RESET)
</UL>
<P><STRONG><a name="[36]"></a>TIM1_TRG_COM_IRQHandler</STRONG> (Thumb, 0 bytes, Stack size 0 bytes, startup_stm32h533xx.o(.text))
<BR>[Address Reference Count : 1]<UL><LI> startup_stm32h533xx.o(RESET)
</UL>
<P><STRONG><a name="[35]"></a>TIM1_UP_IRQHandler</STRONG> (Thumb, 0 bytes, Stack size 0 bytes, startup_stm32h533xx.o(.text))
<BR>[Address Reference Count : 1]<UL><LI> startup_stm32h533xx.o(RESET)
</UL>
<P><STRONG><a name="[38]"></a>TIM2_IRQHandler</STRONG> (Thumb, 0 bytes, Stack size 0 bytes, startup_stm32h533xx.o(.text))
<BR>[Address Reference Count : 1]<UL><LI> startup_stm32h533xx.o(RESET)
</UL>
<P><STRONG><a name="[39]"></a>TIM3_IRQHandler</STRONG> (Thumb, 0 bytes, Stack size 0 bytes, startup_stm32h533xx.o(.text))
<BR>[Address Reference Count : 1]<UL><LI> startup_stm32h533xx.o(RESET)
</UL>
<P><STRONG><a name="[3a]"></a>TIM4_IRQHandler</STRONG> (Thumb, 0 bytes, Stack size 0 bytes, startup_stm32h533xx.o(.text))
<BR>[Address Reference Count : 1]<UL><LI> startup_stm32h533xx.o(RESET)
</UL>
<P><STRONG><a name="[3b]"></a>TIM5_IRQHandler</STRONG> (Thumb, 0 bytes, Stack size 0 bytes, startup_stm32h533xx.o(.text))
<BR>[Address Reference Count : 1]<UL><LI> startup_stm32h533xx.o(RESET)
</UL>
<P><STRONG><a name="[3d]"></a>TIM7_IRQHandler</STRONG> (Thumb, 0 bytes, Stack size 0 bytes, startup_stm32h533xx.o(.text))
<BR>[Address Reference Count : 1]<UL><LI> startup_stm32h533xx.o(RESET)
</UL>
<P><STRONG><a name="[4c]"></a>TIM8_BRK_IRQHandler</STRONG> (Thumb, 0 bytes, Stack size 0 bytes, startup_stm32h533xx.o(.text))
<BR>[Address Reference Count : 1]<UL><LI> startup_stm32h533xx.o(RESET)
</UL>
<P><STRONG><a name="[4f]"></a>TIM8_CC_IRQHandler</STRONG> (Thumb, 0 bytes, Stack size 0 bytes, startup_stm32h533xx.o(.text))
<BR>[Address Reference Count : 1]<UL><LI> startup_stm32h533xx.o(RESET)
</UL>
<P><STRONG><a name="[4e]"></a>TIM8_TRG_COM_IRQHandler</STRONG> (Thumb, 0 bytes, Stack size 0 bytes, startup_stm32h533xx.o(.text))
<BR>[Address Reference Count : 1]<UL><LI> startup_stm32h533xx.o(RESET)
</UL>
<P><STRONG><a name="[4d]"></a>TIM8_UP_IRQHandler</STRONG> (Thumb, 0 bytes, Stack size 0 bytes, startup_stm32h533xx.o(.text))
<BR>[Address Reference Count : 1]<UL><LI> startup_stm32h533xx.o(RESET)
</UL>
<P><STRONG><a name="[48]"></a>UART4_IRQHandler</STRONG> (Thumb, 0 bytes, Stack size 0 bytes, startup_stm32h533xx.o(.text))
<BR>[Address Reference Count : 1]<UL><LI> startup_stm32h533xx.o(RESET)
</UL>
<P><STRONG><a name="[49]"></a>UART5_IRQHandler</STRONG> (Thumb, 0 bytes, Stack size 0 bytes, startup_stm32h533xx.o(.text))
<BR>[Address Reference Count : 1]<UL><LI> startup_stm32h533xx.o(RESET)
</UL>
<P><STRONG><a name="[55]"></a>UCPD1_IRQHandler</STRONG> (Thumb, 0 bytes, Stack size 0 bytes, startup_stm32h533xx.o(.text))
<BR>[Address Reference Count : 1]<UL><LI> startup_stm32h533xx.o(RESET)
</UL>
<P><STRONG><a name="[45]"></a>USART1_IRQHandler</STRONG> (Thumb, 0 bytes, Stack size 0 bytes, startup_stm32h533xx.o(.text))
<BR>[Address Reference Count : 1]<UL><LI> startup_stm32h533xx.o(RESET)
</UL>
<P><STRONG><a name="[46]"></a>USART2_IRQHandler</STRONG> (Thumb, 0 bytes, Stack size 0 bytes, startup_stm32h533xx.o(.text))
<BR>[Address Reference Count : 1]<UL><LI> startup_stm32h533xx.o(RESET)
</UL>
<P><STRONG><a name="[47]"></a>USART3_IRQHandler</STRONG> (Thumb, 0 bytes, Stack size 0 bytes, startup_stm32h533xx.o(.text))
<BR>[Address Reference Count : 1]<UL><LI> startup_stm32h533xx.o(RESET)
</UL>
<P><STRONG><a name="[5c]"></a>USART6_IRQHandler</STRONG> (Thumb, 0 bytes, Stack size 0 bytes, startup_stm32h533xx.o(.text))
<BR>[Address Reference Count : 1]<UL><LI> startup_stm32h533xx.o(RESET)
</UL>
<P><STRONG><a name="[b]"></a>WWDG_IRQHandler</STRONG> (Thumb, 0 bytes, Stack size 0 bytes, startup_stm32h533xx.o(.text))
<BR>[Address Reference Count : 1]<UL><LI> startup_stm32h533xx.o(RESET)
</UL>
<P><STRONG><a name="[9b]"></a>__user_initial_stackheap</STRONG> (Thumb, 10 bytes, Stack size 0 bytes, startup_stm32h533xx.o(.text))
<BR><BR>[Called By]<UL><LI><a href="#[8c]">&gt;&gt;</a>&nbsp;&nbsp;&nbsp;__user_setup_stackheap
</UL>

<P><STRONG><a name="[14c]"></a>__aeabi_uldivmod</STRONG> (Thumb, 0 bytes, Stack size 48 bytes, lludivv7m.o(.text))
<BR><BR>[Stack]<UL><LI>Max Depth = 48<LI>Call Chain = __aeabi_uldivmod
</UL>
<BR>[Called By]<UL><LI><a href="#[12a]">&gt;&gt;</a>&nbsp;&nbsp;&nbsp;UART_SetConfig
</UL>

<P><STRONG><a name="[1de]"></a>_ll_udiv</STRONG> (Thumb, 240 bytes, Stack size 48 bytes, lludivv7m.o(.text), UNUSED)

<P><STRONG><a name="[1ad]"></a>strlen</STRONG> (Thumb, 62 bytes, Stack size 8 bytes, strlen.o(.text))
<BR><BR>[Stack]<UL><LI>Max Depth = 8<LI>Call Chain = strlen
</UL>
<BR>[Called By]<UL><LI><a href="#[19b]">&gt;&gt;</a>&nbsp;&nbsp;&nbsp;tud_descriptor_string_cb
</UL>

<P><STRONG><a name="[155]"></a>__aeabi_memcpy</STRONG> (Thumb, 0 bytes, Stack size 0 bytes, rt_memcpy_v6.o(.text))
<BR><BR>[Called By]<UL><LI><a href="#[154]">&gt;&gt;</a>&nbsp;&nbsp;&nbsp;data_stage_xact
<LI><a href="#[1b3]">&gt;&gt;</a>&nbsp;&nbsp;&nbsp;usbd_control_xfer_cb
<LI><a href="#[176]">&gt;&gt;</a>&nbsp;&nbsp;&nbsp;tu_hwfifo_read
<LI><a href="#[172]">&gt;&gt;</a>&nbsp;&nbsp;&nbsp;tu_hwfifo_write
<LI><a href="#[175]">&gt;&gt;</a>&nbsp;&nbsp;&nbsp;ff_push_n
<LI><a href="#[174]">&gt;&gt;</a>&nbsp;&nbsp;&nbsp;ff_pull_n
</UL>

<P><STRONG><a name="[96]"></a>__rt_memcpy</STRONG> (Thumb, 138 bytes, Stack size 0 bytes, rt_memcpy_v6.o(.text), UNUSED)
<BR><BR>[Calls]<UL><LI><a href="#[97]">&gt;&gt;</a>&nbsp;&nbsp;&nbsp;__aeabi_memcpy4
</UL>

<P><STRONG><a name="[1df]"></a>_memcpy_lastbytes</STRONG> (Thumb, 0 bytes, Stack size unknown bytes, rt_memcpy_v6.o(.text), UNUSED)

<P><STRONG><a name="[153]"></a>__aeabi_memclr</STRONG> (Thumb, 0 bytes, Stack size unknown bytes, rt_memclr.o(.text))
<BR><BR>[Called By]<UL><LI><a href="#[152]">&gt;&gt;</a>&nbsp;&nbsp;&nbsp;configuration_reset
<LI><a href="#[1af]">&gt;&gt;</a>&nbsp;&nbsp;&nbsp;tud_rhport_init
</UL>

<P><STRONG><a name="[1e0]"></a>__rt_memclr</STRONG> (Thumb, 0 bytes, Stack size unknown bytes, rt_memclr.o(.text), UNUSED)

<P><STRONG><a name="[98]"></a>_memset</STRONG> (Thumb, 64 bytes, Stack size 0 bytes, rt_memclr.o(.text), UNUSED)
<BR><BR>[Calls]<UL><LI><a href="#[99]">&gt;&gt;</a>&nbsp;&nbsp;&nbsp;_memset_w
</UL>

<P><STRONG><a name="[14a]"></a>__aeabi_memclr4</STRONG> (Thumb, 0 bytes, Stack size unknown bytes, rt_memclr_w.o(.text))
<BR><BR>[Called By]<UL><LI><a href="#[149]">&gt;&gt;</a>&nbsp;&nbsp;&nbsp;SystemClock_Config
<LI><a href="#[7d]">&gt;&gt;</a>&nbsp;&nbsp;&nbsp;midid_init
</UL>

<P><STRONG><a name="[d6]"></a>__aeabi_memclr8</STRONG> (Thumb, 0 bytes, Stack size unknown bytes, rt_memclr_w.o(.text))
<BR><BR>[Called By]<UL><LI><a href="#[f9]">&gt;&gt;</a>&nbsp;&nbsp;&nbsp;HAL_PCD_MspInit
<LI><a href="#[111]">&gt;&gt;</a>&nbsp;&nbsp;&nbsp;HAL_SPI_MspInit
<LI><a href="#[d0]">&gt;&gt;</a>&nbsp;&nbsp;&nbsp;HAL_ADC_MspInit
<LI><a href="#[147]">&gt;&gt;</a>&nbsp;&nbsp;&nbsp;PeriphCommonClock_Config
</UL>

<P><STRONG><a name="[1e1]"></a>__rt_memclr_w</STRONG> (Thumb, 0 bytes, Stack size unknown bytes, rt_memclr_w.o(.text), UNUSED)

<P><STRONG><a name="[99]"></a>_memset_w</STRONG> (Thumb, 74 bytes, Stack size 4 bytes, rt_memclr_w.o(.text), UNUSED)
<BR><BR>[Called By]<UL><LI><a href="#[98]">&gt;&gt;</a>&nbsp;&nbsp;&nbsp;_memset
</UL>

<P><STRONG><a name="[1e2]"></a>__use_two_region_memory</STRONG> (Thumb, 2 bytes, Stack size 0 bytes, heapauxi.o(.text), UNUSED)

<P><STRONG><a name="[1e3]"></a>__rt_heap_escrow$2region</STRONG> (Thumb, 2 bytes, Stack size 0 bytes, heapauxi.o(.text), UNUSED)

<P><STRONG><a name="[1e4]"></a>__rt_heap_expand$2region</STRONG> (Thumb, 2 bytes, Stack size 0 bytes, heapauxi.o(.text), UNUSED)

<P><STRONG><a name="[97]"></a>__aeabi_memcpy4</STRONG> (Thumb, 0 bytes, Stack size 8 bytes, rt_memcpy_w.o(.text), UNUSED)
<BR><BR>[Called By]<UL><LI><a href="#[96]">&gt;&gt;</a>&nbsp;&nbsp;&nbsp;__rt_memcpy
</UL>

<P><STRONG><a name="[1e5]"></a>__aeabi_memcpy8</STRONG> (Thumb, 0 bytes, Stack size 8 bytes, rt_memcpy_w.o(.text), UNUSED)

<P><STRONG><a name="[1e6]"></a>__rt_memcpy_w</STRONG> (Thumb, 100 bytes, Stack size 8 bytes, rt_memcpy_w.o(.text), UNUSED)

<P><STRONG><a name="[1e7]"></a>_memcpy_lastbytes_aligned</STRONG> (Thumb, 0 bytes, Stack size unknown bytes, rt_memcpy_w.o(.text), UNUSED)

<P><STRONG><a name="[8c]"></a>__user_setup_stackheap</STRONG> (Thumb, 74 bytes, Stack size 8 bytes, sys_stackheap_outer.o(.text))
<BR><BR>[Stack]<UL><LI>Max Depth = 8<LI>Call Chain = __user_setup_stackheap
</UL>
<BR>[Calls]<UL><LI><a href="#[9b]">&gt;&gt;</a>&nbsp;&nbsp;&nbsp;__user_initial_stackheap
<LI><a href="#[9a]">&gt;&gt;</a>&nbsp;&nbsp;&nbsp;__user_perproc_libspace
</UL>
<BR>[Called By]<UL><LI><a href="#[8b]">&gt;&gt;</a>&nbsp;&nbsp;&nbsp;__rt_entry_sh
</UL>

<P><STRONG><a name="[91]"></a>exit</STRONG> (Thumb, 18 bytes, Stack size 8 bytes, exit.o(.text))
<BR><BR>[Stack]<UL><LI>Max Depth = 8 + Unknown Stack Size
<LI>Call Chain = exit
</UL>
<BR>[Calls]<UL><LI><a href="#[9c]">&gt;&gt;</a>&nbsp;&nbsp;&nbsp;__rt_exit
</UL>
<BR>[Called By]<UL><LI><a href="#[8f]">&gt;&gt;</a>&nbsp;&nbsp;&nbsp;__rt_entry_main
</UL>

<P><STRONG><a name="[1e8]"></a>__user_libspace</STRONG> (Thumb, 8 bytes, Stack size 0 bytes, libspace.o(.text), UNUSED)

<P><STRONG><a name="[9a]"></a>__user_perproc_libspace</STRONG> (Thumb, 0 bytes, Stack size 0 bytes, libspace.o(.text))
<BR><BR>[Called By]<UL><LI><a href="#[8c]">&gt;&gt;</a>&nbsp;&nbsp;&nbsp;__user_setup_stackheap
</UL>

<P><STRONG><a name="[1e9]"></a>__user_perthread_libspace</STRONG> (Thumb, 0 bytes, Stack size 0 bytes, libspace.o(.text), UNUSED)

<P><STRONG><a name="[95]"></a>_sys_exit</STRONG> (Thumb, 8 bytes, Stack size 0 bytes, sys_exit.o(.text))
<BR><BR>[Called By]<UL><LI><a href="#[94]">&gt;&gt;</a>&nbsp;&nbsp;&nbsp;__rt_exit_exit
</UL>

<P><STRONG><a name="[1ea]"></a>__I$use$semihosting</STRONG> (Thumb, 0 bytes, Stack size 0 bytes, use_no_semi.o(.text), UNUSED)

<P><STRONG><a name="[1eb]"></a>__use_no_semihosting_swi</STRONG> (Thumb, 2 bytes, Stack size 0 bytes, use_no_semi.o(.text), UNUSED)

<P><STRONG><a name="[1ec]"></a>__semihosting_library_function</STRONG> (Thumb, 0 bytes, Stack size unknown bytes, indicate_semi.o(.text), UNUSED)

<P><STRONG><a name="[30]"></a>ADC1_IRQHandler</STRONG> (Thumb, 16 bytes, Stack size 8 bytes, stm32h5xx_it.o(.text.ADC1_IRQHandler))
<BR><BR>[Stack]<UL><LI>Max Depth = 76<LI>Call Chain = ADC1_IRQHandler &rArr; HAL_ADC_IRQHandler &rArr; HAL_ADCEx_InjectedQueueOverflowCallback
</UL>
<BR>[Calls]<UL><LI><a href="#[9d]">&gt;&gt;</a>&nbsp;&nbsp;&nbsp;HAL_ADC_IRQHandler
</UL>
<BR>[Address Reference Count : 1]<UL><LI> startup_stm32h533xx.o(RESET)
</UL>
<P><STRONG><a name="[79]"></a>ADC_DMAConvCplt</STRONG> (Thumb, 212 bytes, Stack size 16 bytes, stm32h5xx_hal_adc.o(.text.ADC_DMAConvCplt))
<BR><BR>[Stack]<UL><LI>Max Depth = 20<LI>Call Chain = ADC_DMAConvCplt &rArr; HAL_ADC_ErrorCallback
</UL>
<BR>[Calls]<UL><LI><a href="#[a0]">&gt;&gt;</a>&nbsp;&nbsp;&nbsp;HAL_ADC_ErrorCallback
<LI><a href="#[9f]">&gt;&gt;</a>&nbsp;&nbsp;&nbsp;HAL_ADC_ConvCpltCallback
<LI><a href="#[9e]">&gt;&gt;</a>&nbsp;&nbsp;&nbsp;LL_ADC_REG_IsTriggerSourceSWStart
</UL>
<BR>[Address Reference Count : 1]<UL><LI> stm32h5xx_hal_adc.o(.text.HAL_ADC_Start_DMA)
</UL>
<P><STRONG><a name="[7b]"></a>ADC_DMAError</STRONG> (Thumb, 42 bytes, Stack size 16 bytes, stm32h5xx_hal_adc.o(.text.ADC_DMAError))
<BR><BR>[Stack]<UL><LI>Max Depth = 20<LI>Call Chain = ADC_DMAError &rArr; HAL_ADC_ErrorCallback
</UL>
<BR>[Calls]<UL><LI><a href="#[a0]">&gt;&gt;</a>&nbsp;&nbsp;&nbsp;HAL_ADC_ErrorCallback
</UL>
<BR>[Address Reference Count : 1]<UL><LI> stm32h5xx_hal_adc.o(.text.HAL_ADC_Start_DMA)
</UL>
<P><STRONG><a name="[7a]"></a>ADC_DMAHalfConvCplt</STRONG> (Thumb, 22 bytes, Stack size 16 bytes, stm32h5xx_hal_adc.o(.text.ADC_DMAHalfConvCplt))
<BR><BR>[Stack]<UL><LI>Max Depth = 20<LI>Call Chain = ADC_DMAHalfConvCplt &rArr; HAL_ADC_ConvHalfCpltCallback
</UL>
<BR>[Calls]<UL><LI><a href="#[a1]">&gt;&gt;</a>&nbsp;&nbsp;&nbsp;HAL_ADC_ConvHalfCpltCallback
</UL>
<BR>[Address Reference Count : 1]<UL><LI> stm32h5xx_hal_adc.o(.text.HAL_ADC_Start_DMA)
</UL>
<P><STRONG><a name="[a2]"></a>ADC_Enable</STRONG> (Thumb, 268 bytes, Stack size 24 bytes, stm32h5xx_hal_adc.o(.text.ADC_Enable))
<BR><BR>[Stack]<UL><LI>Max Depth = 28<LI>Call Chain = ADC_Enable &rArr; LL_ADC_GetCommonPathInternalCh
</UL>
<BR>[Calls]<UL><LI><a href="#[a5]">&gt;&gt;</a>&nbsp;&nbsp;&nbsp;LL_ADC_GetCommonPathInternalCh
<LI><a href="#[a4]">&gt;&gt;</a>&nbsp;&nbsp;&nbsp;LL_ADC_Enable
<LI><a href="#[a3]">&gt;&gt;</a>&nbsp;&nbsp;&nbsp;LL_ADC_IsEnabled
<LI><a href="#[a6]">&gt;&gt;</a>&nbsp;&nbsp;&nbsp;HAL_GetTick
</UL>
<BR>[Called By]<UL><LI><a href="#[a9]">&gt;&gt;</a>&nbsp;&nbsp;&nbsp;HAL_ADC_Start_DMA
</UL>

<P><STRONG><a name="[a7]"></a>ADC_Start</STRONG> (Thumb, 38 bytes, Stack size 8 bytes, main.o(.text.ADC_Start))
<BR><BR>[Stack]<UL><LI>Max Depth = 208<LI>Call Chain = ADC_Start &rArr; HAL_ADC_Start_DMA &rArr; HAL_DMA_Start_IT &rArr; DMA_SetConfig
</UL>
<BR>[Calls]<UL><LI><a href="#[a9]">&gt;&gt;</a>&nbsp;&nbsp;&nbsp;HAL_ADC_Start_DMA
<LI><a href="#[a8]">&gt;&gt;</a>&nbsp;&nbsp;&nbsp;HAL_TIM_Base_Start
</UL>
<BR>[Called By]<UL><LI><a href="#[90]">&gt;&gt;</a>&nbsp;&nbsp;&nbsp;main
</UL>

<P><STRONG><a name="[aa]"></a>BSP_COM_Init</STRONG> (Thumb, 96 bytes, Stack size 32 bytes, stm32h5xx_nucleo.o(.text.BSP_COM_Init))
<BR><BR>[Stack]<UL><LI>Max Depth = 260<LI>Call Chain = BSP_COM_Init &rArr; MX_USART_Init &rArr; HAL_UART_Init &rArr; UART_SetConfig &rArr; HAL_RCCEx_GetPeriphCLKFreq &rArr; HAL_RCC_GetPCLK3Freq &rArr; HAL_RCC_GetHCLKFreq &rArr; HAL_RCC_GetSysClockFreq
</UL>
<BR>[Calls]<UL><LI><a href="#[ac]">&gt;&gt;</a>&nbsp;&nbsp;&nbsp;MX_USART_Init
<LI><a href="#[ab]">&gt;&gt;</a>&nbsp;&nbsp;&nbsp;COM1_MspInit
</UL>
<BR>[Called By]<UL><LI><a href="#[90]">&gt;&gt;</a>&nbsp;&nbsp;&nbsp;main
</UL>

<P><STRONG><a name="[b5]"></a>BSP_PB_Callback</STRONG> (Thumb, 10 bytes, Stack size 4 bytes, stm32h5xx_nucleo.o(.text.BSP_PB_Callback))
<BR><BR>[Stack]<UL><LI>Max Depth = 4<LI>Call Chain = BSP_PB_Callback
</UL>
<BR>[Called By]<UL><LI><a href="#[83]">&gt;&gt;</a>&nbsp;&nbsp;&nbsp;BUTTON_USER_EXTI_Callback
</UL>

<P><STRONG><a name="[ad]"></a>BSP_PB_IRQHandler</STRONG> (Thumb, 36 bytes, Stack size 16 bytes, stm32h5xx_nucleo.o(.text.BSP_PB_IRQHandler))
<BR><BR>[Stack]<UL><LI>Max Depth = 48<LI>Call Chain = BSP_PB_IRQHandler &rArr; HAL_EXTI_IRQHandler
</UL>
<BR>[Calls]<UL><LI><a href="#[ae]">&gt;&gt;</a>&nbsp;&nbsp;&nbsp;HAL_EXTI_IRQHandler
</UL>
<BR>[Called By]<UL><LI><a href="#[23]">&gt;&gt;</a>&nbsp;&nbsp;&nbsp;EXTI13_IRQHandler
</UL>

<P><STRONG><a name="[af]"></a>BSP_PB_Init</STRONG> (Thumb, 262 bytes, Stack size 48 bytes, stm32h5xx_nucleo.o(.text.BSP_PB_Init))
<BR><BR>[Stack]<UL><LI>Max Depth = 112<LI>Call Chain = BSP_PB_Init &rArr; HAL_NVIC_SetPriority &rArr; NVIC_EncodePriority
</UL>
<BR>[Calls]<UL><LI><a href="#[b2]">&gt;&gt;</a>&nbsp;&nbsp;&nbsp;HAL_EXTI_RegisterCallback
<LI><a href="#[b1]">&gt;&gt;</a>&nbsp;&nbsp;&nbsp;HAL_EXTI_GetHandle
<LI><a href="#[b4]">&gt;&gt;</a>&nbsp;&nbsp;&nbsp;HAL_NVIC_EnableIRQ
<LI><a href="#[b3]">&gt;&gt;</a>&nbsp;&nbsp;&nbsp;HAL_NVIC_SetPriority
<LI><a href="#[b0]">&gt;&gt;</a>&nbsp;&nbsp;&nbsp;HAL_GPIO_Init
</UL>
<BR>[Called By]<UL><LI><a href="#[90]">&gt;&gt;</a>&nbsp;&nbsp;&nbsp;main
</UL>

<P><STRONG><a name="[4]"></a>BusFault_Handler</STRONG> (Thumb, 4 bytes, Stack size 0 bytes, stm32h5xx_it.o(.text.BusFault_Handler))
<BR>[Address Reference Count : 1]<UL><LI> startup_stm32h533xx.o(RESET)
</UL>
<P><STRONG><a name="[8]"></a>DebugMon_Handler</STRONG> (Thumb, 2 bytes, Stack size 0 bytes, stm32h5xx_it.o(.text.DebugMon_Handler))
<BR>[Address Reference Count : 1]<UL><LI> startup_stm32h533xx.o(RESET)
</UL>
<P><STRONG><a name="[23]"></a>EXTI13_IRQHandler</STRONG> (Thumb, 10 bytes, Stack size 8 bytes, stm32h5xx_it.o(.text.EXTI13_IRQHandler))
<BR><BR>[Stack]<UL><LI>Max Depth = 56<LI>Call Chain = EXTI13_IRQHandler &rArr; BSP_PB_IRQHandler &rArr; HAL_EXTI_IRQHandler
</UL>
<BR>[Calls]<UL><LI><a href="#[ad]">&gt;&gt;</a>&nbsp;&nbsp;&nbsp;BSP_PB_IRQHandler
</UL>
<BR>[Address Reference Count : 1]<UL><LI> startup_stm32h533xx.o(RESET)
</UL>
<P><STRONG><a name="[d8]"></a>Error_Handler</STRONG> (Thumb, 6 bytes, Stack size 0 bytes, main.o(.text.Error_Handler))
<BR><BR>[Called By]<UL><LI><a href="#[f9]">&gt;&gt;</a>&nbsp;&nbsp;&nbsp;HAL_PCD_MspInit
<LI><a href="#[111]">&gt;&gt;</a>&nbsp;&nbsp;&nbsp;HAL_SPI_MspInit
<LI><a href="#[d0]">&gt;&gt;</a>&nbsp;&nbsp;&nbsp;HAL_ADC_MspInit
<LI><a href="#[147]">&gt;&gt;</a>&nbsp;&nbsp;&nbsp;PeriphCommonClock_Config
<LI><a href="#[149]">&gt;&gt;</a>&nbsp;&nbsp;&nbsp;SystemClock_Config
<LI><a href="#[90]">&gt;&gt;</a>&nbsp;&nbsp;&nbsp;main
<LI><a href="#[138]">&gt;&gt;</a>&nbsp;&nbsp;&nbsp;MX_TIM6_Init
<LI><a href="#[137]">&gt;&gt;</a>&nbsp;&nbsp;&nbsp;MX_SPI1_Init
<LI><a href="#[131]">&gt;&gt;</a>&nbsp;&nbsp;&nbsp;MX_ADC1_Init
<LI><a href="#[134]">&gt;&gt;</a>&nbsp;&nbsp;&nbsp;MX_ICACHE_Init
<LI><a href="#[13a]">&gt;&gt;</a>&nbsp;&nbsp;&nbsp;MX_USB_PCD_Init
</UL>

<P><STRONG><a name="[26]"></a>GPDMA1_Channel0_IRQHandler</STRONG> (Thumb, 16 bytes, Stack size 8 bytes, stm32h5xx_it.o(.text.GPDMA1_Channel0_IRQHandler))
<BR><BR>[Stack]<UL><LI>Max Depth = 32<LI>Call Chain = GPDMA1_Channel0_IRQHandler &rArr; HAL_DMA_IRQHandler
</UL>
<BR>[Calls]<UL><LI><a href="#[b6]">&gt;&gt;</a>&nbsp;&nbsp;&nbsp;HAL_DMA_IRQHandler
</UL>
<BR>[Address Reference Count : 1]<UL><LI> startup_stm32h533xx.o(RESET)
</UL>
<P><STRONG><a name="[c7]"></a>HAL_ADCEx_EndOfSamplingCallback</STRONG> (Thumb, 8 bytes, Stack size 4 bytes, stm32h5xx_hal_adc_ex.o(.text.HAL_ADCEx_EndOfSamplingCallback))
<BR><BR>[Stack]<UL><LI>Max Depth = 4<LI>Call Chain = HAL_ADCEx_EndOfSamplingCallback
</UL>
<BR>[Called By]<UL><LI><a href="#[9d]">&gt;&gt;</a>&nbsp;&nbsp;&nbsp;HAL_ADC_IRQHandler
</UL>

<P><STRONG><a name="[c9]"></a>HAL_ADCEx_InjectedConvCpltCallback</STRONG> (Thumb, 8 bytes, Stack size 4 bytes, stm32h5xx_hal_adc_ex.o(.text.HAL_ADCEx_InjectedConvCpltCallback))
<BR><BR>[Stack]<UL><LI>Max Depth = 4<LI>Call Chain = HAL_ADCEx_InjectedConvCpltCallback
</UL>
<BR>[Called By]<UL><LI><a href="#[9d]">&gt;&gt;</a>&nbsp;&nbsp;&nbsp;HAL_ADC_IRQHandler
</UL>

<P><STRONG><a name="[ce]"></a>HAL_ADCEx_InjectedQueueOverflowCallback</STRONG> (Thumb, 8 bytes, Stack size 4 bytes, stm32h5xx_hal_adc_ex.o(.text.HAL_ADCEx_InjectedQueueOverflowCallback))
<BR><BR>[Stack]<UL><LI>Max Depth = 4<LI>Call Chain = HAL_ADCEx_InjectedQueueOverflowCallback
</UL>
<BR>[Called By]<UL><LI><a href="#[9d]">&gt;&gt;</a>&nbsp;&nbsp;&nbsp;HAL_ADC_IRQHandler
</UL>

<P><STRONG><a name="[cb]"></a>HAL_ADCEx_LevelOutOfWindow2Callback</STRONG> (Thumb, 8 bytes, Stack size 4 bytes, stm32h5xx_hal_adc_ex.o(.text.HAL_ADCEx_LevelOutOfWindow2Callback))
<BR><BR>[Stack]<UL><LI>Max Depth = 4<LI>Call Chain = HAL_ADCEx_LevelOutOfWindow2Callback
</UL>
<BR>[Called By]<UL><LI><a href="#[9d]">&gt;&gt;</a>&nbsp;&nbsp;&nbsp;HAL_ADC_IRQHandler
</UL>

<P><STRONG><a name="[cc]"></a>HAL_ADCEx_LevelOutOfWindow3Callback</STRONG> (Thumb, 8 bytes, Stack size 4 bytes, stm32h5xx_hal_adc_ex.o(.text.HAL_ADCEx_LevelOutOfWindow3Callback))
<BR><BR>[Stack]<UL><LI>Max Depth = 4<LI>Call Chain = HAL_ADCEx_LevelOutOfWindow3Callback
</UL>
<BR>[Called By]<UL><LI><a href="#[9d]">&gt;&gt;</a>&nbsp;&nbsp;&nbsp;HAL_ADC_IRQHandler
</UL>

<P><STRONG><a name="[b7]"></a>HAL_ADC_ConfigChannel</STRONG> (Thumb, 2110 bytes, Stack size 264 bytes, stm32h5xx_hal_adc.o(.text.HAL_ADC_ConfigChannel))
<BR><BR>[Stack]<UL><LI>Max Depth = 284<LI>Call Chain = HAL_ADC_ConfigChannel &rArr; LL_ADC_SetOffset
</UL>
<BR>[Calls]<UL><LI><a href="#[c5]">&gt;&gt;</a>&nbsp;&nbsp;&nbsp;LL_ADC_EnableChannelVDDcore
<LI><a href="#[c4]">&gt;&gt;</a>&nbsp;&nbsp;&nbsp;LL_ADC_SetCommonPathInternalCh
<LI><a href="#[c3]">&gt;&gt;</a>&nbsp;&nbsp;&nbsp;LL_ADC_SetChannelSingleDiff
<LI><a href="#[c2]">&gt;&gt;</a>&nbsp;&nbsp;&nbsp;LL_ADC_SetOffsetState
<LI><a href="#[c1]">&gt;&gt;</a>&nbsp;&nbsp;&nbsp;LL_ADC_GetOffsetChannel
<LI><a href="#[c0]">&gt;&gt;</a>&nbsp;&nbsp;&nbsp;LL_ADC_SetOffsetSaturation
<LI><a href="#[bf]">&gt;&gt;</a>&nbsp;&nbsp;&nbsp;LL_ADC_SetOffsetSign
<LI><a href="#[be]">&gt;&gt;</a>&nbsp;&nbsp;&nbsp;LL_ADC_SetOffset
<LI><a href="#[bd]">&gt;&gt;</a>&nbsp;&nbsp;&nbsp;LL_ADC_SetSamplingTimeCommonConfig
<LI><a href="#[bc]">&gt;&gt;</a>&nbsp;&nbsp;&nbsp;LL_ADC_SetChannelSamplingTime
<LI><a href="#[ba]">&gt;&gt;</a>&nbsp;&nbsp;&nbsp;LL_ADC_REG_SetSequencerRanks
<LI><a href="#[b9]">&gt;&gt;</a>&nbsp;&nbsp;&nbsp;LL_ADC_EnableChannel0_GPIO
<LI><a href="#[a5]">&gt;&gt;</a>&nbsp;&nbsp;&nbsp;LL_ADC_GetCommonPathInternalCh
<LI><a href="#[bb]">&gt;&gt;</a>&nbsp;&nbsp;&nbsp;LL_ADC_INJ_IsConversionOngoing
<LI><a href="#[a3]">&gt;&gt;</a>&nbsp;&nbsp;&nbsp;LL_ADC_IsEnabled
<LI><a href="#[b8]">&gt;&gt;</a>&nbsp;&nbsp;&nbsp;LL_ADC_REG_IsConversionOngoing
</UL>
<BR>[Called By]<UL><LI><a href="#[131]">&gt;&gt;</a>&nbsp;&nbsp;&nbsp;MX_ADC1_Init
</UL>

<P><STRONG><a name="[9f]"></a>HAL_ADC_ConvCpltCallback</STRONG> (Thumb, 8 bytes, Stack size 4 bytes, stm32h5xx_hal_adc.o(.text.HAL_ADC_ConvCpltCallback))
<BR><BR>[Stack]<UL><LI>Max Depth = 4<LI>Call Chain = HAL_ADC_ConvCpltCallback
</UL>
<BR>[Called By]<UL><LI><a href="#[79]">&gt;&gt;</a>&nbsp;&nbsp;&nbsp;ADC_DMAConvCplt
<LI><a href="#[9d]">&gt;&gt;</a>&nbsp;&nbsp;&nbsp;HAL_ADC_IRQHandler
</UL>

<P><STRONG><a name="[a1]"></a>HAL_ADC_ConvHalfCpltCallback</STRONG> (Thumb, 8 bytes, Stack size 4 bytes, stm32h5xx_hal_adc.o(.text.HAL_ADC_ConvHalfCpltCallback))
<BR><BR>[Stack]<UL><LI>Max Depth = 4<LI>Call Chain = HAL_ADC_ConvHalfCpltCallback
</UL>
<BR>[Called By]<UL><LI><a href="#[7a]">&gt;&gt;</a>&nbsp;&nbsp;&nbsp;ADC_DMAHalfConvCplt
</UL>

<P><STRONG><a name="[a0]"></a>HAL_ADC_ErrorCallback</STRONG> (Thumb, 8 bytes, Stack size 4 bytes, stm32h5xx_hal_adc.o(.text.HAL_ADC_ErrorCallback))
<BR><BR>[Stack]<UL><LI>Max Depth = 4<LI>Call Chain = HAL_ADC_ErrorCallback
</UL>
<BR>[Called By]<UL><LI><a href="#[7b]">&gt;&gt;</a>&nbsp;&nbsp;&nbsp;ADC_DMAError
<LI><a href="#[79]">&gt;&gt;</a>&nbsp;&nbsp;&nbsp;ADC_DMAConvCplt
<LI><a href="#[9d]">&gt;&gt;</a>&nbsp;&nbsp;&nbsp;HAL_ADC_IRQHandler
</UL>

<P><STRONG><a name="[9d]"></a>HAL_ADC_IRQHandler</STRONG> (Thumb, 1210 bytes, Stack size 64 bytes, stm32h5xx_hal_adc.o(.text.HAL_ADC_IRQHandler))
<BR><BR>[Stack]<UL><LI>Max Depth = 68<LI>Call Chain = HAL_ADC_IRQHandler &rArr; HAL_ADCEx_InjectedQueueOverflowCallback
</UL>
<BR>[Calls]<UL><LI><a href="#[ce]">&gt;&gt;</a>&nbsp;&nbsp;&nbsp;HAL_ADCEx_InjectedQueueOverflowCallback
<LI><a href="#[cc]">&gt;&gt;</a>&nbsp;&nbsp;&nbsp;HAL_ADCEx_LevelOutOfWindow3Callback
<LI><a href="#[cb]">&gt;&gt;</a>&nbsp;&nbsp;&nbsp;HAL_ADCEx_LevelOutOfWindow2Callback
<LI><a href="#[ca]">&gt;&gt;</a>&nbsp;&nbsp;&nbsp;HAL_ADC_LevelOutOfWindowCallback
<LI><a href="#[c9]">&gt;&gt;</a>&nbsp;&nbsp;&nbsp;HAL_ADCEx_InjectedConvCpltCallback
<LI><a href="#[c7]">&gt;&gt;</a>&nbsp;&nbsp;&nbsp;HAL_ADCEx_EndOfSamplingCallback
<LI><a href="#[a0]">&gt;&gt;</a>&nbsp;&nbsp;&nbsp;HAL_ADC_ErrorCallback
<LI><a href="#[9f]">&gt;&gt;</a>&nbsp;&nbsp;&nbsp;HAL_ADC_ConvCpltCallback
<LI><a href="#[c8]">&gt;&gt;</a>&nbsp;&nbsp;&nbsp;LL_ADC_INJ_IsTriggerSourceSWStart
<LI><a href="#[9e]">&gt;&gt;</a>&nbsp;&nbsp;&nbsp;LL_ADC_REG_IsTriggerSourceSWStart
<LI><a href="#[cd]">&gt;&gt;</a>&nbsp;&nbsp;&nbsp;LL_ADC_GetMultiDMATransfer
<LI><a href="#[c6]">&gt;&gt;</a>&nbsp;&nbsp;&nbsp;LL_ADC_GetMultimode
<LI><a href="#[bb]">&gt;&gt;</a>&nbsp;&nbsp;&nbsp;LL_ADC_INJ_IsConversionOngoing
<LI><a href="#[b8]">&gt;&gt;</a>&nbsp;&nbsp;&nbsp;LL_ADC_REG_IsConversionOngoing
</UL>
<BR>[Called By]<UL><LI><a href="#[30]">&gt;&gt;</a>&nbsp;&nbsp;&nbsp;ADC1_IRQHandler
</UL>

<P><STRONG><a name="[cf]"></a>HAL_ADC_Init</STRONG> (Thumb, 708 bytes, Stack size 40 bytes, stm32h5xx_hal_adc.o(.text.HAL_ADC_Init))
<BR><BR>[Stack]<UL><LI>Max Depth = 560 + Unknown Stack Size
<LI>Call Chain = HAL_ADC_Init &rArr; HAL_ADC_MspInit &rArr; HAL_RCCEx_PeriphCLKConfig &rArr; RCCEx_PLL3_Config
</UL>
<BR>[Calls]<UL><LI><a href="#[bb]">&gt;&gt;</a>&nbsp;&nbsp;&nbsp;LL_ADC_INJ_IsConversionOngoing
<LI><a href="#[d5]">&gt;&gt;</a>&nbsp;&nbsp;&nbsp;LL_ADC_SetCommonClock
<LI><a href="#[a3]">&gt;&gt;</a>&nbsp;&nbsp;&nbsp;LL_ADC_IsEnabled
<LI><a href="#[b8]">&gt;&gt;</a>&nbsp;&nbsp;&nbsp;LL_ADC_REG_IsConversionOngoing
<LI><a href="#[d4]">&gt;&gt;</a>&nbsp;&nbsp;&nbsp;LL_ADC_EnableInternalRegulator
<LI><a href="#[d3]">&gt;&gt;</a>&nbsp;&nbsp;&nbsp;LL_ADC_IsInternalRegulatorEnabled
<LI><a href="#[d2]">&gt;&gt;</a>&nbsp;&nbsp;&nbsp;LL_ADC_DisableDeepPowerDown
<LI><a href="#[d1]">&gt;&gt;</a>&nbsp;&nbsp;&nbsp;LL_ADC_IsDeepPowerDownEnabled
<LI><a href="#[d0]">&gt;&gt;</a>&nbsp;&nbsp;&nbsp;HAL_ADC_MspInit
</UL>
<BR>[Called By]<UL><LI><a href="#[131]">&gt;&gt;</a>&nbsp;&nbsp;&nbsp;MX_ADC1_Init
</UL>

<P><STRONG><a name="[ca]"></a>HAL_ADC_LevelOutOfWindowCallback</STRONG> (Thumb, 8 bytes, Stack size 4 bytes, stm32h5xx_hal_adc.o(.text.HAL_ADC_LevelOutOfWindowCallback))
<BR><BR>[Stack]<UL><LI>Max Depth = 4<LI>Call Chain = HAL_ADC_LevelOutOfWindowCallback
</UL>
<BR>[Called By]<UL><LI><a href="#[9d]">&gt;&gt;</a>&nbsp;&nbsp;&nbsp;HAL_ADC_IRQHandler
</UL>

<P><STRONG><a name="[d0]"></a>HAL_ADC_MspInit</STRONG> (Thumb, 420 bytes, Stack size 368 bytes, stm32h5xx_hal_msp.o(.text.HAL_ADC_MspInit))
<BR><BR>[Stack]<UL><LI>Max Depth = 520 + Unknown Stack Size
<LI>Call Chain = HAL_ADC_MspInit &rArr; HAL_RCCEx_PeriphCLKConfig &rArr; RCCEx_PLL3_Config
</UL>
<BR>[Calls]<UL><LI><a href="#[de]">&gt;&gt;</a>&nbsp;&nbsp;&nbsp;HAL_DMA_ConfigChannelAttributes
<LI><a href="#[dd]">&gt;&gt;</a>&nbsp;&nbsp;&nbsp;HAL_DMAEx_List_LinkQ
<LI><a href="#[dc]">&gt;&gt;</a>&nbsp;&nbsp;&nbsp;HAL_DMAEx_List_Init
<LI><a href="#[db]">&gt;&gt;</a>&nbsp;&nbsp;&nbsp;HAL_DMAEx_List_SetCircularMode
<LI><a href="#[da]">&gt;&gt;</a>&nbsp;&nbsp;&nbsp;HAL_DMAEx_List_InsertNode
<LI><a href="#[d9]">&gt;&gt;</a>&nbsp;&nbsp;&nbsp;HAL_DMAEx_List_BuildNode
<LI><a href="#[b4]">&gt;&gt;</a>&nbsp;&nbsp;&nbsp;HAL_NVIC_EnableIRQ
<LI><a href="#[b3]">&gt;&gt;</a>&nbsp;&nbsp;&nbsp;HAL_NVIC_SetPriority
<LI><a href="#[d7]">&gt;&gt;</a>&nbsp;&nbsp;&nbsp;HAL_RCCEx_PeriphCLKConfig
<LI><a href="#[d8]">&gt;&gt;</a>&nbsp;&nbsp;&nbsp;Error_Handler
<LI><a href="#[b0]">&gt;&gt;</a>&nbsp;&nbsp;&nbsp;HAL_GPIO_Init
<LI><a href="#[d6]">&gt;&gt;</a>&nbsp;&nbsp;&nbsp;__aeabi_memclr8
</UL>
<BR>[Called By]<UL><LI><a href="#[cf]">&gt;&gt;</a>&nbsp;&nbsp;&nbsp;HAL_ADC_Init
</UL>

<P><STRONG><a name="[a9]"></a>HAL_ADC_Start_DMA</STRONG> (Thumb, 636 bytes, Stack size 152 bytes, stm32h5xx_hal_adc.o(.text.HAL_ADC_Start_DMA))
<BR><BR>[Stack]<UL><LI>Max Depth = 200<LI>Call Chain = HAL_ADC_Start_DMA &rArr; HAL_DMA_Start_IT &rArr; DMA_SetConfig
</UL>
<BR>[Calls]<UL><LI><a href="#[e1]">&gt;&gt;</a>&nbsp;&nbsp;&nbsp;HAL_DMA_Start_IT
<LI><a href="#[e0]">&gt;&gt;</a>&nbsp;&nbsp;&nbsp;HAL_DMAEx_List_Start_IT
<LI><a href="#[df]">&gt;&gt;</a>&nbsp;&nbsp;&nbsp;HAL_DMAEx_List_GetNodeConfig
<LI><a href="#[a2]">&gt;&gt;</a>&nbsp;&nbsp;&nbsp;ADC_Enable
<LI><a href="#[e2]">&gt;&gt;</a>&nbsp;&nbsp;&nbsp;LL_ADC_REG_StartConversion
<LI><a href="#[c6]">&gt;&gt;</a>&nbsp;&nbsp;&nbsp;LL_ADC_GetMultimode
<LI><a href="#[b8]">&gt;&gt;</a>&nbsp;&nbsp;&nbsp;LL_ADC_REG_IsConversionOngoing
</UL>
<BR>[Called By]<UL><LI><a href="#[a7]">&gt;&gt;</a>&nbsp;&nbsp;&nbsp;ADC_Start
</UL>

<P><STRONG><a name="[d9]"></a>HAL_DMAEx_List_BuildNode</STRONG> (Thumb, 90 bytes, Stack size 24 bytes, stm32h5xx_hal_dma_ex.o(.text.HAL_DMAEx_List_BuildNode))
<BR><BR>[Stack]<UL><LI>Max Depth = 36<LI>Call Chain = HAL_DMAEx_List_BuildNode &rArr; DMA_List_BuildNode
</UL>
<BR>[Calls]<UL><LI><a href="#[e3]">&gt;&gt;</a>&nbsp;&nbsp;&nbsp;DMA_List_BuildNode
</UL>
<BR>[Called By]<UL><LI><a href="#[d0]">&gt;&gt;</a>&nbsp;&nbsp;&nbsp;HAL_ADC_MspInit
</UL>

<P><STRONG><a name="[df]"></a>HAL_DMAEx_List_GetNodeConfig</STRONG> (Thumb, 52 bytes, Stack size 24 bytes, stm32h5xx_hal_dma_ex.o(.text.HAL_DMAEx_List_GetNodeConfig))
<BR><BR>[Stack]<UL><LI>Max Depth = 36<LI>Call Chain = HAL_DMAEx_List_GetNodeConfig &rArr; DMA_List_GetNodeConfig
</UL>
<BR>[Calls]<UL><LI><a href="#[e4]">&gt;&gt;</a>&nbsp;&nbsp;&nbsp;DMA_List_GetNodeConfig
</UL>
<BR>[Called By]<UL><LI><a href="#[a9]">&gt;&gt;</a>&nbsp;&nbsp;&nbsp;HAL_ADC_Start_DMA
</UL>

<P><STRONG><a name="[dc]"></a>HAL_DMAEx_List_Init</STRONG> (Thumb, 898 bytes, Stack size 24 bytes, stm32h5xx_hal_dma_ex.o(.text.HAL_DMAEx_List_Init))
<BR><BR>[Stack]<UL><LI>Max Depth = 40<LI>Call Chain = HAL_DMAEx_List_Init &rArr; DMA_List_Init
</UL>
<BR>[Calls]<UL><LI><a href="#[e5]">&gt;&gt;</a>&nbsp;&nbsp;&nbsp;DMA_List_Init
<LI><a href="#[a6]">&gt;&gt;</a>&nbsp;&nbsp;&nbsp;HAL_GetTick
</UL>
<BR>[Called By]<UL><LI><a href="#[d0]">&gt;&gt;</a>&nbsp;&nbsp;&nbsp;HAL_ADC_MspInit
</UL>

<P><STRONG><a name="[da]"></a>HAL_DMAEx_List_InsertNode</STRONG> (Thumb, 410 bytes, Stack size 56 bytes, stm32h5xx_hal_dma_ex.o(.text.HAL_DMAEx_List_InsertNode))
<BR><BR>[Stack]<UL><LI>Max Depth = 92<LI>Call Chain = HAL_DMAEx_List_InsertNode &rArr; DMA_List_FindNode
</UL>
<BR>[Calls]<UL><LI><a href="#[e9]">&gt;&gt;</a>&nbsp;&nbsp;&nbsp;DMA_List_FindNode
<LI><a href="#[e7]">&gt;&gt;</a>&nbsp;&nbsp;&nbsp;DMA_List_CheckNodesTypes
<LI><a href="#[e6]">&gt;&gt;</a>&nbsp;&nbsp;&nbsp;DMA_List_CheckNodesBaseAddresses
<LI><a href="#[e8]">&gt;&gt;</a>&nbsp;&nbsp;&nbsp;DMA_List_GetCLLRNodeInfo
</UL>
<BR>[Called By]<UL><LI><a href="#[d0]">&gt;&gt;</a>&nbsp;&nbsp;&nbsp;HAL_ADC_MspInit
</UL>

<P><STRONG><a name="[dd]"></a>HAL_DMAEx_List_LinkQ</STRONG> (Thumb, 418 bytes, Stack size 20 bytes, stm32h5xx_hal_dma_ex.o(.text.HAL_DMAEx_List_LinkQ))
<BR><BR>[Stack]<UL><LI>Max Depth = 20<LI>Call Chain = HAL_DMAEx_List_LinkQ
</UL>
<BR>[Called By]<UL><LI><a href="#[d0]">&gt;&gt;</a>&nbsp;&nbsp;&nbsp;HAL_ADC_MspInit
</UL>

<P><STRONG><a name="[db]"></a>HAL_DMAEx_List_SetCircularMode</STRONG> (Thumb, 202 bytes, Stack size 48 bytes, stm32h5xx_hal_dma_ex.o(.text.HAL_DMAEx_List_SetCircularMode))
<BR><BR>[Stack]<UL><LI>Max Depth = 84<LI>Call Chain = HAL_DMAEx_List_SetCircularMode &rArr; DMA_List_FindNode
</UL>
<BR>[Calls]<UL><LI><a href="#[e9]">&gt;&gt;</a>&nbsp;&nbsp;&nbsp;DMA_List_FindNode
<LI><a href="#[e8]">&gt;&gt;</a>&nbsp;&nbsp;&nbsp;DMA_List_GetCLLRNodeInfo
</UL>
<BR>[Called By]<UL><LI><a href="#[d0]">&gt;&gt;</a>&nbsp;&nbsp;&nbsp;HAL_ADC_MspInit
</UL>

<P><STRONG><a name="[e0]"></a>HAL_DMAEx_List_Start_IT</STRONG> (Thumb, 326 bytes, Stack size 32 bytes, stm32h5xx_hal_dma_ex.o(.text.HAL_DMAEx_List_Start_IT))
<BR><BR>[Stack]<UL><LI>Max Depth = 44<LI>Call Chain = HAL_DMAEx_List_Start_IT &rArr; DMA_List_GetCLLRNodeInfo
</UL>
<BR>[Calls]<UL><LI><a href="#[e8]">&gt;&gt;</a>&nbsp;&nbsp;&nbsp;DMA_List_GetCLLRNodeInfo
</UL>
<BR>[Called By]<UL><LI><a href="#[a9]">&gt;&gt;</a>&nbsp;&nbsp;&nbsp;HAL_ADC_Start_DMA
</UL>

<P><STRONG><a name="[de]"></a>HAL_DMA_ConfigChannelAttributes</STRONG> (Thumb, 114 bytes, Stack size 20 bytes, stm32h5xx_hal_dma.o(.text.HAL_DMA_ConfigChannelAttributes))
<BR><BR>[Stack]<UL><LI>Max Depth = 20<LI>Call Chain = HAL_DMA_ConfigChannelAttributes
</UL>
<BR>[Called By]<UL><LI><a href="#[d0]">&gt;&gt;</a>&nbsp;&nbsp;&nbsp;HAL_ADC_MspInit
</UL>

<P><STRONG><a name="[b6]"></a>HAL_DMA_IRQHandler</STRONG> (Thumb, 724 bytes, Stack size 24 bytes, stm32h5xx_hal_dma.o(.text.HAL_DMA_IRQHandler))
<BR><BR>[Stack]<UL><LI>Max Depth = 24<LI>Call Chain = HAL_DMA_IRQHandler
</UL>
<BR>[Called By]<UL><LI><a href="#[26]">&gt;&gt;</a>&nbsp;&nbsp;&nbsp;GPDMA1_Channel0_IRQHandler
</UL>

<P><STRONG><a name="[e1]"></a>HAL_DMA_Start_IT</STRONG> (Thumb, 226 bytes, Stack size 32 bytes, stm32h5xx_hal_dma.o(.text.HAL_DMA_Start_IT))
<BR><BR>[Stack]<UL><LI>Max Depth = 48<LI>Call Chain = HAL_DMA_Start_IT &rArr; DMA_SetConfig
</UL>
<BR>[Calls]<UL><LI><a href="#[ea]">&gt;&gt;</a>&nbsp;&nbsp;&nbsp;DMA_SetConfig
</UL>
<BR>[Called By]<UL><LI><a href="#[a9]">&gt;&gt;</a>&nbsp;&nbsp;&nbsp;HAL_ADC_Start_DMA
</UL>

<P><STRONG><a name="[b1]"></a>HAL_EXTI_GetHandle</STRONG> (Thumb, 42 bytes, Stack size 12 bytes, stm32h5xx_hal_exti.o(.text.HAL_EXTI_GetHandle))
<BR><BR>[Stack]<UL><LI>Max Depth = 12<LI>Call Chain = HAL_EXTI_GetHandle
</UL>
<BR>[Called By]<UL><LI><a href="#[af]">&gt;&gt;</a>&nbsp;&nbsp;&nbsp;BSP_PB_Init
</UL>

<P><STRONG><a name="[ae]"></a>HAL_EXTI_IRQHandler</STRONG> (Thumb, 146 bytes, Stack size 32 bytes, stm32h5xx_hal_exti.o(.text.HAL_EXTI_IRQHandler))
<BR><BR>[Stack]<UL><LI>Max Depth = 32<LI>Call Chain = HAL_EXTI_IRQHandler
</UL>
<BR>[Called By]<UL><LI><a href="#[ad]">&gt;&gt;</a>&nbsp;&nbsp;&nbsp;BSP_PB_IRQHandler
</UL>

<P><STRONG><a name="[b2]"></a>HAL_EXTI_RegisterCallback</STRONG> (Thumb, 90 bytes, Stack size 20 bytes, stm32h5xx_hal_exti.o(.text.HAL_EXTI_RegisterCallback))
<BR><BR>[Stack]<UL><LI>Max Depth = 20<LI>Call Chain = HAL_EXTI_RegisterCallback
</UL>
<BR>[Called By]<UL><LI><a href="#[af]">&gt;&gt;</a>&nbsp;&nbsp;&nbsp;BSP_PB_Init
</UL>

<P><STRONG><a name="[112]"></a>HAL_GPIO_DeInit</STRONG> (Thumb, 334 bytes, Stack size 20 bytes, stm32h5xx_hal_gpio.o(.text.HAL_GPIO_DeInit))
<BR><BR>[Stack]<UL><LI>Max Depth = 20<LI>Call Chain = HAL_GPIO_DeInit
</UL>
<BR>[Called By]<UL><LI><a href="#[10e]">&gt;&gt;</a>&nbsp;&nbsp;&nbsp;HAL_SPI_MspDeInit
</UL>

<P><STRONG><a name="[b0]"></a>HAL_GPIO_Init</STRONG> (Thumb, 746 bytes, Stack size 20 bytes, stm32h5xx_hal_gpio.o(.text.HAL_GPIO_Init))
<BR><BR>[Stack]<UL><LI>Max Depth = 20<LI>Call Chain = HAL_GPIO_Init
</UL>
<BR>[Called By]<UL><LI><a href="#[ab]">&gt;&gt;</a>&nbsp;&nbsp;&nbsp;COM1_MspInit
<LI><a href="#[111]">&gt;&gt;</a>&nbsp;&nbsp;&nbsp;HAL_SPI_MspInit
<LI><a href="#[d0]">&gt;&gt;</a>&nbsp;&nbsp;&nbsp;HAL_ADC_MspInit
<LI><a href="#[af]">&gt;&gt;</a>&nbsp;&nbsp;&nbsp;BSP_PB_Init
<LI><a href="#[133]">&gt;&gt;</a>&nbsp;&nbsp;&nbsp;MX_GPIO_Init
<LI><a href="#[13b]">&gt;&gt;</a>&nbsp;&nbsp;&nbsp;Matrix_Init
</UL>

<P><STRONG><a name="[13c]"></a>HAL_GPIO_ReadPin</STRONG> (Thumb, 46 bytes, Stack size 8 bytes, stm32h5xx_hal_gpio.o(.text.HAL_GPIO_ReadPin))
<BR><BR>[Stack]<UL><LI>Max Depth = 8<LI>Call Chain = HAL_GPIO_ReadPin
</UL>
<BR>[Called By]<UL><LI><a href="#[13b]">&gt;&gt;</a>&nbsp;&nbsp;&nbsp;Matrix_Init
</UL>

<P><STRONG><a name="[144]"></a>HAL_GPIO_TogglePin</STRONG> (Thumb, 38 bytes, Stack size 12 bytes, stm32h5xx_hal_gpio.o(.text.HAL_GPIO_TogglePin))
<BR><BR>[Stack]<UL><LI>Max Depth = 12<LI>Call Chain = HAL_GPIO_TogglePin
</UL>
<BR>[Called By]<UL><LI><a href="#[17e]">&gt;&gt;</a>&nbsp;&nbsp;&nbsp;midi_task
<LI><a href="#[141]">&gt;&gt;</a>&nbsp;&nbsp;&nbsp;Matrix_Scan
</UL>

<P><STRONG><a name="[130]"></a>HAL_GPIO_WritePin</STRONG> (Thumb, 44 bytes, Stack size 8 bytes, stm32h5xx_hal_gpio.o(.text.HAL_GPIO_WritePin))
<BR><BR>[Stack]<UL><LI>Max Depth = 8<LI>Call Chain = HAL_GPIO_WritePin
</UL>
[...]
<BR><BR>[Stack]<UL><LI>Max Depth = 8<LI>Call Chain = SPI_CloseTransfer
</UL>
<BR>[Called By]<UL><LI><a href="#[113]">&gt;&gt;</a>&nbsp;&nbsp;&nbsp;HAL_SPI_Transmit
<LI><a href="#[116]">&gt;&gt;</a>&nbsp;&nbsp;&nbsp;HAL_SPI_TransmitReceive
</UL>

<P><STRONG><a name="[115]"></a>SPI_WaitOnFlagUntilTimeout</STRONG> (Thumb, 104 bytes, Stack size 32 bytes, stm32h5xx_hal_spi.o(.text.SPI_WaitOnFlagUntilTimeout))
<BR><BR>[Stack]<UL><LI>Max Depth = 32<LI>Call Chain = SPI_WaitOnFlagUntilTimeout
</UL>
<BR>[Calls]<UL><LI><a href="#[a6]">&gt;&gt;</a>&nbsp;&nbsp;&nbsp;HAL_GetTick
</UL>
<BR>[Called By]<UL><LI><a href="#[113]">&gt;&gt;</a>&nbsp;&nbsp;&nbsp;HAL_SPI_Transmit
<LI><a href="#[116]">&gt;&gt;</a>&nbsp;&nbsp;&nbsp;HAL_SPI_TransmitReceive
</UL>

<P><STRONG><a name="[14e]"></a>USB_CoreReset</STRONG> (Thumb, 30 bytes, Stack size 4 bytes, stm32h5xx_ll_usb.o(.text.USB_CoreReset))
<BR><BR>[Stack]<UL><LI>Max Depth = 4<LI>Call Chain = USB_CoreReset
</UL>
<BR>[Called By]<UL><LI><a href="#[fb]">&gt;&gt;</a>&nbsp;&nbsp;&nbsp;USB_CoreInit
</UL>

<P><STRONG><a name="[14d]"></a>UART_EndRxTransfer</STRONG> (Thumb, 158 bytes, Stack size 16 bytes, stm32h5xx_hal_uart.o(.text.UART_EndRxTransfer))
<BR><BR>[Stack]<UL><LI>Max Depth = 16<LI>Call Chain = UART_EndRxTransfer
</UL>
<BR>[Called By]<UL><LI><a href="#[14b]">&gt;&gt;</a>&nbsp;&nbsp;&nbsp;UART_WaitOnFlagUntilTimeout
</UL>

<P><STRONG><a name="[1a1]"></a>stream_claim</STRONG> (Thumb, 70 bytes, Stack size 16 bytes, tusb.o(.text.stream_claim))
<BR><BR>[Stack]<UL><LI>Max Depth = 60<LI>Call Chain = stream_claim &rArr; usbd_edpt_claim &rArr; tu_edpt_claim
</UL>
<BR>[Calls]<UL><LI><a href="#[1a2]">&gt;&gt;</a>&nbsp;&nbsp;&nbsp;usbd_edpt_claim
</UL>
<BR>[Called By]<UL><LI><a href="#[187]">&gt;&gt;</a>&nbsp;&nbsp;&nbsp;tu_edpt_stream_read_xfer
<LI><a href="#[189]">&gt;&gt;</a>&nbsp;&nbsp;&nbsp;tu_edpt_stream_write_xfer
<LI><a href="#[18a]">&gt;&gt;</a>&nbsp;&nbsp;&nbsp;tu_edpt_stream_write_zlp_if_needed
</UL>

<P><STRONG><a name="[1a5]"></a>stream_xfer</STRONG> (Thumb, 144 bytes, Stack size 40 bytes, tusb.o(.text.stream_xfer))
<BR><BR>[Stack]<UL><LI>Max Depth = 544<LI>Call Chain = stream_xfer &rArr; usbd_edpt_xfer &rArr; dcd_edpt_xfer &rArr; edpt_xfer &rArr; dcd_transmit_packet &rArr; tu_fifo_read_n_access_mode &rArr; tu_fifo_peek_n_access_mode &rArr; hwff_pull_n &rArr; tu_hwfifo_write
</UL>
<BR>[Calls]<UL><LI><a href="#[156]">&gt;&gt;</a>&nbsp;&nbsp;&nbsp;usbd_edpt_xfer
<LI><a href="#[1a6]">&gt;&gt;</a>&nbsp;&nbsp;&nbsp;usbd_edpt_xfer_fifo
</UL>
<BR>[Called By]<UL><LI><a href="#[187]">&gt;&gt;</a>&nbsp;&nbsp;&nbsp;tu_edpt_stream_read_xfer
<LI><a href="#[189]">&gt;&gt;</a>&nbsp;&nbsp;&nbsp;tu_edpt_stream_write_xfer
<LI><a href="#[18a]">&gt;&gt;</a>&nbsp;&nbsp;&nbsp;tu_edpt_stream_write_zlp_if_needed
</UL>

<P><STRONG><a name="[1a3]"></a>stream_release</STRONG> (Thumb, 50 bytes, Stack size 16 bytes, tusb.o(.text.stream_release))
<BR><BR>[Stack]<UL><LI>Max Depth = 56<LI>Call Chain = stream_release &rArr; usbd_edpt_release &rArr; tu_edpt_release
</UL>
<BR>[Calls]<UL><LI><a href="#[1a4]">&gt;&gt;</a>&nbsp;&nbsp;&nbsp;usbd_edpt_release
</UL>
<BR>[Called By]<UL><LI><a href="#[187]">&gt;&gt;</a>&nbsp;&nbsp;&nbsp;tu_edpt_stream_read_xfer
<LI><a href="#[189]">&gt;&gt;</a>&nbsp;&nbsp;&nbsp;tu_edpt_stream_write_xfer
</UL>

<P><STRONG><a name="[1ab]"></a>correct_read_index</STRONG> (Thumb, 70 bytes, Stack size 8 bytes, tusb_fifo.o(.text.correct_read_index))
<BR><BR>[Stack]<UL><LI>Max Depth = 8<LI>Call Chain = correct_read_index
</UL>
<BR>[Called By]<UL><LI><a href="#[1aa]">&gt;&gt;</a>&nbsp;&nbsp;&nbsp;tu_fifo_peek_n_access_mode
</UL>

<P><STRONG><a name="[177]"></a>hwff_pull_n</STRONG> (Thumb, 434 bytes, Stack size 64 bytes, tusb_fifo.o(.text.hwff_pull_n))
<BR><BR>[Stack]<UL><LI>Max Depth = 136<LI>Call Chain = hwff_pull_n &rArr; tu_hwfifo_write
</UL>
<BR>[Calls]<UL><LI><a href="#[172]">&gt;&gt;</a>&nbsp;&nbsp;&nbsp;tu_hwfifo_write
</UL>
<BR>[Called By]<UL><LI><a href="#[1aa]">&gt;&gt;</a>&nbsp;&nbsp;&nbsp;tu_fifo_peek_n_access_mode
</UL>

<P><STRONG><a name="[174]"></a>ff_pull_n</STRONG> (Thumb, 122 bytes, Stack size 32 bytes, tusb_fifo.o(.text.ff_pull_n))
<BR><BR>[Stack]<UL><LI>Max Depth = 32<LI>Call Chain = ff_pull_n
</UL>
<BR>[Calls]<UL><LI><a href="#[155]">&gt;&gt;</a>&nbsp;&nbsp;&nbsp;__aeabi_memcpy
</UL>
<BR>[Called By]<UL><LI><a href="#[1aa]">&gt;&gt;</a>&nbsp;&nbsp;&nbsp;tu_fifo_peek_n_access_mode
</UL>

<P><STRONG><a name="[1ac]"></a>advance_index</STRONG> (Thumb, 98 bytes, Stack size 12 bytes, tusb_fifo.o(.text.advance_index))
<BR><BR>[Stack]<UL><LI>Max Depth = 12<LI>Call Chain = advance_index
</UL>
<BR>[Called By]<UL><LI><a href="#[166]">&gt;&gt;</a>&nbsp;&nbsp;&nbsp;tu_fifo_write_n_access_mode
<LI><a href="#[171]">&gt;&gt;</a>&nbsp;&nbsp;&nbsp;tu_fifo_read_n_access_mode
</UL>

<P><STRONG><a name="[178]"></a>hwff_push_n</STRONG> (Thumb, 434 bytes, Stack size 64 bytes, tusb_fifo.o(.text.hwff_push_n))
<BR><BR>[Stack]<UL><LI>Max Depth = 144<LI>Call Chain = hwff_push_n &rArr; tu_hwfifo_read
</UL>
<BR>[Calls]<UL><LI><a href="#[176]">&gt;&gt;</a>&nbsp;&nbsp;&nbsp;tu_hwfifo_read
</UL>
<BR>[Called By]<UL><LI><a href="#[166]">&gt;&gt;</a>&nbsp;&nbsp;&nbsp;tu_fifo_write_n_access_mode
</UL>

<P><STRONG><a name="[175]"></a>ff_push_n</STRONG> (Thumb, 122 bytes, Stack size 32 bytes, tusb_fifo.o(.text.ff_push_n))
<BR><BR>[Stack]<UL><LI>Max Depth = 32<LI>Call Chain = ff_push_n
</UL>
<BR>[Calls]<UL><LI><a href="#[155]">&gt;&gt;</a>&nbsp;&nbsp;&nbsp;__aeabi_memcpy
</UL>
<BR>[Called By]<UL><LI><a href="#[166]">&gt;&gt;</a>&nbsp;&nbsp;&nbsp;tu_fifo_write_n_access_mode
</UL>

<P><STRONG><a name="[1b2]"></a>usbd_reset</STRONG> (Thumb, 24 bytes, Stack size 16 bytes, usbd.o(.text.usbd_reset))
<BR><BR>[Stack]<UL><LI>Max Depth = 56 + Unknown Stack Size
<LI>Call Chain = usbd_reset &rArr; configuration_reset
</UL>
<BR>[Calls]<UL><LI><a href="#[1b9]">&gt;&gt;</a>&nbsp;&nbsp;&nbsp;usbd_control_reset
<LI><a href="#[152]">&gt;&gt;</a>&nbsp;&nbsp;&nbsp;configuration_reset
</UL>
<BR>[Called By]<UL><LI><a href="#[17d]">&gt;&gt;</a>&nbsp;&nbsp;&nbsp;tud_task_ext
</UL>

<P><STRONG><a name="[18b]"></a>process_control_request</STRONG> (Thumb, 1778 bytes, Stack size 136 bytes, usbd.o(.text.process_control_request))
<BR><BR>[Stack]<UL><LI>Max Depth = 816 + Unknown Stack Size
<LI>Call Chain = process_control_request &rArr; process_get_descriptor &rArr; tud_control_xfer &rArr; data_stage_xact &rArr; usbd_edpt_xfer &rArr; dcd_edpt_xfer &rArr; edpt_xfer &rArr; dcd_transmit_packet &rArr; tu_fifo_read_n_access_mode &rArr; tu_fifo_peek_n_access_mode &rArr; hwff_pull_n &rArr; tu_hwfifo_write
</UL>
<BR>[Calls]<UL><LI><a href="#[196]">&gt;&gt;</a>&nbsp;&nbsp;&nbsp;usbd_edpt_stall
<LI><a href="#[195]">&gt;&gt;</a>&nbsp;&nbsp;&nbsp;usbd_edpt_clear_stall
<LI><a href="#[194]">&gt;&gt;</a>&nbsp;&nbsp;&nbsp;usbd_edpt_stalled
<LI><a href="#[192]">&gt;&gt;</a>&nbsp;&nbsp;&nbsp;tud_control_status
<LI><a href="#[15b]">&gt;&gt;</a>&nbsp;&nbsp;&nbsp;dcd_edpt_close_all
<LI><a href="#[18d]">&gt;&gt;</a>&nbsp;&nbsp;&nbsp;tud_control_xfer
<LI><a href="#[16f]">&gt;&gt;</a>&nbsp;&nbsp;&nbsp;dcd_set_address
<LI><a href="#[18c]">&gt;&gt;</a>&nbsp;&nbsp;&nbsp;usbd_control_set_request
<LI><a href="#[17a]">&gt;&gt;</a>&nbsp;&nbsp;&nbsp;usbd_control_set_complete_callback
<LI><a href="#[18e]">&gt;&gt;</a>&nbsp;&nbsp;&nbsp;dcd_sof_enable
<LI><a href="#[7c]">&gt;&gt;</a>&nbsp;&nbsp;&nbsp;tud_vendor_control_xfer_cb
<LI><a href="#[18f]">&gt;&gt;</a>&nbsp;&nbsp;&nbsp;tud_umount_cb
<LI><a href="#[191]">&gt;&gt;</a>&nbsp;&nbsp;&nbsp;tud_mount_cb
<LI><a href="#[193]">&gt;&gt;</a>&nbsp;&nbsp;&nbsp;process_get_descriptor
<LI><a href="#[190]">&gt;&gt;</a>&nbsp;&nbsp;&nbsp;process_set_config
<LI><a href="#[179]">&gt;&gt;</a>&nbsp;&nbsp;&nbsp;invoke_class_control
<LI><a href="#[152]">&gt;&gt;</a>&nbsp;&nbsp;&nbsp;configuration_reset
</UL>
<BR>[Called By]<UL><LI><a href="#[17d]">&gt;&gt;</a>&nbsp;&nbsp;&nbsp;tud_task_ext
</UL>

<P><STRONG><a name="[152]"></a>configuration_reset</STRONG> (Thumb, 288 bytes, Stack size 40 bytes, usbd.o(.text.configuration_reset))
<BR><BR>[Stack]<UL><LI>Max Depth = 40 + Unknown Stack Size
<LI>Call Chain = configuration_reset
</UL>
<BR>[Calls]<UL><LI><a href="#[153]">&gt;&gt;</a>&nbsp;&nbsp;&nbsp;__aeabi_memclr
</UL>
<BR>[Called By]<UL><LI><a href="#[18b]">&gt;&gt;</a>&nbsp;&nbsp;&nbsp;process_control_request
<LI><a href="#[1b2]">&gt;&gt;</a>&nbsp;&nbsp;&nbsp;usbd_reset
</UL>

<P><STRONG><a name="[179]"></a>invoke_class_control</STRONG> (Thumb, 38 bytes, Stack size 24 bytes, usbd.o(.text.invoke_class_control))
<BR><BR>[Stack]<UL><LI>Max Depth = 28<LI>Call Chain = invoke_class_control &rArr; usbd_control_set_complete_callback
</UL>
<BR>[Calls]<UL><LI><a href="#[17a]">&gt;&gt;</a>&nbsp;&nbsp;&nbsp;usbd_control_set_complete_callback
</UL>
<BR>[Called By]<UL><LI><a href="#[18b]">&gt;&gt;</a>&nbsp;&nbsp;&nbsp;process_control_request
</UL>

<P><STRONG><a name="[190]"></a>process_set_config</STRONG> (Thumb, 738 bytes, Stack size 112 bytes, usbd.o(.text.process_set_config))
<BR><BR>[Stack]<UL><LI>Max Depth = 188<LI>Call Chain = process_set_config &rArr; tu_bind_driver_to_ep_itf
</UL>
<BR>[Calls]<UL><LI><a href="#[199]">&gt;&gt;</a>&nbsp;&nbsp;&nbsp;tud_descriptor_configuration_cb
<LI><a href="#[19f]">&gt;&gt;</a>&nbsp;&nbsp;&nbsp;tu_bind_driver_to_ep_itf
</UL>
<BR>[Called By]<UL><LI><a href="#[18b]">&gt;&gt;</a>&nbsp;&nbsp;&nbsp;process_control_request
</UL>

<P><STRONG><a name="[193]"></a>process_get_descriptor</STRONG> (Thumb, 474 bytes, Stack size 80 bytes, usbd.o(.text.process_get_descriptor))
<BR><BR>[Stack]<UL><LI>Max Depth = 680<LI>Call Chain = process_get_descriptor &rArr; tud_control_xfer &rArr; data_stage_xact &rArr; usbd_edpt_xfer &rArr; dcd_edpt_xfer &rArr; edpt_xfer &rArr; dcd_transmit_packet &rArr; tu_fifo_read_n_access_mode &rArr; tu_fifo_peek_n_access_mode &rArr; hwff_pull_n &rArr; tu_hwfifo_write
</UL>
<BR>[Calls]<UL><LI><a href="#[19b]">&gt;&gt;</a>&nbsp;&nbsp;&nbsp;tud_descriptor_string_cb
<LI><a href="#[199]">&gt;&gt;</a>&nbsp;&nbsp;&nbsp;tud_descriptor_configuration_cb
<LI><a href="#[197]">&gt;&gt;</a>&nbsp;&nbsp;&nbsp;tud_descriptor_device_cb
<LI><a href="#[18d]">&gt;&gt;</a>&nbsp;&nbsp;&nbsp;tud_control_xfer
<LI><a href="#[19a]">&gt;&gt;</a>&nbsp;&nbsp;&nbsp;tud_descriptor_other_speed_configuration_cb
<LI><a href="#[19c]">&gt;&gt;</a>&nbsp;&nbsp;&nbsp;tud_descriptor_device_qualifier_cb
<LI><a href="#[198]">&gt;&gt;</a>&nbsp;&nbsp;&nbsp;tud_descriptor_bos_cb
</UL>
<BR>[Called By]<UL><LI><a href="#[18b]">&gt;&gt;</a>&nbsp;&nbsp;&nbsp;process_control_request
</UL>

<P><STRONG><a name="[1a0]"></a>status_stage_xact</STRONG> (Thumb, 50 bytes, Stack size 24 bytes, usbd_control.o(.text.status_stage_xact))
<BR><BR>[Stack]<UL><LI>Max Depth = 528<LI>Call Chain = status_stage_xact &rArr; usbd_edpt_xfer &rArr; dcd_edpt_xfer &rArr; edpt_xfer &rArr; dcd_transmit_packet &rArr; tu_fifo_read_n_access_mode &rArr; tu_fifo_peek_n_access_mode &rArr; hwff_pull_n &rArr; tu_hwfifo_write
</UL>
<BR>[Calls]<UL><LI><a href="#[156]">&gt;&gt;</a>&nbsp;&nbsp;&nbsp;usbd_edpt_xfer
</UL>
<BR>[Called By]<UL><LI><a href="#[192]">&gt;&gt;</a>&nbsp;&nbsp;&nbsp;tud_control_status
<LI><a href="#[18d]">&gt;&gt;</a>&nbsp;&nbsp;&nbsp;tud_control_xfer
<LI><a href="#[1b3]">&gt;&gt;</a>&nbsp;&nbsp;&nbsp;usbd_control_xfer_cb
</UL>

<P><STRONG><a name="[154]"></a>data_stage_xact</STRONG> (Thumb, 294 bytes, Stack size 48 bytes, usbd_control.o(.text.data_stage_xact))
<BR><BR>[Stack]<UL><LI>Max Depth = 552<LI>Call Chain = data_stage_xact &rArr; usbd_edpt_xfer &rArr; dcd_edpt_xfer &rArr; edpt_xfer &rArr; dcd_transmit_packet &rArr; tu_fifo_read_n_access_mode &rArr; tu_fifo_peek_n_access_mode &rArr; hwff_pull_n &rArr; tu_hwfifo_write
</UL>
<BR>[Calls]<UL><LI><a href="#[155]">&gt;&gt;</a>&nbsp;&nbsp;&nbsp;__aeabi_memcpy
<LI><a href="#[156]">&gt;&gt;</a>&nbsp;&nbsp;&nbsp;usbd_edpt_xfer
</UL>
<BR>[Called By]<UL><LI><a href="#[18d]">&gt;&gt;</a>&nbsp;&nbsp;&nbsp;tud_control_xfer
<LI><a href="#[1b3]">&gt;&gt;</a>&nbsp;&nbsp;&nbsp;usbd_control_xfer_cb
</UL>

<P><STRONG><a name="[16a]"></a>handle_bus_reset</STRONG> (Thumb, 120 bytes, Stack size 16 bytes, dcd_stm32_fsdev.o(.text.handle_bus_reset))
<BR><BR>[Stack]<UL><LI>Max Depth = 176<LI>Call Chain = handle_bus_reset &rArr; edpt0_open &rArr; dcd_pma_alloc &rArr; pma_align_buffer_size
</UL>
<BR>[Calls]<UL><LI><a href="#[173]">&gt;&gt;</a>&nbsp;&nbsp;&nbsp;edpt0_open
</UL>
<BR>[Called By]<UL><LI><a href="#[14f]">&gt;&gt;</a>&nbsp;&nbsp;&nbsp;dcd_int_handler
<LI><a href="#[168]">&gt;&gt;</a>&nbsp;&nbsp;&nbsp;dcd_init
</UL>

<P><STRONG><a name="[173]"></a>edpt0_open</STRONG> (Thumb, 518 bytes, Stack size 96 bytes, dcd_stm32_fsdev.o(.text.edpt0_open))
<BR><BR>[Stack]<UL><LI>Max Depth = 160<LI>Call Chain = edpt0_open &rArr; dcd_pma_alloc &rArr; pma_align_buffer_size
</UL>
<BR>[Calls]<UL><LI><a href="#[150]">&gt;&gt;</a>&nbsp;&nbsp;&nbsp;btable_set_rx_bufsize
<LI><a href="#[160]">&gt;&gt;</a>&nbsp;&nbsp;&nbsp;dcd_pma_alloc
<LI><a href="#[15f]">&gt;&gt;</a>&nbsp;&nbsp;&nbsp;dcd_ep_alloc
<LI><a href="#[15a]">&gt;&gt;</a>&nbsp;&nbsp;&nbsp;__NVIC_EnableIRQ
<LI><a href="#[159]">&gt;&gt;</a>&nbsp;&nbsp;&nbsp;__NVIC_DisableIRQ
</UL>
<BR>[Called By]<UL><LI><a href="#[16a]">&gt;&gt;</a>&nbsp;&nbsp;&nbsp;handle_bus_reset
</UL>

<P><STRONG><a name="[163]"></a>edpt_xfer</STRONG> (Thumb, 504 bytes, Stack size 72 bytes, dcd_stm32_fsdev.o(.text.edpt_xfer))
<BR><BR>[Stack]<UL><LI>Max Depth = 432<LI>Call Chain = edpt_xfer &rArr; dcd_transmit_packet &rArr; tu_fifo_read_n_access_mode &rArr; tu_fifo_peek_n_access_mode &rArr; hwff_pull_n &rArr; tu_hwfifo_write
</UL>
<BR>[Calls]<UL><LI><a href="#[150]">&gt;&gt;</a>&nbsp;&nbsp;&nbsp;btable_set_rx_bufsize
<LI><a href="#[170]">&gt;&gt;</a>&nbsp;&nbsp;&nbsp;dcd_transmit_packet
<LI><a href="#[15a]">&gt;&gt;</a>&nbsp;&nbsp;&nbsp;__NVIC_EnableIRQ
<LI><a href="#[159]">&gt;&gt;</a>&nbsp;&nbsp;&nbsp;__NVIC_DisableIRQ
</UL>
<BR>[Called By]<UL><LI><a href="#[164]">&gt;&gt;</a>&nbsp;&nbsp;&nbsp;dcd_edpt_xfer_fifo
<LI><a href="#[162]">&gt;&gt;</a>&nbsp;&nbsp;&nbsp;dcd_edpt_xfer
</UL>

<P><STRONG><a name="[16c]"></a>handle_ctr_setup</STRONG> (Thumb, 456 bytes, Stack size 104 bytes, dcd_stm32_fsdev.o(.text.handle_ctr_setup))
<BR><BR>[Stack]<UL><LI>Max Depth = 536<LI>Call Chain = handle_ctr_setup &rArr; dcd_event_handler &rArr; tu_fifo_write_n_access_mode &rArr; hwff_push_n &rArr; tu_hwfifo_read
</UL>
<BR>[Calls]<UL><LI><a href="#[150]">&gt;&gt;</a>&nbsp;&nbsp;&nbsp;btable_set_rx_bufsize
<LI><a href="#[15a]">&gt;&gt;</a>&nbsp;&nbsp;&nbsp;__NVIC_EnableIRQ
<LI><a href="#[159]">&gt;&gt;</a>&nbsp;&nbsp;&nbsp;__NVIC_DisableIRQ
<LI><a href="#[165]">&gt;&gt;</a>&nbsp;&nbsp;&nbsp;dcd_event_handler
<LI><a href="#[176]">&gt;&gt;</a>&nbsp;&nbsp;&nbsp;tu_hwfifo_read
</UL>
<BR>[Called By]<UL><LI><a href="#[14f]">&gt;&gt;</a>&nbsp;&nbsp;&nbsp;dcd_int_handler
</UL>

<P><STRONG><a name="[159]"></a>__NVIC_DisableIRQ</STRONG> (Thumb, 56 bytes, Stack size 4 bytes, dcd_stm32_fsdev.o(.text.__NVIC_DisableIRQ))
<BR><BR>[Stack]<UL><LI>Max Depth = 4<LI>Call Chain = __NVIC_DisableIRQ
</UL>
<BR>[Called By]<UL><LI><a href="#[14f]">&gt;&gt;</a>&nbsp;&nbsp;&nbsp;dcd_int_handler
<LI><a href="#[170]">&gt;&gt;</a>&nbsp;&nbsp;&nbsp;dcd_transmit_packet
<LI><a href="#[16d]">&gt;&gt;</a>&nbsp;&nbsp;&nbsp;handle_ctr_rx
<LI><a href="#[16c]">&gt;&gt;</a>&nbsp;&nbsp;&nbsp;handle_ctr_setup
<LI><a href="#[163]">&gt;&gt;</a>&nbsp;&nbsp;&nbsp;edpt_xfer
<LI><a href="#[173]">&gt;&gt;</a>&nbsp;&nbsp;&nbsp;edpt0_open
<LI><a href="#[158]">&gt;&gt;</a>&nbsp;&nbsp;&nbsp;dcd_edpt_clear_stall
<LI><a href="#[15e]">&gt;&gt;</a>&nbsp;&nbsp;&nbsp;dcd_edpt_open
<LI><a href="#[15b]">&gt;&gt;</a>&nbsp;&nbsp;&nbsp;dcd_edpt_close_all
<LI><a href="#[161]">&gt;&gt;</a>&nbsp;&nbsp;&nbsp;dcd_edpt_stall
<LI><a href="#[15c]">&gt;&gt;</a>&nbsp;&nbsp;&nbsp;dcd_int_disable
</UL>

<P><STRONG><a name="[15a]"></a>__NVIC_EnableIRQ</STRONG> (Thumb, 48 bytes, Stack size 4 bytes, dcd_stm32_fsdev.o(.text.__NVIC_EnableIRQ))
<BR><BR>[Stack]<UL><LI>Max Depth = 4<LI>Call Chain = __NVIC_EnableIRQ
</UL>
<BR>[Called By]<UL><LI><a href="#[14f]">&gt;&gt;</a>&nbsp;&nbsp;&nbsp;dcd_int_handler
<LI><a href="#[170]">&gt;&gt;</a>&nbsp;&nbsp;&nbsp;dcd_transmit_packet
<LI><a href="#[16d]">&gt;&gt;</a>&nbsp;&nbsp;&nbsp;handle_ctr_rx
<LI><a href="#[16c]">&gt;&gt;</a>&nbsp;&nbsp;&nbsp;handle_ctr_setup
<LI><a href="#[163]">&gt;&gt;</a>&nbsp;&nbsp;&nbsp;edpt_xfer
<LI><a href="#[173]">&gt;&gt;</a>&nbsp;&nbsp;&nbsp;edpt0_open
<LI><a href="#[158]">&gt;&gt;</a>&nbsp;&nbsp;&nbsp;dcd_edpt_clear_stall
<LI><a href="#[15e]">&gt;&gt;</a>&nbsp;&nbsp;&nbsp;dcd_edpt_open
<LI><a href="#[15b]">&gt;&gt;</a>&nbsp;&nbsp;&nbsp;dcd_edpt_close_all
<LI><a href="#[161]">&gt;&gt;</a>&nbsp;&nbsp;&nbsp;dcd_edpt_stall
<LI><a href="#[15d]">&gt;&gt;</a>&nbsp;&nbsp;&nbsp;dcd_int_enable
</UL>

<P><STRONG><a name="[16d]"></a>handle_ctr_rx</STRONG> (Thumb, 804 bytes, Stack size 168 bytes, dcd_stm32_fsdev.o(.text.handle_ctr_rx))
<BR><BR>[Stack]<UL><LI>Max Depth = 600<LI>Call Chain = handle_ctr_rx &rArr; dcd_event_handler &rArr; tu_fifo_write_n_access_mode &rArr; hwff_push_n &rArr; tu_hwfifo_read
</UL>
<BR>[Calls]<UL><LI><a href="#[150]">&gt;&gt;</a>&nbsp;&nbsp;&nbsp;btable_set_rx_bufsize
<LI><a href="#[15a]">&gt;&gt;</a>&nbsp;&nbsp;&nbsp;__NVIC_EnableIRQ
<LI><a href="#[159]">&gt;&gt;</a>&nbsp;&nbsp;&nbsp;__NVIC_DisableIRQ
<LI><a href="#[165]">&gt;&gt;</a>&nbsp;&nbsp;&nbsp;dcd_event_handler
<LI><a href="#[176]">&gt;&gt;</a>&nbsp;&nbsp;&nbsp;tu_hwfifo_read
<LI><a href="#[166]">&gt;&gt;</a>&nbsp;&nbsp;&nbsp;tu_fifo_write_n_access_mode
</UL>
<BR>[Called By]<UL><LI><a href="#[14f]">&gt;&gt;</a>&nbsp;&nbsp;&nbsp;dcd_int_handler
</UL>

<P><STRONG><a name="[16e]"></a>handle_ctr_tx</STRONG> (Thumb, 324 bytes, Stack size 80 bytes, dcd_stm32_fsdev.o(.text.handle_ctr_tx))
<BR><BR>[Stack]<UL><LI>Max Depth = 512<LI>Call Chain = handle_ctr_tx &rArr; dcd_event_handler &rArr; tu_fifo_write_n_access_mode &rArr; hwff_push_n &rArr; tu_hwfifo_read
</UL>
<BR>[Calls]<UL><LI><a href="#[170]">&gt;&gt;</a>&nbsp;&nbsp;&nbsp;dcd_transmit_packet
<LI><a href="#[165]">&gt;&gt;</a>&nbsp;&nbsp;&nbsp;dcd_event_handler
</UL>
<BR>[Called By]<UL><LI><a href="#[14f]">&gt;&gt;</a>&nbsp;&nbsp;&nbsp;dcd_int_handler
</UL>

<P><STRONG><a name="[170]"></a>dcd_transmit_packet</STRONG> (Thumb, 658 bytes, Stack size 136 bytes, dcd_stm32_fsdev.o(.text.dcd_transmit_packet))
<BR><BR>[Stack]<UL><LI>Max Depth = 360<LI>Call Chain = dcd_transmit_packet &rArr; tu_fifo_read_n_access_mode &rArr; tu_fifo_peek_n_access_mode &rArr; hwff_pull_n &rArr; tu_hwfifo_write
</UL>
<BR>[Calls]<UL><LI><a href="#[15a]">&gt;&gt;</a>&nbsp;&nbsp;&nbsp;__NVIC_EnableIRQ
<LI><a href="#[159]">&gt;&gt;</a>&nbsp;&nbsp;&nbsp;__NVIC_DisableIRQ
<LI><a href="#[172]">&gt;&gt;</a>&nbsp;&nbsp;&nbsp;tu_hwfifo_write
<LI><a href="#[171]">&gt;&gt;</a>&nbsp;&nbsp;&nbsp;tu_fifo_read_n_access_mode
</UL>
<BR>[Called By]<UL><LI><a href="#[16e]">&gt;&gt;</a>&nbsp;&nbsp;&nbsp;handle_ctr_tx
<LI><a href="#[163]">&gt;&gt;</a>&nbsp;&nbsp;&nbsp;edpt_xfer
</UL>

<P><STRONG><a name="[15f]"></a>dcd_ep_alloc</STRONG> (Thumb, 486 bytes, Stack size 16 bytes, dcd_stm32_fsdev.o(.text.dcd_ep_alloc))
<BR><BR>[Stack]<UL><LI>Max Depth = 16<LI>Call Chain = dcd_ep_alloc
</UL>
<BR>[Called By]<UL><LI><a href="#[173]">&gt;&gt;</a>&nbsp;&nbsp;&nbsp;edpt0_open
<LI><a href="#[15e]">&gt;&gt;</a>&nbsp;&nbsp;&nbsp;dcd_edpt_open
</UL>

<P><STRONG><a name="[160]"></a>dcd_pma_alloc</STRONG> (Thumb, 166 bytes, Stack size 32 bytes, dcd_stm32_fsdev.o(.text.dcd_pma_alloc))
<BR><BR>[Stack]<UL><LI>Max Depth = 64<LI>Call Chain = dcd_pma_alloc &rArr; pma_align_buffer_size
</UL>
<BR>[Calls]<UL><LI><a href="#[151]">&gt;&gt;</a>&nbsp;&nbsp;&nbsp;pma_align_buffer_size
</UL>
<BR>[Called By]<UL><LI><a href="#[173]">&gt;&gt;</a>&nbsp;&nbsp;&nbsp;edpt0_open
<LI><a href="#[15e]">&gt;&gt;</a>&nbsp;&nbsp;&nbsp;dcd_edpt_open
</UL>
<P>
<H3>
Undefined Global Symbols
</H3><HR></body></html>
